04-04 14:32:10.372  9425  9428 E IHansComunication: HANS printMessageBody: RCV message: type = 0,port = 86870,caller_pid = 2145,caller_uid = 1000,target_pid = 20904,target_uid = 10102,pkg_cmd = -1,rpc = android.app.IApplicationThread/22
04-04 14:32:10.375  9425  9428 E IHansComunication: HANS printMessageBody: RCV message: type = 0,port = 86870,caller_pid = 2145,caller_uid = 1000,target_pid = 12478,target_uid = 10239,pkg_cmd = -1,rpc = android.app.IApplicationThread/22
04-04 14:32:10.375  9425  9428 E IHansComunication: HANS printMessageBody: RCV message: type = 0,port = 86870,caller_pid = 2145,caller_uid = 1000,target_pid = 15003,target_uid = 10239,pkg_cmd = -1,rpc = android.app.IApplicationThread/22
04-04 14:32:10.376  9425  9428 E IHansComunication: HANS printMessageBody: RCV message: type = 0,port = 86870,caller_pid = 2145,caller_uid = 1000,target_pid = 8430,target_uid = 10626,pkg_cmd = -1,rpc = android.app.IApplicationThread/22
04-04 14:32:10.377  9425  9428 E IHansComunication: HANS printMessageBody: RCV message: type = 0,port = 86870,caller_pid = 2145,caller_uid = 1000,target_pid = 8422,target_uid = 10621,pkg_cmd = -1,rpc = android.app.IApplicationThread/22
04-04 14:32:10.404  6369  6369 E OplusQConfigSetting: not whitelist com.heytap.themestore
04-04 14:32:10.478 26246 26246 E ComponentFactory: instantiate-service: com.coloros.gamespaceui.service.PackageChangedService
04-04 14:32:10.503 21409 21409 E os.phonemanager: Unknown bits set in runtime_flags: 0x40000000
04-04 14:32:10.506  9425  9428 E IHansComunication: HANS printMessageBody: RCV message: type = 0,port = 86870,caller_pid = 2145,caller_uid = 1000,target_pid = 12478,target_uid = 10239,pkg_cmd = -1,rpc = android.app.IApplicationThread/22
04-04 14:32:10.506  9425  9428 E IHansComunication: HANS printMessageBody: RCV message: type = 0,port = 86870,caller_pid = 2145,caller_uid = 1000,target_pid = 15003,target_uid = 10239,pkg_cmd = -1,rpc = android.app.IApplicationThread/22
04-04 14:32:10.507 21409 21409 E os.phonemanager: Not starting debugger since process cannot load the jdwp agent.
04-04 14:32:10.512  9425  9428 E IHansComunication: HANS printMessageBody: RCV message: type = 0,port = 86870,caller_pid = 2145,caller_uid = 1000,target_pid = 8430,target_uid = 10626,pkg_cmd = -1,rpc = android.app.IApplicationThread/22
04-04 14:32:10.513  9425  9428 E IHansComunication: HANS printMessageBody: RCV message: type = 0,port = 86870,caller_pid = 2145,caller_uid = 1000,target_pid = 8422,target_uid = 10621,pkg_cmd = -1,rpc = android.app.IApplicationThread/22
04-04 14:32:10.561 19831 19894 E OpenID  : com.heytap.mcs:3143:ret:T
04-04 14:32:10.563 19831 19894 E OpenID  : com.heytap.mcs:3141:ret:T
04-04 14:32:10.564 19831 19894 E OpenID  : com.heytap.mcs:3142:ret:T
04-04 14:32:10.588  1160  1294 E ANDR-PERF-LM: FeatureState: deleteRow() 208: Entry not found in db
04-04 14:32:10.592  6369  6369 E OplusQConfigSetting: not whitelist com.heytap.themestore
04-04 14:32:10.607  2145  4449 E system_server: No package ID 7f found for ID 0x7f080bab.
04-04 14:32:10.607  2145  4449 E system_server: No package ID 7f found for ID 0x7f120547.
04-04 14:32:10.607  2145  4449 E system_server: No package ID 7f found for ID 0x7f120547.
04-04 14:32:10.607  2145  4449 E system_server: No package ID 7f found for ID 0x7f120547.
04-04 14:32:10.607  2145  4449 E system_server: No package ID 7f found for ID 0x7f080ba9.
04-04 14:32:10.607  2145  4449 E system_server: No package ID 7f found for ID 0x7f12088e.
04-04 14:32:10.607  2145  4449 E system_server: No package ID 7f found for ID 0x7f12088e.
04-04 14:32:10.607  2145  4449 E system_server: No package ID 7f found for ID 0x7f12088e.
04-04 14:32:10.607  2145  4449 E system_server: No package ID 7f found for ID 0x7f080baa.
04-04 14:32:10.607  2145  4449 E system_server: No package ID 7f found for ID 0x7f1207f4.
04-04 14:32:10.607  2145  4449 E system_server: No package ID 7f found for ID 0x7f1207f4.
04-04 14:32:10.607  2145  4449 E system_server: No package ID 7f found for ID 0x7f1207f4.
04-04 14:32:10.620 21436 21436 E ndroid.keychain: Unknown bits set in runtime_flags: 0x40000000
04-04 14:32:10.624 21436 21436 E ndroid.keychain: Not starting debugger since process cannot load the jdwp agent.
04-04 14:32:10.697 26246 26246 E ComponentFactory: instantiate-service: com.coloros.gamespaceui.service.PackageChangedService
04-04 14:32:10.699 13327 13533 E AstScreen.vi6: miniProgramSupported error println needs a message
04-04 14:32:10.711  9425  9428 E IHansComunication: HANS printMessageBody: RCV message: type = 0,port = 86870,caller_pid = 2145,caller_uid = 1000,target_pid = 12478,target_uid = 10239,pkg_cmd = -1,rpc = android.app.IApplicationThread/22
04-04 14:32:10.713  9425  9428 E IHansComunication: HANS printMessageBody: RCV message: type = 0,port = 86870,caller_pid = 2145,caller_uid = 1000,target_pid = 15003,target_uid = 10239,pkg_cmd = -1,rpc = android.app.IApplicationThread/22
04-04 14:32:10.730  9425  9428 E IHansComunication: HANS printMessageBody: RCV message: type = 0,port = 86870,caller_pid = 2145,caller_uid = 1000,target_pid = 8430,target_uid = 10626,pkg_cmd = -1,rpc = android.app.IApplicationThread/22
04-04 14:32:10.730  9425  9428 E IHansComunication: HANS printMessageBody: RCV message: type = 0,port = 86870,caller_pid = 2145,caller_uid = 1000,target_pid = 8422,target_uid = 10621,pkg_cmd = -1,rpc = android.app.IApplicationThread/22
04-04 14:32:10.748  6369  6369 E OplusQConfigSetting: not whitelist com.heytap.themestore
04-04 14:32:10.776  6502 21460 E AF.SDK.XmlReader: No meta data found with key: AccessoryServicesLocation in com.heytap.themestore
04-04 14:32:10.776  6502 21460 E AF.SDK.k: No meta data found with key:AccessoryServicesLocation
04-04 14:32:10.814  9425  9428 E IHansComunication: HANS printMessageBody: RCV message: type = 0,port = 86870,caller_pid = 2145,caller_uid = 1000,target_pid = 12478,target_uid = 10239,pkg_cmd = -1,rpc = android.app.IApplicationThread/22
04-04 14:32:10.814  9425  9428 E IHansComunication: HANS printMessageBody: RCV message: type = 0,port = 86870,caller_pid = 2145,caller_uid = 1000,target_pid = 15003,target_uid = 10239,pkg_cmd = -1,rpc = android.app.IApplicationThread/22
04-04 14:32:10.816  9425  9428 E IHansComunication: HANS printMessageBody: RCV message: type = 0,port = 86870,caller_pid = 2145,caller_uid = 1000,target_pid = 8430,target_uid = 10626,pkg_cmd = -1,rpc = android.app.IApplicationThread/22
04-04 14:32:10.816  9425  9428 E IHansComunication: HANS printMessageBody: RCV message: type = 0,port = 86870,caller_pid = 2145,caller_uid = 1000,target_pid = 8422,target_uid = 10621,pkg_cmd = -1,rpc = android.app.IApplicationThread/22
04-04 14:32:10.845 26246 26246 E ComponentFactory: instantiate-service: com.coloros.gamespaceui.service.PackageChangedService
04-04 14:32:10.871  9425  9428 E IHansComunication: HANS printMessageBody: RCV message: type = 0,port = 86870,caller_pid = 2145,caller_uid = 1000,target_pid = 12478,target_uid = 10239,pkg_cmd = -1,rpc = android.app.IApplicationThread/22
04-04 14:32:10.872  9425  9428 E IHansComunication: HANS printMessageBody: RCV message: type = 0,port = 86870,caller_pid = 2145,caller_uid = 1000,target_pid = 15003,target_uid = 10239,pkg_cmd = -1,rpc = android.app.IApplicationThread/22
04-04 14:32:10.884  9425  9428 E IHansComunication: HANS printMessageBody: RCV message: type = 0,port = 86870,caller_pid = 2145,caller_uid = 1000,target_pid = 8430,target_uid = 10626,pkg_cmd = -1,rpc = android.app.IApplicationThread/22
04-04 14:32:10.884  9425  9428 E IHansComunication: HANS printMessageBody: RCV message: type = 0,port = 86870,caller_pid = 2145,caller_uid = 1000,target_pid = 8422,target_uid = 10621,pkg_cmd = -1,rpc = android.app.IApplicationThread/22
04-04 14:32:10.892  6285  6771 E NfcApduServiceInfo: SE extension not present, Setting default offhost seID
04-04 14:32:10.919  1682 22573 E installd: Couldn't opendir /data/app/vmdl1328934141.tmp: No such file or directory
04-04 14:32:10.919  1682 22573 E installd: Failed to delete /data/app/vmdl1328934141.tmp: No such file or directory
04-04 14:32:10.944  2145  2330 E VerityUtils: Failed to measure fs-verity, errno 1: /data/app/~~6F__dAC7Ki3uf5QBAgn4Hg==/com.heytap.themestore-V9rCrUOIg1BoM8EU1Kq1mw==/base.apk
04-04 14:32:11.028  2145  8699 E OplusCustomizeRestrictionManagerService: isBiometricDisabled start
04-04 14:32:11.028  2145  3351 E OplusCustomizeRestrictionManagerService: isBiometricDisabled start
04-04 14:32:11.191 21516 21516 E com.oplus.dmp: Unknown bits set in runtime_flags: 0x40000000
04-04 14:32:11.196 21516 21516 E com.oplus.dmp: Not starting debugger since process cannot load the jdwp agent.
04-04 14:32:11.339   703   703 E ANDR-IOP: IIop:: Iop HAL Service is not available.
04-04 14:32:11.455 21547 21547 E pthinker:worker: Unknown bits set in runtime_flags: 0x40000000
04-04 14:32:11.458 21547 21547 E pthinker:worker: Not starting debugger since process cannot load the jdwp agent.
04-04 14:32:11.548 21574 21574 E ros.familyguard: Unknown bits set in runtime_flags: 0x40000000
04-04 14:32:11.568 21574 21574 E ros.familyguard: Not starting debugger since process cannot load the jdwp agent.
04-04 14:32:11.585 21752 21752 E ModemAciService: CatchException oemModemAci2OplusModemAci():java.lang.IndexOutOfBoundsException: Index: 107, Size: 103
04-04 14:32:11.656  1160  1294 E ANDR-PERF-LM: MetaMeter: handleAsync() 166: AdaptLaunch Invalid Async
04-04 14:32:11.750  9425  9428 E IHansComunication: HANS printMessageBody: RCV message: type = 1,port = 86870,caller_pid = 13327,caller_uid = 10094,target_pid = 20902,target_uid = 10240,pkg_cmd = -1,rpc = SYNC_BINDER/-1
04-04 14:32:11.943  2145  2330 E VerityUtils: Failed to measure fs-verity, errno 1: /data/app/~~6F__dAC7Ki3uf5QBAgn4Hg==/com.heytap.themestore-V9rCrUOIg1BoM8EU1Kq1mw==/base.apk
04-04 14:32:11.983 21617 21617 E loros.shortcuts: Unknown bits set in runtime_flags: 0x40000000
04-04 14:32:11.988 21617 21617 E loros.shortcuts: Not starting debugger since process cannot load the jdwp agent.
04-04 14:32:12.057 21409 21641 E PhoneManager.DataBaseConfigs:  getCtaUpdateServiceSwitch() exception : android.provider.Settings$SettingNotFoundException: oppo_cta_update_service
04-04 14:32:12.207 21409 21641 E PhoneManager.FileDeleteUtils:  readFailListFromFile FileNotFoundException
04-04 14:32:12.302 21574 21698 E FamilyGuard__OauthManager: updateOauthCode never oauth
04-04 14:32:12.303 21574 21699 E FamilyGuard__ApkInfoHelper: getApplicationInfo eexception:android.content.pm.PackageManager$NameNotFoundException: com.coloros.mcs
04-04 14:32:12.304 21574 21699 E FamilyGuard: isInstalled exception android.content.pm.PackageManager$NameNotFoundException: com.oplus.ai.assistant.extend
04-04 14:32:12.305 21574 21699 E FamilyGuard: isInstalled exception android.content.pm.PackageManager$NameNotFoundException: com.oplus.ai.assistant.extend
04-04 14:32:12.383 21574 21714 E HMSSDK_HMSPackageManager: resolveInfoList is null or empty
04-04 14:32:12.383 21574 21714 E HMSSDK_HMSPackageManager: PackagePriorityInfo list is null
04-04 14:32:12.384 21574 21714 E HMSSDK_HMSPackageManager: <initHmsPackageInfoForMultiService> Failed to find HMS apk
04-04 14:32:12.623 19831 21191 E OpenID  : com.coloros.familyguard:3002
04-04 14:32:12.623 19831 21191 E OpenID  : com.coloros.familyguard:3140:ret:F
04-04 14:32:12.624 19831 21191 E OpenID  : com.coloros.familyguard:3141:ret:T
04-04 14:32:12.624 19831 21191 E OpenID  : com.coloros.familyguard:3142:ret:T
04-04 14:32:12.637 21737 21737 E ros.sharescreen: Unknown bits set in runtime_flags: 0x40000000
04-04 14:32:12.640 21737 21737 E ros.sharescreen: Not starting debugger since process cannot load the jdwp agent.
04-04 14:32:15.550 19831 21191 E OpenID  : com.heytap.market:3141:ret:T
04-04 14:32:16.109  6285  6285 E VendorNfcService: changeNfcState: WIRELESS_CHARGING is disable; mIsWirelessCharging: false; mIsReverseChargingSwitchOpen: false
04-04 14:32:17.578  9425  9428 E IHansComunication: HANS printMessageBody: RCV message: type = 4,port = 86870,caller_pid = -1,caller_uid = -1,target_pid = -1,target_uid = 10240,pkg_cmd = -1,rpc = PKG/-1
04-04 14:32:19.588  2145  4461 E OplusNetworkStatsNative: bpfGetAppPurStatsTotal return 0
04-04 14:32:21.251  6285  6285 E VendorNfcService: changeNfcState: WIRELESS_CHARGING is disable; mIsWirelessCharging: false; mIsReverseChargingSwitchOpen: false
04-04 14:32:21.951   969 13733 E netd    : dispachCmd:destroyAllSocketForUid
04-04 14:32:21.951   969 13733 E netd    : destroyAllSocketForUid:10197
04-04 14:32:21.961   969 13733 E netd    : dispachCmd cmd:destroyAllSocketForUid  result:success
04-04 14:32:27.113  6285  6285 E VendorNfcService: changeNfcState: WIRELESS_CHARGING is disable; mIsWirelessCharging: false; mIsReverseChargingSwitchOpen: false
04-04 14:32:29.598  2145  4461 E OplusNetworkStatsNative: bpfGetAppPurStatsTotal return 0
04-04 14:32:31.790 21802 21802 E oplus.dmp:index: Unknown bits set in runtime_flags: 0x40000000
04-04 14:32:31.793 21802 21802 E oplus.dmp:index: Not starting debugger since process cannot load the jdwp agent.
04-04 14:32:31.923 21802 21823 E DMP-RUSManager: getConfigFromRUS failed, count:0
04-04 14:32:31.931 21802 21827 E ActivityThread: Failed to find provider info for com.oplus.metis.dmp.daemon
04-04 14:32:31.931 21802 21823 E DMP-JsonFileReader: Empty fileContent.
04-04 14:32:32.164 19567 12335 E RemoteGuardClient.DWB.ActivityMonitor: onProcessDied com.oplus.deepthinker pid = 21547 uid = 10362
04-04 14:32:32.178  9425  9428 E IHansComunication: HANS printMessageBody: RCV message: type = 0,port = 86870,caller_pid = 2145,caller_uid = 1000,target_pid = 8422,target_uid = 10621,pkg_cmd = -1,rpc = android.app.IApplicationThread/31
04-04 14:32:32.178  9425  9428 E IHansComunication: HANS printMessageBody: RCV message: type = 0,port = 86870,caller_pid = 2145,caller_uid = 1000,target_pid = 8430,target_uid = 10626,pkg_cmd = -1,rpc = android.app.IApplicationThread/31
04-04 14:32:32.178  9425  9428 E IHansComunication: HANS printMessageBody: RCV message: type = 0,port = 86870,caller_pid = 2145,caller_uid = 1000,target_pid = 15003,target_uid = 10239,pkg_cmd = -1,rpc = android.app.IApplicationThread/31
04-04 14:32:32.178  9425  9428 E IHansComunication: HANS printMessageBody: RCV message: type = 0,port = 86870,caller_pid = 2145,caller_uid = 1000,target_pid = 12478,target_uid = 10239,pkg_cmd = -1,rpc = android.app.IApplicationThread/31
04-04 14:32:32.178  9425  9428 E IHansComunication: HANS printMessageBody: RCV message: type = 0,port = 86870,caller_pid = 2145,caller_uid = 1000,target_pid = 20530,target_uid = 10240,pkg_cmd = -1,rpc = android.app.IApplicationThread/31
04-04 14:32:32.178  9425  9428 E IHansComunication: HANS printMessageBody: RCV message: type = 0,port = 86870,caller_pid = 2145,caller_uid = 1000,target_pid = 20902,target_uid = 10240,pkg_cmd = -1,rpc = android.app.IApplicationThread/31
04-04 14:32:32.178  9425  9428 E IHansComunication: HANS printMessageBody: RCV message: type = 0,port = 86870,caller_pid = 2145,caller_uid = 1000,target_pid = 20904,target_uid = 10102,pkg_cmd = -1,rpc = android.app.IApplicationThread/31
04-04 14:32:32.178  9425  9428 E IHansComunication: HANS printMessageBody: RCV message: type = 0,port = 86870,caller_pid = 2145,caller_uid = 1000,target_pid = 21574,target_uid = 10182,pkg_cmd = -1,rpc = android.app.IApplicationThread/31
04-04 14:32:32.180  9425  9428 E IHansComunication: HANS printMessageBody: RCV message: type = 0,port = 86870,caller_pid = 2145,caller_uid = 1000,target_pid = 21617,target_uid = 10197,pkg_cmd = -1,rpc = android.app.IApplicationThread/31
04-04 14:32:32.181 19950 19950 E QSKeepAliveManager: onTrimMemory level: 5 mHasInit:true  mHasUi:false
04-04 14:32:32.220  6285  6285 E VendorNfcService: changeNfcState: WIRELESS_CHARGING is disable; mIsWirelessCharging: false; mIsReverseChargingSwitchOpen: false
04-04 14:32:37.209  9425  9428 E IHansComunication: HANS printMessageBody: RCV message: type = 4,port = 86870,caller_pid = -1,caller_uid = -1,target_pid = -1,target_uid = 10102,pkg_cmd = -1,rpc = PKG/-1
04-04 14:32:38.129  6285  6285 E VendorNfcService: changeNfcState: WIRELESS_CHARGING is disable; mIsWirelessCharging: false; mIsReverseChargingSwitchOpen: false
04-04 14:32:39.608  2145  4461 E OplusNetworkStatsNative: bpfGetAppPurStatsTotal return 0
04-04 14:32:39.874  6033  6059 E horae   : 0: back:36108,frame:37057,front:37470, 7, +(1676), 0 ,36700,40088,39146
04-04 14:32:43.234  6285  6285 E VendorNfcService: changeNfcState: WIRELESS_CHARGING is disable; mIsWirelessCharging: false; mIsReverseChargingSwitchOpen: false
04-04 14:32:49.126  6285  6285 E VendorNfcService: changeNfcState: WIRELESS_CHARGING is disable; mIsWirelessCharging: false; mIsReverseChargingSwitchOpen: false
04-04 14:32:49.616  2145  4461 E OplusNetworkStatsNative: bpfGetAppPurStatsTotal return 0
04-04 14:32:59.627  2145  4461 E OplusNetworkStatsNative: bpfGetAppPurStatsTotal return 0
04-04 14:33:05.012  6285  6285 E VendorNfcService: changeNfcState: WIRELESS_CHARGING is disable; mIsWirelessCharging: false; mIsReverseChargingSwitchOpen: false
04-04 14:33:09.638  2145  4461 E OplusNetworkStatsNative: bpfGetAppPurStatsTotal return 0
04-04 14:33:10.138  6285  6285 E VendorNfcService: changeNfcState: WIRELESS_CHARGING is disable; mIsWirelessCharging: false; mIsReverseChargingSwitchOpen: false
04-04 14:33:15.234  6285  6285 E VendorNfcService: changeNfcState: WIRELESS_CHARGING is disable; mIsWirelessCharging: false; mIsReverseChargingSwitchOpen: false
04-04 14:33:19.647  2145  4461 E OplusNetworkStatsNative: bpfGetAppPurStatsTotal return 0
04-04 14:33:21.135  6285  6285 E VendorNfcService: changeNfcState: WIRELESS_CHARGING is disable; mIsWirelessCharging: false; mIsReverseChargingSwitchOpen: false
04-04 14:33:24.871  6033  6059 E horae   : 0: back:35560,frame:36505,front:36926, 7, +(1544), 0 ,36200,39457,38470
04-04 14:33:24.871  6033  6056 E horae   : Entering notifyCallback, binder clients size 6
04-04 14:33:24.872  6033  6056 E horae   : Notify thermal status: 6
04-04 14:33:24.873  6033  6056 E horae   : Notify thermal status: 6
04-04 14:33:24.873  6033  6056 E horae   : Notify thermal status: 6
04-04 14:33:24.874  6033  6056 E horae   : Notify thermal status: 6
04-04 14:33:24.874  6033  6056 E horae   : Notify thermal status: 6
04-04 14:33:24.874  6033  6056 E horae   : Notify thermal status: 6
04-04 14:33:29.657  2145  4461 E OplusNetworkStatsNative: bpfGetAppPurStatsTotal return 0
04-04 14:33:32.144  6285  6285 E VendorNfcService: changeNfcState: WIRELESS_CHARGING is disable; mIsWirelessCharging: false; mIsReverseChargingSwitchOpen: false
04-04 14:33:39.669  2145  4461 E OplusNetworkStatsNative: bpfGetAppPurStatsTotal return 0
04-04 14:33:43.163  6285  6285 E VendorNfcService: changeNfcState: WIRELESS_CHARGING is disable; mIsWirelessCharging: false; mIsReverseChargingSwitchOpen: false
04-04 14:33:49.679  2145  4461 E OplusNetworkStatsNative: bpfGetAppPurStatsTotal return 0
04-04 14:33:57.104 19567 12335 E RemoteGuardClient.DWB.ActivityMonitor: onProcessDied com.oplus.cosa pid = 11547 uid = 10353
04-04 14:33:57.131 19567 12335 E RemoteGuardClient.DWB.ActivityMonitor: onProcessDied com.oplus.cosa pid = 11530 uid = 10353
04-04 14:33:57.216  2145  4388 E OplusRouterBoostNetlinkUtil: sendToKernel invalid message type:6
04-04 14:33:59.685  2145  4461 E OplusNetworkStatsNative: bpfGetAppPurStatsTotal return 0
04-04 14:34:00.039  6285  6285 E VendorNfcService: changeNfcState: WIRELESS_CHARGING is disable; mIsWirelessCharging: false; mIsReverseChargingSwitchOpen: false
04-04 14:34:05.159  6285  6285 E VendorNfcService: changeNfcState: WIRELESS_CHARGING is disable; mIsWirelessCharging: false; mIsReverseChargingSwitchOpen: false
04-04 14:34:09.695  2145  4461 E OplusNetworkStatsNative: bpfGetAppPurStatsTotal return 0
04-04 14:34:14.871  6033  6059 E horae   : 0: back:34995,frame:35937,front:36368, 6, +(1406), 0 ,35700,38811,37774
04-04 14:34:19.707  2145  4461 E OplusNetworkStatsNative: bpfGetAppPurStatsTotal return 0
04-04 14:34:22.045  6285  6285 E VendorNfcService: changeNfcState: WIRELESS_CHARGING is disable; mIsWirelessCharging: false; mIsReverseChargingSwitchOpen: false
04-04 14:34:27.195  6285  6285 E VendorNfcService: changeNfcState: WIRELESS_CHARGING is disable; mIsWirelessCharging: false; mIsReverseChargingSwitchOpen: false
04-04 14:34:29.717  2145  4461 E OplusNetworkStatsNative: bpfGetAppPurStatsTotal return 0
04-04 14:34:38.191  6285  6285 E VendorNfcService: changeNfcState: WIRELESS_CHARGING is disable; mIsWirelessCharging: false; mIsReverseChargingSwitchOpen: false
04-04 14:34:39.729  2145  4461 E OplusNetworkStatsNative: bpfGetAppPurStatsTotal return 0
04-04 14:34:49.739  2145  4461 E OplusNetworkStatsNative: bpfGetAppPurStatsTotal return 0
04-04 14:34:55.083  6285  6285 E VendorNfcService: changeNfcState: WIRELESS_CHARGING is disable; mIsWirelessCharging: false; mIsReverseChargingSwitchOpen: false
04-04 14:34:59.752  2145  4461 E OplusNetworkStatsNative: bpfGetAppPurStatsTotal return 0
04-04 14:35:00.205  6285  6285 E VendorNfcService: changeNfcState: WIRELESS_CHARGING is disable; mIsWirelessCharging: false; mIsReverseChargingSwitchOpen: false
04-04 14:35:06.095  6285  6285 E VendorNfcService: changeNfcState: WIRELESS_CHARGING is disable; mIsWirelessCharging: false; mIsReverseChargingSwitchOpen: false
04-04 14:35:09.761  2145  4461 E OplusNetworkStatsNative: bpfGetAppPurStatsTotal return 0
04-04 14:35:11.204  6285  6285 E VendorNfcService: changeNfcState: WIRELESS_CHARGING is disable; mIsWirelessCharging: false; mIsReverseChargingSwitchOpen: false
04-04 14:35:17.097  6285  6285 E VendorNfcService: changeNfcState: WIRELESS_CHARGING is disable; mIsWirelessCharging: false; mIsReverseChargingSwitchOpen: false
04-04 14:35:19.628  2145  5453 E OplusCustomizeRestrictionManagerService: isBiometricDisabled start
04-04 14:35:19.629  2145  4928 E OplusCustomizeRestrictionManagerService: isBiometricDisabled start
04-04 14:35:19.720  6419 21915 E Battery : AppStats: Uid = 10622; pkgName = com.happyelements.es2; CpuTime = 0 ms; CpuTotalTime = 0 ms
04-04 14:35:19.720  6419 21915 E Battery : AppStats: Uid = 10622; pkgName = com.happyelements.es2; CpuKernelTime = 0 ms; CpuTotalKernelTime = 0 ms
04-04 14:35:19.720  6419 21915 E Battery : AppStats: Uid = 10622; pkgName = com.happyelements.es2; CpuUserTime = 0 ms; CpuTotalUserTime = 0 ms
04-04 14:35:19.720  6419 21915 E Battery : AppStats: Uid = 10622; pkgName = com.happyelements.es2; CpuPower = 0.0 mAh.; CpuTotalPower = 0.0 mAh.
04-04 14:35:19.720  6419 21915 E Battery : AppStats: Uid = 10622; pkgName = com.happyelements.es2; AlarmWakeupCount = 0; AlarmTotalWakeupCount = 0
04-04 14:35:19.720  6419 21915 E Battery : AppStats: Uid = 10622; pkgName = com.happyelements.es2; JobCount = 0; JobTime = 0; JobTotalCount = 0; JobTotalTime = 0
04-04 14:35:19.720  6419 21915 E Battery : AppStats: Uid = 10622; pkgName = com.happyelements.es2; SyncCount = 0; SyncTime = 0; SyncTotalCount = 0; SyncTotalTime = 0
04-04 14:35:19.721  6419 21915 E Battery : AppStats: Uid = 10622; pkgName = com.happyelements.es2; WakeLockTime = 0 ms; WakeLockPower = 0.0 mAh.; WakeLockTotalTime = 0 ms; WakeLockTotalPower = 0.0 mAh.
04-04 14:35:19.721  6419 21915 E Battery : AppStats: Uid = 10622; pkgName = com.happyelements.es2; WifiRxBytes = 400883784 Bytes; WifiTxBytes = 7858810 Bytes; WifiRxPackets = 294600 ; WifiTxPackets = 97004 ; WiFiScanTimeMs = 0 ; WiFiBatchScanTimeMs = 0 
04-04 14:35:19.721  6419 21915 E Battery : AppStats: Uid = 10622; pkgName = com.happyelements.es2; WifiRxPacketsPower = 3.4216561317443848 mAh; WifiTxPacketsPower = 1.1266610622406006 mAh; WifiScanPower = 0.0 mAh; WifiBatchScanPower = 0.0 mAh; WiFiTotalPower = 4.548316955566406 mAh
04-04 14:35:19.721  6419 21915 E Battery : AppStats: Uid = 10622; pkgName = com.happyelements.es2; GpsTime = 0 ms; GpsTotalTime = 0 ms
04-04 14:35:19.721  6419 21915 E Battery : AppStats: Uid = 10622; pkgName = com.happyelements.es2; GpsPower = 0.0 mAh; GpsTotalPower = 0.0 mAh
04-04 14:35:19.721  6419 21915 E Battery : AppStats: Uid = 10622; pkgName = com.happyelements.es2; SensorTime = 0 ms; SensorTotalTime = 0 ms
04-04 14:35:19.721  6419 21915 E Battery : AppStats: Uid = 10622; pkgName = com.happyelements.es2; SensorPower = 0.0 mAh; SensorTotalPower = 0.0 mAh
04-04 14:35:19.721  6419 21915 E Battery : AppStats: Uid = 10622; pkgName = com.happyelements.es2; CameraTime = 0 ms; CameraTotalTime = 0 ms
04-04 14:35:19.721  6419 21915 E Battery : AppStats: Uid = 10622; pkgName = com.happyelements.es2; CameraPower = 0.0 mAh; CameraTotalPower = 0.0 ms
04-04 14:35:19.721  6419 21915 E Battery : AppStats: Uid = 10622; pkgName = com.happyelements.es2; FlashLightTime = 0 ms; FlashLightTotalTime = 0 ms
04-04 14:35:19.721  6419 21915 E Battery : AppStats: Uid = 10622; pkgName = com.happyelements.es2; FlashLightPower = 0.0 mAh; FlashLightTotalPower = 0.0 mAh
04-04 14:35:19.735  6419 21915 E Battery : AppStats: Uid = 10134; pkgName = com.coloros.regservice; CpuTime = 125 ms; CpuTotalTime = 0 ms
04-04 14:35:19.735  6419 21915 E Battery : AppStats: Uid = 10134; pkgName = com.coloros.regservice; CpuKernelTime = 78 ms; CpuTotalKernelTime = 0 ms
04-04 14:35:19.735  6419 21915 E Battery : AppStats: Uid = 10134; pkgName = com.coloros.regservice; CpuUserTime = 47 ms; CpuTotalUserTime = 0 ms
04-04 14:35:19.735  6419 21915 E Battery : AppStats: Uid = 10134; pkgName = com.coloros.regservice; CpuPower = 0.00833 mAh.; CpuTotalPower = 0.0 mAh.
04-04 14:35:19.735  6419 21915 E Battery : AppStats: Uid = 10134; pkgName = com.coloros.regservice; AlarmWakeupCount = 0; AlarmTotalWakeupCount = 0
04-04 14:35:19.735  6419 21915 E Battery : AppStats: Uid = 10134; pkgName = com.coloros.regservice; JobCount = 0; JobTime = 0; JobTotalCount = 0; JobTotalTime = 0
04-04 14:35:19.735  6419 21915 E Battery : AppStats: Uid = 10134; pkgName = com.coloros.regservice; SyncCount = 0; SyncTime = 0; SyncTotalCount = 0; SyncTotalTime = 0
04-04 14:35:19.735  6419 21915 E Battery : AppStats: Uid = 10134; pkgName = com.coloros.regservice; WakeLockTime = 0 ms; WakeLockPower = 0.0 mAh.; WakeLockTotalTime = 0 ms; WakeLockTotalPower = 0.0 mAh.
04-04 14:35:19.735  6419 21915 E Battery : AppStats: Uid = 10134; pkgName = com.coloros.regservice; WifiRxBytes = 1657484 Bytes; WifiTxBytes = 1462067 Bytes; WifiRxPackets = 4184 ; WifiTxPackets = 4666 ; WiFiScanTimeMs = 0 ; WiFiBatchScanTimeMs = 0 
04-04 14:35:19.735  6419 21915 E Battery : AppStats: Uid = 10134; pkgName = com.coloros.regservice; WifiRxPacketsPower = 0.32396942377090454 mAh; WifiTxPacketsPower = 0.36129096150398254 mAh; WifiScanPower = 0.0 mAh; WifiBatchScanPower = 0.0 mAh; WiFiTotalPower = 0.6852603554725647 mAh
04-04 14:35:19.735  6419 21915 E Battery : AppStats: Uid = 10134; pkgName = com.coloros.regservice; GpsTime = 0 ms; GpsTotalTime = 0 ms
04-04 14:35:19.735  6419 21915 E Battery : AppStats: Uid = 10134; pkgName = com.coloros.regservice; GpsPower = 0.0 mAh; GpsTotalPower = 0.0 mAh
04-04 14:35:19.735  6419 21915 E Battery : AppStats: Uid = 10134; pkgName = com.coloros.regservice; SensorTime = 0 ms; SensorTotalTime = 0 ms
04-04 14:35:19.735  6419 21915 E Battery : AppStats: Uid = 10134; pkgName = com.coloros.regservice; SensorPower = 0.0 mAh; SensorTotalPower = 0.0 mAh
04-04 14:35:19.735  6419 21915 E Battery : AppStats: Uid = 10134; pkgName = com.coloros.regservice; CameraTime = 0 ms; CameraTotalTime = 0 ms
04-04 14:35:19.735  6419 21915 E Battery : AppStats: Uid = 10134; pkgName = com.coloros.regservice; CameraPower = 0.0 mAh; CameraTotalPower = 0.0 ms
04-04 14:35:19.735  6419 21915 E Battery : AppStats: Uid = 10134; pkgName = com.coloros.regservice; FlashLightTime = 0 ms; FlashLightTotalTime = 0 ms
04-04 14:35:19.735  6419 21915 E Battery : AppStats: Uid = 10134; pkgName = com.coloros.regservice; FlashLightPower = 0.0 mAh; FlashLightTotalPower = 0.0 mAh
04-04 14:35:19.748  6419 21915 E Battery : AppStats: Uid = 10621; pkgName = com.oceangames.combo.us.googleplay; CpuTime = 0 ms; CpuTotalTime = 0 ms
04-04 14:35:19.748  6419 21915 E Battery : AppStats: Uid = 10621; pkgName = com.oceangames.combo.us.googleplay; CpuKernelTime = 0 ms; CpuTotalKernelTime = 0 ms
04-04 14:35:19.748  6419 21915 E Battery : AppStats: Uid = 10621; pkgName = com.oceangames.combo.us.googleplay; CpuUserTime = 0 ms; CpuTotalUserTime = 0 ms
04-04 14:35:19.748  6419 21915 E Battery : AppStats: Uid = 10621; pkgName = com.oceangames.combo.us.googleplay; CpuPower = 0.0 mAh.; CpuTotalPower = 0.0 mAh.
04-04 14:35:19.748  6419 21915 E Battery : AppStats: Uid = 10621; pkgName = com.oceangames.combo.us.googleplay; AlarmWakeupCount = 0; AlarmTotalWakeupCount = 0
04-04 14:35:19.749  6419 21915 E Battery : AppStats: Uid = 10621; pkgName = com.oceangames.combo.us.googleplay; JobCount = 0; JobTime = 0; JobTotalCount = 0; JobTotalTime = 0
04-04 14:35:19.749  6419 21915 E Battery : AppStats: Uid = 10621; pkgName = com.oceangames.combo.us.googleplay; SyncCount = 0; SyncTime = 0; SyncTotalCount = 0; SyncTotalTime = 0
04-04 14:35:19.749  6419 21915 E Battery : AppStats: Uid = 10621; pkgName = com.oceangames.combo.us.googleplay; WakeLockTime = 0 ms; WakeLockPower = 0.0 mAh.; WakeLockTotalTime = 0 ms; WakeLockTotalPower = 0.0 mAh.
04-04 14:35:19.749  6419 21915 E Battery : AppStats: Uid = 10621; pkgName = com.oceangames.combo.us.googleplay; WifiRxBytes = 426404 Bytes; WifiTxBytes = 176201 Bytes; WifiRxPackets = 896 ; WifiTxPackets = 1151 ; WiFiScanTimeMs = 0 ; WiFiBatchScanTimeMs = 0 
04-04 14:35:19.749  6419 21915 E Battery : AppStats: Uid = 10621; pkgName = com.oceangames.combo.us.googleplay; WifiRxPacketsPower = 0.20813333988189697 mAh; WifiTxPacketsPower = 0.26736772060394287 mAh; WifiScanPower = 0.0 mAh; WifiBatchScanPower = 0.0 mAh; WiFiTotalPower = 0.47550106048583984 mAh
04-04 14:35:19.749  6419 21915 E Battery : AppStats: Uid = 10621; pkgName = com.oceangames.combo.us.googleplay; GpsTime = 0 ms; GpsTotalTime = 0 ms
04-04 14:35:19.749  6419 21915 E Battery : AppStats: Uid = 10621; pkgName = com.oceangames.combo.us.googleplay; GpsPower = 0.0 mAh; GpsTotalPower = 0.0 mAh
04-04 14:35:19.749  6419 21915 E Battery : AppStats: Uid = 10621; pkgName = com.oceangames.combo.us.googleplay; SensorTime = 0 ms; SensorTotalTime = 0 ms
04-04 14:35:19.749  6419 21915 E Battery : AppStats: Uid = 10621; pkgName = com.oceangames.combo.us.googleplay; SensorPower = 0.0 mAh; SensorTotalPower = 0.0 mAh
04-04 14:35:19.749  6419 21915 E Battery : AppStats: Uid = 10621; pkgName = com.oceangames.combo.us.googleplay; CameraTime = 0 ms; CameraTotalTime = 0 ms
04-04 14:35:19.749  6419 21915 E Battery : AppStats: Uid = 10621; pkgName = com.oceangames.combo.us.googleplay; CameraPower = 0.0 mAh; CameraTotalPower = 0.0 ms
04-04 14:35:19.749  6419 21915 E Battery : AppStats: Uid = 10621; pkgName = com.oceangames.combo.us.googleplay; FlashLightTime = 0 ms; FlashLightTotalTime = 0 ms
04-04 14:35:19.749  6419 21915 E Battery : AppStats: Uid = 10621; pkgName = com.oceangames.combo.us.googleplay; FlashLightPower = 0.0 mAh; FlashLightTotalPower = 0.0 mAh
04-04 14:35:19.768  2145  4461 E OplusNetworkStatsNative: bpfGetAppPurStatsTotal return 0
04-04 14:35:19.770  6419 21915 E Battery : AppStats: Uid = 10240; pkgName = com.tencent.mm; CpuTime = 56988 ms; CpuTotalTime = 47777 ms
04-04 14:35:19.770  6419 21915 E Battery : AppStats: Uid = 10240; pkgName = com.tencent.mm; CpuKernelTime = 20347 ms; CpuTotalKernelTime = 16434 ms
04-04 14:35:19.770  6419 21915 E Battery : AppStats: Uid = 10240; pkgName = com.tencent.mm; CpuUserTime = 36641 ms; CpuTotalUserTime = 31343 ms
04-04 14:35:19.770  6419 21915 E Battery : AppStats: Uid = 10240; pkgName = com.tencent.mm; CpuPower = 3.124356388888889 mAh.; CpuTotalPower = 2.5985755555555556 mAh.
04-04 14:35:19.770  6419 21915 E Battery : AppStats: Uid = 10240; pkgName = com.tencent.mm; AlarmWakeupCount = 194; AlarmTotalWakeupCount = 163
04-04 14:35:19.770  6419 21915 E Battery : AppStats: Uid = 10240; pkgName = com.tencent.mm; JobCount = 0; JobTime = 0; JobTotalCount = 0; JobTotalTime = 0
04-04 14:35:19.770  6419 21915 E Battery : AppStats: Uid = 10240; pkgName = com.tencent.mm; SyncCount = 0; SyncTime = 0; SyncTotalCount = 0; SyncTotalTime = 0
04-04 14:35:19.770  6419 21915 E Battery : AppStats: Uid = 10240; pkgName = com.tencent.mm; WakeLockTime = 164325 ms; WakeLockPower = 0.0 mAh.; WakeLockTotalTime = 137831 ms; WakeLockTotalPower = 0.24886152777777779 mAh.
04-04 14:35:19.770  6419 21915 E Battery : AppStats: Uid = 10240; pkgName = com.tencent.mm; WifiRxBytes = 289021238 Bytes; WifiTxBytes = 21434250 Bytes; WifiRxPackets = 297338 ; WifiTxPackets = 190907 ; WiFiScanTimeMs = 0 ; WiFiBatchScanTimeMs = 0 
04-04 14:35:19.770  6419 21915 E Battery : AppStats: Uid = 10240; pkgName = com.tencent.mm; WifiRxPacketsPower = 3.4534568786621094 mAh; WifiTxPacketsPower = 2.2173051834106445 mAh; WifiScanPower = 0.0 mAh; WifiBatchScanPower = 0.0 mAh; WiFiTotalPower = 5.670762062072754 mAh
04-04 14:35:19.770  6419 21915 E Battery : AppStats: Uid = 10240; pkgName = com.tencent.mm; GpsTime = 0 ms; GpsTotalTime = 0 ms
04-04 14:35:19.770  6419 21915 E Battery : AppStats: Uid = 10240; pkgName = com.tencent.mm; GpsPower = 0.0 mAh; GpsTotalPower = 0.0 mAh
04-04 14:35:19.770  6419 21915 E Battery : AppStats: Uid = 10240; pkgName = com.tencent.mm; SensorTime = 0 ms; SensorTotalTime = 0 ms
04-04 14:35:19.770  6419 21915 E Battery : AppStats: Uid = 10240; pkgName = com.tencent.mm; SensorPower = 0.0 mAh; SensorTotalPower = 0.0 mAh
04-04 14:35:19.770  6419 21915 E Battery : AppStats: Uid = 10240; pkgName = com.tencent.mm; CameraTime = 0 ms; CameraTotalTime = 0 ms
04-04 14:35:19.770  6419 21915 E Battery : AppStats: Uid = 10240; pkgName = com.tencent.mm; CameraPower = 0.0 mAh; CameraTotalPower = 0.0 ms
04-04 14:35:19.770  6419 21915 E Battery : AppStats: Uid = 10240; pkgName = com.tencent.mm; FlashLightTime = 0 ms; FlashLightTotalTime = 0 ms
04-04 14:35:19.770  6419 21915 E Battery : AppStats: Uid = 10240; pkgName = com.tencent.mm; FlashLightPower = 0.0 mAh; FlashLightTotalPower = 0.0 mAh
04-04 14:35:19.784  6419 21915 E Battery : AppStats: Uid = 10102; pkgName = com.nearme.gamecenter; CpuTime = 243264 ms; CpuTotalTime = 243264 ms
04-04 14:35:19.784  6419 21915 E Battery : AppStats: Uid = 10102; pkgName = com.nearme.gamecenter; CpuKernelTime = 99774 ms; CpuTotalKernelTime = 99774 ms
04-04 14:35:19.784  6419 21915 E Battery : AppStats: Uid = 10102; pkgName = com.nearme.gamecenter; CpuUserTime = 143490 ms; CpuTotalUserTime = 143490 ms
04-04 14:35:19.784  6419 21915 E Battery : AppStats: Uid = 10102; pkgName = com.nearme.gamecenter; CpuPower = 8.182007222222222 mAh.; CpuTotalPower = 8.182007222222222 mAh.
04-04 14:35:19.784  6419 21915 E Battery : AppStats: Uid = 10102; pkgName = com.nearme.gamecenter; AlarmWakeupCount = 0; AlarmTotalWakeupCount = 0
04-04 14:35:19.784  6419 21915 E Battery : AppStats: Uid = 10102; pkgName = com.nearme.gamecenter; JobCount = 0; JobTime = 0; JobTotalCount = 0; JobTotalTime = 0
04-04 14:35:19.784  6419 21915 E Battery : AppStats: Uid = 10102; pkgName = com.nearme.gamecenter; SyncCount = 0; SyncTime = 0; SyncTotalCount = 0; SyncTotalTime = 0
04-04 14:35:19.784  6419 21915 E Battery : AppStats: Uid = 10102; pkgName = com.nearme.gamecenter; WakeLockTime = 0 ms; WakeLockPower = 0.0 mAh.; WakeLockTotalTime = 0 ms; WakeLockTotalPower = 0.0 mAh.
04-04 14:35:19.784  6419 21915 E Battery : AppStats: Uid = 10102; pkgName = com.nearme.gamecenter; WifiRxBytes = 2163090240 Bytes; WifiTxBytes = 15657327 Bytes; WifiRxPackets = 1518298 ; WifiTxPackets = 285294 ; WiFiScanTimeMs = 0 ; WiFiBatchScanTimeMs = 0 
04-04 14:35:19.784  6419 21915 E Battery : AppStats: Uid = 10102; pkgName = com.nearme.gamecenter; WifiRxPacketsPower = 352.68798828125 mAh; WifiTxPacketsPower = 66.27142333984375 mAh; WifiScanPower = 0.0 mAh; WifiBatchScanPower = 0.0 mAh; WiFiTotalPower = 418.95941162109375 mAh
04-04 14:35:19.784  6419 21915 E Battery : AppStats: Uid = 10102; pkgName = com.nearme.gamecenter; GpsTime = 0 ms; GpsTotalTime = 0 ms
04-04 14:35:19.784  6419 21915 E Battery : AppStats: Uid = 10102; pkgName = com.nearme.gamecenter; GpsPower = 0.0 mAh; GpsTotalPower = 0.0 mAh
04-04 14:35:19.784  6419 21915 E Battery : AppStats: Uid = 10102; pkgName = com.nearme.gamecenter; SensorTime = 0 ms; SensorTotalTime = 0 ms
04-04 14:35:19.784  6419 21915 E Battery : AppStats: Uid = 10102; pkgName = com.nearme.gamecenter; SensorPower = 0.0 mAh; SensorTotalPower = 0.0 mAh
04-04 14:35:19.784  6419 21915 E Battery : AppStats: Uid = 10102; pkgName = com.nearme.gamecenter; CameraTime = 0 ms; CameraTotalTime = 0 ms
04-04 14:35:19.784  6419 21915 E Battery : AppStats: Uid = 10102; pkgName = com.nearme.gamecenter; CameraPower = 0.0 mAh; CameraTotalPower = 0.0 ms
04-04 14:35:19.784  6419 21915 E Battery : AppStats: Uid = 10102; pkgName = com.nearme.gamecenter; FlashLightTime = 0 ms; FlashLightTotalTime = 0 ms
04-04 14:35:19.784  6419 21915 E Battery : AppStats: Uid = 10102; pkgName = com.nearme.gamecenter; FlashLightPower = 0.0 mAh; FlashLightTotalPower = 0.0 mAh
04-04 14:35:19.802  6419 21915 E Battery : AppStats: Uid = 10239; pkgName = com.tencent.mobileqq; CpuTime = 1045 ms; CpuTotalTime = 596 ms
04-04 14:35:19.802  6419 21915 E Battery : AppStats: Uid = 10239; pkgName = com.tencent.mobileqq; CpuKernelTime = 538 ms; CpuTotalKernelTime = 248 ms
04-04 14:35:19.802  6419 21915 E Battery : AppStats: Uid = 10239; pkgName = com.tencent.mobileqq; CpuUserTime = 507 ms; CpuTotalUserTime = 348 ms
04-04 14:35:19.802  6419 21915 E Battery : AppStats: Uid = 10239; pkgName = com.tencent.mobileqq; CpuPower = 0.05824111111111111 mAh.; CpuTotalPower = 0.031390555555555553 mAh.
04-04 14:35:19.802  6419 21915 E Battery : AppStats: Uid = 10239; pkgName = com.tencent.mobileqq; AlarmWakeupCount = 8; AlarmTotalWakeupCount = 8
04-04 14:35:19.802  6419 21915 E Battery : AppStats: Uid = 10239; pkgName = com.tencent.mobileqq; JobCount = 5; JobTime = 151; JobTotalCount = 5; JobTotalTime = 151
04-04 14:35:19.802  6419 21915 E Battery : AppStats: Uid = 10239; pkgName = com.tencent.mobileqq; SyncCount = 0; SyncTime = 0; SyncTotalCount = 0; SyncTotalTime = 0
04-04 14:35:19.802  6419 21915 E Battery : AppStats: Uid = 10239; pkgName = com.tencent.mobileqq; WakeLockTime = 63 ms; WakeLockPower = 0.0 mAh.; WakeLockTotalTime = 63 ms; WakeLockTotalPower = 1.1375E-4 mAh.
04-04 14:35:19.802  6419 21915 E Battery : AppStats: Uid = 10239; pkgName = com.tencent.mobileqq; WifiRxBytes = 11450216 Bytes; WifiTxBytes = 5095026 Bytes; WifiRxPackets = 34326 ; WifiTxPackets = 40602 ; WiFiScanTimeMs = 0 ; WiFiBatchScanTimeMs = 0 
04-04 14:35:19.802  6419 21915 E Battery : AppStats: Uid = 10239; pkgName = com.tencent.mobileqq; WifiRxPacketsPower = 0.6644702553749084 mAh; WifiTxPacketsPower = 0.7859588265419006 mAh; WifiScanPower = 0.0 mAh; WifiBatchScanPower = 0.0 mAh; WiFiTotalPower = 1.450429081916809 mAh
04-04 14:35:19.802  6419 21915 E Battery : AppStats: Uid = 10239; pkgName = com.tencent.mobileqq; GpsTime = 0 ms; GpsTotalTime = 0 ms
04-04 14:35:19.802  6419 21915 E Battery : AppStats: Uid = 10239; pkgName = com.tencent.mobileqq; GpsPower = 0.0 mAh; GpsTotalPower = 0.0 mAh
04-04 14:35:19.802  6419 21915 E Battery : AppStats: Uid = 10239; pkgName = com.tencent.mobileqq; SensorTime = 27382801 ms; SensorTotalTime = 27125757 ms
04-04 14:35:19.802  6419 21915 E Battery : AppStats: Uid = 10239; pkgName = com.tencent.mobileqq; SensorPower = 0.007606333587318659 mAh; SensorTotalPower = 0.0075349328108131886 mAh
04-04 14:35:19.802  6419 21915 E Battery : AppStats: Uid = 10239; pkgName = com.tencent.mobileqq; CameraTime = 0 ms; CameraTotalTime = 0 ms
04-04 14:35:19.802  6419 21915 E Battery : AppStats: Uid = 10239; pkgName = com.tencent.mobileqq; CameraPower = 0.0 mAh; CameraTotalPower = 0.0 ms
04-04 14:35:19.802  6419 21915 E Battery : AppStats: Uid = 10239; pkgName = com.tencent.mobileqq; FlashLightTime = 0 ms; FlashLightTotalTime = 0 ms
04-04 14:35:19.802  6419 21915 E Battery : AppStats: Uid = 10239; pkgName = com.tencent.mobileqq; FlashLightPower = 0.0 mAh; FlashLightTotalPower = 0.0 mAh
04-04 14:35:19.826  6419 21915 E Battery : AppStats: Uid = 10116; pkgName = com.heytap.xgame; CpuTime = 5774 ms; CpuTotalTime = 5264 ms
04-04 14:35:19.826  6419 21915 E Battery : AppStats: Uid = 10116; pkgName = com.heytap.xgame; CpuKernelTime = 1528 ms; CpuTotalKernelTime = 1188 ms
04-04 14:35:19.826  6419 21915 E Battery : AppStats: Uid = 10116; pkgName = com.heytap.xgame; CpuUserTime = 4246 ms; CpuTotalUserTime = 4076 ms
04-04 14:35:19.826  6419 21915 E Battery : AppStats: Uid = 10116; pkgName = com.heytap.xgame; CpuPower = 0.34076875 mAh.; CpuTotalPower = 0.3137390277777778 mAh.
04-04 14:35:19.827  6419 21915 E Battery : AppStats: Uid = 10116; pkgName = com.heytap.xgame; AlarmWakeupCount = 1; AlarmTotalWakeupCount = 1
04-04 14:35:19.827  6419 21915 E Battery : AppStats: Uid = 10116; pkgName = com.heytap.xgame; JobCount = 0; JobTime = 0; JobTotalCount = 0; JobTotalTime = 0
04-04 14:35:19.827  6419 21915 E Battery : AppStats: Uid = 10116; pkgName = com.heytap.xgame; SyncCount = 0; SyncTime = 0; SyncTotalCount = 0; SyncTotalTime = 0
04-04 14:35:19.827  6419 21915 E Battery : AppStats: Uid = 10116; pkgName = com.heytap.xgame; WakeLockTime = 1 ms; WakeLockPower = 0.0 mAh.; WakeLockTotalTime = 1 ms; WakeLockTotalPower = 1.8055555555555555E-6 mAh.
04-04 14:35:19.827  6419 21915 E Battery : AppStats: Uid = 10116; pkgName = com.heytap.xgame; WifiRxBytes = 50142462 Bytes; WifiTxBytes = 4235397 Bytes; WifiRxPackets = 46986 ; WifiTxPackets = 28870 ; WiFiScanTimeMs = 0 ; WiFiBatchScanTimeMs = 0 
04-04 14:35:19.827  6419 21915 E Battery : AppStats: Uid = 10116; pkgName = com.heytap.xgame; WifiRxPacketsPower = 0.9095379710197449 mAh; WifiTxPacketsPower = 0.5588549971580505 mAh; WifiScanPower = 0.0 mAh; WifiBatchScanPower = 0.0 mAh; WiFiTotalPower = 1.4683929681777954 mAh
04-04 14:35:19.827  6419 21915 E Battery : AppStats: Uid = 10116; pkgName = com.heytap.xgame; GpsTime = 0 ms; GpsTotalTime = 0 ms
04-04 14:35:19.827  6419 21915 E Battery : AppStats: Uid = 10116; pkgName = com.heytap.xgame; GpsPower = 0.0 mAh; GpsTotalPower = 0.0 mAh
04-04 14:35:19.827  6419 21915 E Battery : AppStats: Uid = 10116; pkgName = com.heytap.xgame; SensorTime = 0 ms; SensorTotalTime = 0 ms
04-04 14:35:19.827  6419 21915 E Battery : AppStats: Uid = 10116; pkgName = com.heytap.xgame; SensorPower = 0.0 mAh; SensorTotalPower = 0.0 mAh
04-04 14:35:19.827  6419 21915 E Battery : AppStats: Uid = 10116; pkgName = com.heytap.xgame; CameraTime = 0 ms; CameraTotalTime = 0 ms
04-04 14:35:19.827  6419 21915 E Battery : AppStats: Uid = 10116; pkgName = com.heytap.xgame; CameraPower = 0.0 mAh; CameraTotalPower = 0.0 ms
04-04 14:35:19.827  6419 21915 E Battery : AppStats: Uid = 10116; pkgName = com.heytap.xgame; FlashLightTime = 0 ms; FlashLightTotalTime = 0 ms
04-04 14:35:19.827  6419 21915 E Battery : AppStats: Uid = 10116; pkgName = com.heytap.xgame; FlashLightPower = 0.0 mAh; FlashLightTotalPower = 0.0 mAh
04-04 14:35:19.840  6419 21915 E Battery : AppStats: Uid = 10197; pkgName = com.coloros.shortcuts; CpuTime = 879 ms; CpuTotalTime = 457 ms
04-04 14:35:19.840  6419 21915 E Battery : AppStats: Uid = 10197; pkgName = com.coloros.shortcuts; CpuKernelTime = 371 ms; CpuTotalKernelTime = 156 ms
04-04 14:35:19.840  6419 21915 E Battery : AppStats: Uid = 10197; pkgName = com.coloros.shortcuts; CpuUserTime = 508 ms; CpuTotalUserTime = 301 ms
04-04 14:35:19.840  6419 21915 E Battery : AppStats: Uid = 10197; pkgName = com.coloros.shortcuts; CpuPower = 0.05434944444444444 mAh.; CpuTotalPower = 0.02847388888888889 mAh.
04-04 14:35:19.840  6419 21915 E Battery : AppStats: Uid = 10197; pkgName = com.coloros.shortcuts; AlarmWakeupCount = 0; AlarmTotalWakeupCount = 0
04-04 14:35:19.840  6419 21915 E Battery : AppStats: Uid = 10197; pkgName = com.coloros.shortcuts; JobCount = 0; JobTime = 0; JobTotalCount = 0; JobTotalTime = 0
04-04 14:35:19.840  6419 21915 E Battery : AppStats: Uid = 10197; pkgName = com.coloros.shortcuts; SyncCount = 0; SyncTime = 0; SyncTotalCount = 0; SyncTotalTime = 0
04-04 14:35:19.841  6419 21915 E Battery : AppStats: Uid = 10197; pkgName = com.coloros.shortcuts; WakeLockTime = 0 ms; WakeLockPower = 0.0 mAh.; WakeLockTotalTime = 0 ms; WakeLockTotalPower = 0.0 mAh.
04-04 14:35:19.841  6419 21915 E Battery : AppStats: Uid = 10197; pkgName = com.coloros.shortcuts; WifiRxBytes = 0 Bytes; WifiTxBytes = 0 Bytes; WifiRxPackets = 0 ; WifiTxPackets = 0 ; WiFiScanTimeMs = 0 ; WiFiBatchScanTimeMs = 0 
04-04 14:35:19.841  6419 21915 E Battery : AppStats: Uid = 10197; pkgName = com.coloros.shortcuts; WifiRxPacketsPower = 0.0 mAh; WifiTxPacketsPower = 0.0 mAh; WifiScanPower = 0.0 mAh; WifiBatchScanPower = 0.0 mAh; WiFiTotalPower = 0.0 mAh
04-04 14:35:19.841  6419 21915 E Battery : AppStats: Uid = 10197; pkgName = com.coloros.shortcuts; GpsTime = 0 ms; GpsTotalTime = 0 ms
04-04 14:35:19.841  6419 21915 E Battery : AppStats: Uid = 10197; pkgName = com.coloros.shortcuts; GpsPower = 0.0 mAh; GpsTotalPower = 0.0 mAh
04-04 14:35:19.841  6419 21915 E Battery : AppStats: Uid = 10197; pkgName = com.coloros.shortcuts; SensorTime = 0 ms; SensorTotalTime = 0 ms
04-04 14:35:19.841  6419 21915 E Battery : AppStats: Uid = 10197; pkgName = com.coloros.shortcuts; SensorPower = 0.0 mAh; SensorTotalPower = 0.0 mAh
04-04 14:35:19.841  6419 21915 E Battery : AppStats: Uid = 10197; pkgName = com.coloros.shortcuts; CameraTime = 0 ms; CameraTotalTime = 0 ms
04-04 14:35:19.841  6419 21915 E Battery : AppStats: Uid = 10197; pkgName = com.coloros.shortcuts; CameraPower = 0.0 mAh; CameraTotalPower = 0.0 ms
04-04 14:35:19.841  6419 21915 E Battery : AppStats: Uid = 10197; pkgName = com.coloros.shortcuts; FlashLightTime = 0 ms; FlashLightTotalTime = 0 ms
04-04 14:35:19.841  6419 21915 E Battery : AppStats: Uid = 10197; pkgName = com.coloros.shortcuts; FlashLightPower = 0.0 mAh; FlashLightTotalPower = 0.0 mAh
04-04 14:35:19.854  6419 21915 E Battery : AppStats: Uid = 10182; pkgName = com.coloros.familyguard; CpuTime = 822 ms; CpuTotalTime = 0 ms
04-04 14:35:19.854  6419 21915 E Battery : AppStats: Uid = 10182; pkgName = com.coloros.familyguard; CpuKernelTime = 366 ms; CpuTotalKernelTime = 0 ms
04-04 14:35:19.854  6419 21915 E Battery : AppStats: Uid = 10182; pkgName = com.coloros.familyguard; CpuUserTime = 456 ms; CpuTotalUserTime = 0 ms
04-04 14:35:19.854  6419 21915 E Battery : AppStats: Uid = 10182; pkgName = com.coloros.familyguard; CpuPower = 0.05246805555555555 mAh.; CpuTotalPower = 0.0 mAh.
04-04 14:35:19.854  6419 21915 E Battery : AppStats: Uid = 10182; pkgName = com.coloros.familyguard; AlarmWakeupCount = 0; AlarmTotalWakeupCount = 0
04-04 14:35:19.854  6419 21915 E Battery : AppStats: Uid = 10182; pkgName = com.coloros.familyguard; JobCount = 0; JobTime = 0; JobTotalCount = 0; JobTotalTime = 0
04-04 14:35:19.854  6419 21915 E Battery : AppStats: Uid = 10182; pkgName = com.coloros.familyguard; SyncCount = 0; SyncTime = 0; SyncTotalCount = 0; SyncTotalTime = 0
04-04 14:35:19.854  6419 21915 E Battery : AppStats: Uid = 10182; pkgName = com.coloros.familyguard; WakeLockTime = 0 ms; WakeLockPower = 0.0 mAh.; WakeLockTotalTime = 0 ms; WakeLockTotalPower = 0.0 mAh.
04-04 14:35:19.854  6419 21915 E Battery : AppStats: Uid = 10182; pkgName = com.coloros.familyguard; WifiRxBytes = 101462 Bytes; WifiTxBytes = 2200664 Bytes; WifiRxPackets = 731 ; WifiTxPackets = 1759 ; WiFiScanTimeMs = 0 ; WiFiBatchScanTimeMs = 0 
04-04 14:35:19.855  6419 21915 E Battery : AppStats: Uid = 10182; pkgName = com.coloros.familyguard; WifiRxPacketsPower = 0.5660173296928406 mAh; WifiTxPacketsPower = 1.3620034456253052 mAh; WifiScanPower = 0.0 mAh; WifiBatchScanPower = 0.0 mAh; WiFiTotalPower = 1.9280208349227905 mAh
04-04 14:35:19.855  6419 21915 E Battery : AppStats: Uid = 10182; pkgName = com.coloros.familyguard; GpsTime = 0 ms; GpsTotalTime = 0 ms
04-04 14:35:19.855  6419 21915 E Battery : AppStats: Uid = 10182; pkgName = com.coloros.familyguard; GpsPower = 0.0 mAh; GpsTotalPower = 0.0 mAh
04-04 14:35:19.855  6419 21915 E Battery : AppStats: Uid = 10182; pkgName = com.coloros.familyguard; SensorTime = 0 ms; SensorTotalTime = 0 ms
04-04 14:35:19.855  6419 21915 E Battery : AppStats: Uid = 10182; pkgName = com.coloros.familyguard; SensorPower = 0.0 mAh; SensorTotalPower = 0.0 mAh
04-04 14:35:19.855  6419 21915 E Battery : AppStats: Uid = 10182; pkgName = com.coloros.familyguard; CameraTime = 0 ms; CameraTotalTime = 0 ms
04-04 14:35:19.855  6419 21915 E Battery : AppStats: Uid = 10182; pkgName = com.coloros.familyguard; CameraPower = 0.0 mAh; CameraTotalPower = 0.0 ms
04-04 14:35:19.855  6419 21915 E Battery : AppStats: Uid = 10182; pkgName = com.coloros.familyguard; FlashLightTime = 0 ms; FlashLightTotalTime = 0 ms
04-04 14:35:19.855  6419 21915 E Battery : AppStats: Uid = 10182; pkgName = com.coloros.familyguard; FlashLightPower = 0.0 mAh; FlashLightTotalPower = 0.0 mAh
04-04 14:35:19.869  6419 21915 E Battery : AppStats: Uid = 10196; pkgName = com.coloros.weather2; CpuTime = 701 ms; CpuTotalTime = 568 ms
04-04 14:35:19.869  6419 21915 E Battery : AppStats: Uid = 10196; pkgName = com.coloros.weather2; CpuKernelTime = 215 ms; CpuTotalKernelTime = 152 ms
04-04 14:35:19.869  6419 21915 E Battery : AppStats: Uid = 10196; pkgName = com.coloros.weather2; CpuUserTime = 486 ms; CpuTotalUserTime = 416 ms
04-04 14:35:19.869  6419 21915 E Battery : AppStats: Uid = 10196; pkgName = com.coloros.weather2; CpuPower = 0.04260777777777778 mAh.; CpuTotalPower = 0.03462194444444444 mAh.
04-04 14:35:19.869  6419 21915 E Battery : AppStats: Uid = 10196; pkgName = com.coloros.weather2; AlarmWakeupCount = 0; AlarmTotalWakeupCount = 0
04-04 14:35:19.869  6419 21915 E Battery : AppStats: Uid = 10196; pkgName = com.coloros.weather2; JobCount = 0; JobTime = 0; JobTotalCount = 0; JobTotalTime = 0
