04-04 14:30:16.353   969 13733 E netd    : [OplusLimitSpeedController] handleLimitCmd enable
04-04 14:30:16.353   969 13733 E netd    : [OplusLimitSpeedController] dataLimitEnableCmd wlan0
04-04 14:30:16.353   969 13733 E netd    : [OplusLimitSpeedController] get ifbid 0 for wlan0
04-04 14:30:16.357  2145  3647 E system_server: [theia_saupwk] start saupwkProcessKey
04-04 14:30:16.363  2145  4607 E CommSceneService: modem stationary state=0 not update, cancel notify!
04-04 14:30:16.363  1133 20279 E sensors-hal: ssc_conn_event_cb:661, event[0] msg_id=1025, ts=81313196198214 sensor_type = device_orient  Wakeup
04-04 14:30:16.363  1133 20279 E sensors-hal: handle_sns_client_event:58, ro.build.flavor defined by oplus
04-04 14:30:16.364  1133 20279 E sensors-hal: handle_sns_client_event:116, device_orient_event:oplus ts=4235047099561827, type=1, count=783
04-04 14:30:16.365 20281 20281 E ap.pictorial:ui: Unknown bits set in runtime_flags: 0x40000000
04-04 14:30:16.372 20281 20281 E ap.pictorial:ui: Not starting debugger since process cannot load the jdwp agent.
04-04 14:30:16.380  6033  6059 E horae   : 0: back:39498,frame:40454,front:40795, 8, +(2476), 0 ,39200,43924,43271
04-04 14:30:16.391  1249  1301 E DisplayPanel_Session: getDisplayPanelFeatureValue default, no choice!
04-04 14:30:16.392  2145  2145 E NearbyManager: Cannot stop scan with this callback because it is never registered.
04-04 14:30:16.396  1133 20261 E sensors-hal: ssc_conn_event_cb:661, event[0] msg_id=769, ts=81313196833046 sensor_type = stk33502 Proximity Sensor Wakeup
04-04 14:30:16.396  1133 20261 E sensors-hal: handle_sns_client_event:97, prox_event: ts=4235047132625994, raw_adc=0, near_far=0, distance=5.000000,timestamp = 81313196833046
04-04 14:30:16.403  2145  8626 E SensorService: Required app l.a, uid 1000, pid 4621
04-04 14:30:16.409  1133  6287 E sensors-hal: ssc_conn_event_cb:661, event[0] msg_id=1025, ts=81312978333173 sensor_type = pedometer_minute  Wakeup
04-04 14:30:16.409  1133  6287 E sensors-hal: handle_sns_client_event:83, pedometer_minute: report_ts=5048,counter=1564.000000 move_status =[SNS_CMC_STATIONARY] time_gap = 0 run_counter=34.000000 walk_counter=713.000000
04-04 14:30:16.427  1210  1210 E vendor.oplus.hardware.charger@1.0-service: notifyScreenStatus: 1
04-04 14:30:16.433   969 13733 E netd    : [OplusLimitSpeedController] initIfbCmd succ wlan0, ifb0
04-04 14:30:16.433   969 13733 E netd    : [OplusLimitSpeedController] bindNewInterface succ! wlan0-ifb0
04-04 14:30:16.433   969 13733 E netd    : dispachCmd cmd:opluslimitcmd  result:success
04-04 14:30:16.435  2145  4461 E OplusNetworkStackManager: callback len = 6
04-04 14:30:16.435  5423  4860 E OplusNetworkStackManager: callback len = 2
04-04 14:30:16.436 20490 20515 E OplusNetworkStackManager: callback len = 0
04-04 14:30:16.436  5340 14467 E OplusNetworkStackManager: callback len = 1
04-04 14:30:16.506  1910  1910 E android.hardware.biometrics.fingerprint@2.1-service: sendFingerprintCmd in_buf=  
04-04 14:30:16.506  1910  1910 E android.hardware.biometrics.fingerprint@2.1-service: FINGERPRINT_CMD_ID_SET_SCREEN_STATE screen_state = 1
04-04 14:30:16.506  2145  6177 E OplusCustomizeRestrictionManagerService: getUnlockByFingerprintPolicies fail, return default value.
04-04 14:30:16.509  5167  5167 E OplusBluetoothAudioGuard: enter onPlaybackConfigChanged
04-04 14:30:16.525 20343 20343 E m.heytap.market: Unknown bits set in runtime_flags: 0x40000000
04-04 14:30:16.533 20343 20343 E m.heytap.market: Not starting debugger since process cannot load the jdwp agent.
04-04 14:30:16.592  2145  4813 E AppOps  : Bad call made by uid 1002. Package "com.heytap.accessory" does not belong to uid 1002.
04-04 14:30:16.851 20343 20437 E TBLSdk  : Core path not exists!
04-04 14:30:16.913 20458 20458 E oplus.appdetail: Unknown bits set in runtime_flags: 0x40000000
04-04 14:30:16.923 20458 20458 E oplus.appdetail: Not starting debugger since process cannot load the jdwp agent.
04-04 14:30:16.947 19831 21191 E OpenID  : com.heytap.pictorial:3141:ret:T
04-04 14:30:16.956 19831 21191 E OpenID  : com.heytap.pictorial:3142:ret:T
04-04 14:30:16.956 20281 20315 E IDHelper: 1010
04-04 14:30:16.957 20281 20320 E IDHelper: 1010
04-04 14:30:16.957 20281 20428 E IDHelper: 1010
04-04 14:30:16.962 19831 21191 E OpenID  : com.heytap.pictorial:3002
04-04 14:30:16.962 19831 21191 E OpenID  : com.heytap.pictorial:3140:ret:F
04-04 14:30:16.965 20281 20539 E IDHelper: 1010
04-04 14:30:17.068  2145  6996 E OplusCustomizeRestrictionManagerService: isBiometricDisabled start
04-04 14:30:17.070  2145  8626 E OplusCustomizeRestrictionManagerService: isBiometricDisabled start
04-04 14:30:17.074  2145  8697 E OplusCustomizeRestrictionManagerService: getMobileDataMode error :s == null
04-04 14:30:17.098  2145  6996 E OplusCustomizeRestrictionManagerService: getMobileDataMode error :s == null
04-04 14:30:17.102  2145  8697 E OplusCustomizeRestrictionManagerService: getMobileDataMode error :s == null
04-04 14:30:17.113  2145  6996 E OplusCustomizeRestrictionManagerService: getMobileDataMode error :s == null
04-04 14:30:17.180  2145  6996 E OplusCustomizeRestrictionManagerService: isBiometricDisabled start
04-04 14:30:17.181  2145  5200 E OplusCustomizeRestrictionManagerService: isBiometricDisabled start
04-04 14:30:17.191  2647  2654 E Diag_Lib: [IMS_AP]"ims-rtp-daemon ims_rtp_qmi_handler_thread_func waiting on select thread>"
04-04 14:30:17.197  1133 20270 E sensors-hal: handle_sns_client_event:466, accel_sample(accelcal_available:0): ts=4235047117766724 ns; value = [6.551498, 5.408365, 5.788909], status=3
04-04 14:30:17.197  1133 20270 E sensors-hal: handle_sns_client_event:466, accel_sample(accelcal_available:0): ts=4235047311326672 ns; value = [6.566821, 4.289842, 8.009196], status=3
04-04 14:30:17.197  1133 20270 E sensors-hal: handle_sns_client_event:466, accel_sample(accelcal_available:0): ts=4235047504885005 ns; value = [6.830651, 4.087780, 8.159067], status=3
04-04 14:30:17.213  4697  4697 E KeyguardViewMediator: mHideAnimationFinishedRunnable#run
04-04 14:30:17.213  2145  4970 E OplusCustomizeRestrictionManagerService: isBiometricDisabled start
04-04 14:30:17.233 19651 22689 E SmartSidebar.AppSwitchObserver: checkScene isScenePage :null#com.android.launcher.Launcher
04-04 14:30:17.235 19651 22689 E SmartSidebar.AppSwitchObserver: checkScene isScenePage :null#com.android.launcher.Launcher
04-04 14:30:17.259  2145  7717 E ANDR-PERF-JNI: UXEngine Trigger - Returning null
04-04 14:30:17.277  5056  5056 E IPCThreadState: attemptIncStrongHandle(118): Not supported
04-04 14:30:17.294  1399  2325 E SurfaceFlinger: Only WindowManager is allowed to use eEarlyWakeup[Start|End] flags
04-04 14:30:17.304  2145  2262 E WindowManager: create RemoteAnimationController com.android.server.wm.RemoteAnimationController@c04d741
04-04 14:30:17.394  2145  4813 E OplusCustomizeRestrictionManagerService: isBiometricDisabled start
04-04 14:30:17.395  2145  5507 E OplusCustomizeRestrictionManagerService: isBiometricDisabled start
04-04 14:30:17.405  2145  5200 E OplusCustomizeRestrictionManagerService: isBiometricDisabled start
04-04 14:30:17.411  2145  3452 E OplusCustomizeRestrictionManagerService: isBiometricDisabled start
04-04 14:30:17.465  2145  5199 E OplusCustomizeRestrictionManagerService: getUnlockByFingerprintPolicies fail, return default value.
04-04 14:30:17.561 20465 20704 E 20465PAS1331f67230315.PolicyManager: acceptHandleResult, hanleResult is null
04-04 14:30:17.561 20465 20577 E 20465PAS1331f67230315.PolicyManager: acceptHandleResult, hanleResult is null
04-04 14:30:17.711  2145  5199 E system_server: Invalid class loader spec: =UnsupportedClassLoaderContext=
04-04 14:30:17.711  2145  5199 E PackageDexUsage: Unsupported context?
04-04 14:30:17.854 20281 20597 E SoLoaderHelper: append : /data/user/0/com.heytap.pictorial/app_instant_card/card.apk!/lib/arm64-v8a
04-04 14:30:18.112 20281 20735 E JsThread: JS engine version: quickjs_2020-11-08
04-04 14:30:18.280  1160  7153 E ANDR-PERF-LM: VmRssMeter:: start() 447: Could not find pid, can not collect vmrss data
04-04 14:30:18.288  1160  7154 E ANDR-PERF-LM: VmRssMeter:: start() 447: Could not find pid, can not collect vmrss data
04-04 14:30:18.288  1160  7154 E ANDR-PERF-LM: AdaptiveLaunch: writeToDataBase() 64: Meter aborted or could not get meter data for this run
04-04 14:30:18.687  2145  3647 E system_server: [theia_saupwk] start saupwkProcessKey
04-04 14:30:18.687  2145  3647 E system_server: [theia_saupwk] prepare send key event by hidl
04-04 14:30:18.690  2145  3647 E system_server: [theia_saupwk] send info to THEIA_NODE_ID_POWERKEY_REPORT
04-04 14:30:18.836  2145  3647 E system_server: [theia_saupwk] start saupwkProcessKey
04-04 14:30:18.841  1910  1910 E android.hardware.biometrics.fingerprint@2.1-service: sendFingerprintCmd in_buf=  
04-04 14:30:18.841  1910  1910 E android.hardware.biometrics.fingerprint@2.1-service: FINGERPRINT_CMD_ID_SET_SCREEN_STATE screen_state = 0
04-04 14:30:18.881  2145  5199 E OplusCustomizeRestrictionManagerService: isBiometricDisabled start
04-04 14:30:18.886  2145  2314 E IPCThreadState: attemptIncStrongHandle(1481): Not supported
04-04 14:30:18.886  2145  5199 E OplusCustomizeRestrictionManagerService: isBiometricDisabled start
04-04 14:30:19.176  2647  2654 E Diag_Lib: [IMS_AP]"ims-rtp-daemon ims_rtp_qmi_handler_thread_func waiting on select thread>"
04-04 14:30:19.188  2145  4970 E OplusCustomizeRestrictionManagerService: getUnlockByFingerprintPolicies fail, return default value.
04-04 14:30:19.221  2145  6177 E OplusCustomizeRestrictionManagerService: isBiometricDisabled start
04-04 14:30:19.222  2145  8626 E OplusCustomizeRestrictionManagerService: isBiometricDisabled start
04-04 14:30:19.222  2145  5972 E OplusCustomizeRestrictionManagerService: isBiometricDisabled start
04-04 14:30:19.223  2145  8696 E OplusCustomizeRestrictionManagerService: isBiometricDisabled start
04-04 14:30:19.223  2145  3452 E OplusCustomizeRestrictionManagerService: isBiometricDisabled start
04-04 14:30:19.225  2145  5972 E OplusCustomizeRestrictionManagerService: isBiometricDisabled start
04-04 14:30:19.271  4697  4697 E IPCThreadState: attemptIncStrongHandle(458): Not supported
04-04 14:30:19.276  1158  1407 E SDM     : HWCDisplay::SetActiveConfigWithConstraints: Invalid config: 1
04-04 14:30:19.276  1399  1399 E HWComposer: setActiveModeWithConstraints: setActiveModeWithConstraints failed for display 4630947194340276609: BadConfig (1)
04-04 14:30:19.292  1158  1407 E SDM     : HWCDisplay::SetActiveConfigWithConstraints: Invalid config: 1
04-04 14:30:19.292  1399  1399 E HWComposer: setActiveModeWithConstraints: setActiveModeWithConstraints failed for display 4630947194340276609: BadConfig (1)
04-04 14:30:19.309  1158  1407 E SDM     : HWCDisplay::SetActiveConfigWithConstraints: Invalid config: 1
04-04 14:30:19.309  1399  1399 E HWComposer: setActiveModeWithConstraints: setActiveModeWithConstraints failed for display 4630947194340276609: BadConfig (1)
04-04 14:30:19.326  1158  1407 E SDM     : HWCDisplay::SetActiveConfigWithConstraints: Invalid config: 1
04-04 14:30:19.326  1399  1399 E HWComposer: setActiveModeWithConstraints: setActiveModeWithConstraints failed for display 4630947194340276609: BadConfig (1)
04-04 14:30:19.342  1158  1407 E SDM     : HWCDisplay::SetActiveConfigWithConstraints: Invalid config: 1
04-04 14:30:19.342  1399  1399 E HWComposer: setActiveModeWithConstraints: setActiveModeWithConstraints failed for display 4630947194340276609: BadConfig (1)
04-04 14:30:19.359  1158  1407 E SDM     : HWCDisplay::SetActiveConfigWithConstraints: Invalid config: 1
04-04 14:30:19.359  1399  1399 E HWComposer: setActiveModeWithConstraints: setActiveModeWithConstraints failed for display 4630947194340276609: BadConfig (1)
04-04 14:30:19.376  1158  1407 E SDM     : HWCDisplay::SetActiveConfigWithConstraints: Invalid config: 1
04-04 14:30:19.376  1399  1399 E HWComposer: setActiveModeWithConstraints: setActiveModeWithConstraints failed for display 4630947194340276609: BadConfig (1)
04-04 14:30:19.392  1158  1407 E SDM     : HWCDisplay::SetActiveConfigWithConstraints: Invalid config: 1
04-04 14:30:19.393  1399  1399 E HWComposer: setActiveModeWithConstraints: setActiveModeWithConstraints failed for display 4630947194340276609: BadConfig (1)
04-04 14:30:19.409  1158  1407 E SDM     : HWCDisplay::SetActiveConfigWithConstraints: Invalid config: 1
04-04 14:30:19.409  1399  1399 E HWComposer: setActiveModeWithConstraints: setActiveModeWithConstraints failed for display 4630947194340276609: BadConfig (1)
04-04 14:30:19.425  1687  8822 E ListServiceUtils: checkInListByUid module:ffmpeg-conf package:Lincence.0x1b cost 1872us return (null)
04-04 14:30:19.426  1158  1407 E SDM     : HWCDisplay::SetActiveConfigWithConstraints: Invalid config: 1
04-04 14:30:19.426  1399  1399 E HWComposer: setActiveModeWithConstraints: setActiveModeWithConstraints failed for display 4630947194340276609: BadConfig (1)
04-04 14:30:19.443  1158  1407 E SDM     : HWCDisplay::SetActiveConfigWithConstraints: Invalid config: 1
04-04 14:30:19.443  1399  1399 E HWComposer: setActiveModeWithConstraints: setActiveModeWithConstraints failed for display 4630947194340276609: BadConfig (1)
04-04 14:30:19.456  1132  1132 E QTI PowerHAL: Failed to acquire lock for hint_id: 1040.
04-04 14:30:19.486  2145  4461 E OplusNetworkStatsNative: bpfGetAppPurStatsTotal return 0
04-04 14:30:19.507  1704 20785 E MULTIMEDIAConfig: [getInt32:L80] Not find config, Returning default
04-04 14:30:19.507  1704 20785 E MULTIMEDIAConfig: [getInt32:L80] Not find config, Returning default
04-04 14:30:19.507  1704 20785 E MULTIMEDIAConfig: [getInt32:L80] Not find config, Returning default
04-04 14:30:19.507  1704 20785 E OplusACodec: [OplusACodec:204] mSrOsieMMListCheckResult:0x0 mOsieVersion:1
04-04 14:30:19.518  1744  4829 E android.hardware.media.omx@1.0-service: Service not available yet
04-04 14:30:19.522  1744  4829 E OMX-VDEC-1080P: Unsupported output color format for c2d (2141391876)
04-04 14:30:19.522  1744  4829 E OMX-VDEC-1080P: Setting color format failed
04-04 14:30:19.527  1744  4829 E OMX-VDEC-1080P: Extension: OMX.google.android.index.storeANWBufferInMetadata not implemented
04-04 14:30:19.527  1744  4829 E OMX-VDEC-1080P: Extension: OMX.google.android.index.configureVideoTunnelMode not implemented
04-04 14:30:19.527  1744  4829 E OMX-VDEC-1080P: Extension: OMX.google.android.index.useAndroidNativeBuffer is supported
04-04 14:30:19.527  1744  4829 E OMX-VDEC-1080P: get_parameter: unknown param 7f000046
04-04 14:30:19.527  1744  4829 E OMXNodeInstance: getParameter(0xdcca1244:qcom.decoder.avc, ??(0x7f000046)) ERROR: UnsupportedIndex(0x8000101a)
04-04 14:30:19.528  1744  4829 E OMX-VDEC-1080P: set_parameter: Error: 0x80001019, setting param 0x7f00005d
04-04 14:30:19.528  1744  4829 E OMXNodeInstance: setParameter(0xdcca1244:qcom.decoder.avc, OMX.google.android.index.allocateNativeHandle(0x7f00005d): Output:1 en=0) ERROR: UnsupportedSetting(0x80001019)
04-04 14:30:19.528  1744  4829 E OMX-VDEC-1080P: Extension: OMX.google.android.index.storeANWBufferInMetadata not implemented
04-04 14:30:19.528  1744  4829 E OMX-VDEC-1080P: get_parameter: unknown param 6f600011
04-04 14:30:19.528  1744  4829 E OMXNodeInstance: getParameter(0xdcca1244:qcom.decoder.avc, ??(0x6f600011)) ERROR: UnsupportedIndex(0x8000101a)
04-04 14:30:19.528  1704 20787 E OplusACodec: [GetVideoCodingTypeFromMime:L1172] mime:video/avc
04-04 14:30:19.529  1744  4829 E OMX-VDEC-1080P: Setparameter: unknown param 2130706434
04-04 14:30:19.529  1744  4829 E OMX-VDEC-1080P: set_parameter: Error: 0x8000101a, setting param 0x7f000002
04-04 14:30:19.529  1744  4829 E OMXNodeInstance: setParameter(0xdcca1244:qcom.decoder.avc, ??(0x7f000002)) ERROR: UnsupportedIndex(0x8000101a)
04-04 14:30:19.532  1744  4829 E OMXNodeInstance: getConfig(0xdcca1244:qcom.decoder.avc, ??(0x7f000062)) ERROR: UnsupportedSetting(0x80001019)
04-04 14:30:19.533  2647  2654 E Diag_Lib: [IMS_AP]"ims-rtp-daemon ims_rtp_qmi_handler_thread_func waiting on select thread>"
04-04 14:30:19.567  1744  4829 E OMX-VDEC-1080P: Extension: OMX.google.android.index.AndroidNativeBufferConsumerUsage not implemented
04-04 14:30:19.617   969 13733 E netd    : dispachCmd:opluslimitcmd
04-04 14:30:19.617   969 13733 E netd    : [OplusLimitSpeedController] handleLimitCmd disable
04-04 14:30:19.617   969 13733 E netd    : [OplusLimitSpeedController] mUpSocketMatchMap total 0, del 0
04-04 14:30:19.631  1744  4829 E OMXNodeInstance: getConfig(0xdcca1244:qcom.decoder.avc, ??(0x7f000062)) ERROR: UnsupportedSetting(0x80001019)
04-04 14:30:19.638  1744  4829 E OMX-VDEC-1080P: Extension: OMX.QTI.index.config.video.getdsmode not implemented
04-04 14:30:19.684  1324  1324 E vendor.oplus.hardware.wifi@1.1-service: command execute fail, reason code: 1
04-04 14:30:19.687   969 13733 E netd    : [OplusLimitSpeedController] clearLimitRule wlan0 
04-04 14:30:19.687   969 13733 E netd    : [OplusLimitSpeedController] clearUpMatchBpfMap wlan0-24
04-04 14:30:19.687   969 13733 E netd    : [OplusLimitSpeedController] mDownSocketMatchMap total 0, del 0
04-04 14:30:19.722  1324  1324 E vendor.oplus.hardware.wifi@1.1-service: command execute fail, reason code: 1
04-04 14:30:19.746   969 13733 E netd    : [OplusLimitSpeedController] clearLimitRule ifb0 
04-04 14:30:19.746   969 13733 E netd    : [OplusLimitSpeedController] clearDownMatchBpfMap wlan0-24
04-04 14:30:19.753  1324  1324 E vendor.oplus.hardware.wifi@1.1-service: command execute fail, reason code: 1
04-04 14:30:19.777  1324  1324 E vendor.oplus.hardware.wifi@1.1-service: command execute fail, reason code: 1
04-04 14:30:19.791  2145  4356 E OplusWifiPowerMcsTrxInfor:  no mcs information
04-04 14:30:19.791  2145  4356 E OplusWifiPowerMcsTrxInfor: getWlan1Ifname = null, return Wlan1Ifname = 
04-04 14:30:19.791  2145  4356 E OplusWifiPowerMcsTrxInfor: getWlan1Ifname = null, return Wlan1Ifname = 
04-04 14:30:19.791  2145  4356 E OplusWifiPowerMcsTrxInfor:  no mcs information
04-04 14:30:19.816   969 13733 E netd    : [OplusLimitSpeedController] deinitIfbCmd over wlan0, ifb0
04-04 14:30:19.816   969 13733 E netd    : [OplusLimitSpeedController] unbindInterface succ! wlan0
04-04 14:30:19.816   969 13733 E netd    : dispachCmd cmd:opluslimitcmd  result:success
04-04 14:30:19.865  6502  6502 E yAF.CORE.FastPairSeeker: cancelScan, reason: 16
04-04 14:30:19.866  1210  1210 E vendor.oplus.hardware.charger@1.0-service: notifyScreenStatus: 0
04-04 14:30:20.254  6285  6285 E VendorNfcService: changeNfcState: WIRELESS_CHARGING is disable; mIsWirelessCharging: false; mIsReverseChargingSwitchOpen: false
04-04 14:30:24.950  6419  6939 E Battery : AppStats: Uid = 10134; pkgName = com.coloros.regservice; CpuFgTime = 0 ms; CpuBgTime = 97 ms.
04-04 14:30:24.950  6419  6939 E Battery : AppStats: Uid = 10134; pkgName = com.coloros.regservice; CpuKernelFgTime = 0 ms; CpuKernelBgTime = 53 ms.
04-04 14:30:24.950  6419  6939 E Battery : AppStats: Uid = 10134; pkgName = com.coloros.regservice; CpuUserFgTime = 0 ms ; CpuUserBgTime = 44 ms.
04-04 14:30:24.950  6419  6939 E Battery : AppStats: Uid = 10134; pkgName = com.coloros.regservice; CpuFgPower = 0.0 mAh.; CpuBgPower = 0.006573611111111112 mAh.
04-04 14:30:24.950  6419  6939 E Battery : AppStats: Uid = 10134; pkgName = com.coloros.regservice; AlarmFgWakeupCount = 0; AlarmBgWakeupCount = 0
04-04 14:30:24.950  6419  6939 E Battery : AppStats: Uid = 10134; pkgName = com.coloros.regservice; JobFgCount = 0; JobBgCount = 0; JobFgTime = 0; JobBgTime = 0
04-04 14:30:24.950  6419  6939 E Battery : AppStats: Uid = 10134; pkgName = com.coloros.regservice; SyncFgCount = 0; SyncBgCount = 0; SyncFgTime = 0; SyncBgTime = 0
04-04 14:30:24.950  6419  6939 E Battery : AppStats: Uid = 10134; pkgName = com.coloros.regservice; WakeLockFgTime = 0 ms; WakeLockFgPower = 0.0 mAh.; WakeLockBgTime = 0 ms; WakeLockBgPower = 0.0 mAh.
04-04 14:30:24.950  6419  6939 E Battery : AppStats: Uid = 10134; pkgName = com.coloros.regservice; FgWifiRxBytes = 0 Bytes; BgWifiRxBytes = 13608 Bytes; FgWifiTxBytes = 0 Bytes; BgWifiTxBytes = 8887 Bytes; FgWifiRxPackets = 0 ; BgWifiRxPackets = 32 ; FgWifiTxPackets = 0 ; BgWifiTxPackets = 36 ; FgWiFiScanTimeMs = 0 ; BgWiFiScanTimeMs = 0 ; FgWiFiBatchScanTimeMs = 0 ; BgWiFiBatchScanTimeMs = 0 
04-04 14:30:24.950  6419  6939 E Battery : AppStats: Uid = 10134; pkgName = com.coloros.regservice; FgWifiRxPacketsPower = 0.0 mAh; BgWifiRxPacketsPower = 6.194444140419364E-4 mAh; FgWifiTxPacketsPower = 0.0 mAh; BgWifiTxPacketsPower = 6.968749803490937E-4 mAh; FgWifiScanPower = 0.0 mAh; BgWifiScanPower = 0.0 mAh; FgWifiBatchScanPower = 0.0 mAh; BgWifiBatchScanPower = 0.0 mAh; FgWiFiTotalPower = 0.0 mAh; BgWiFiTotalPower = 0.00131631939439103 mAh.
04-04 14:30:24.950  6419  6939 E Battery : AppStats: Uid = 10134; pkgName = com.coloros.regservice; FgGpsTime = 0 ms; BgGpsTime = 0 ms.
04-04 14:30:24.950  6419  6939 E Battery : AppStats: Uid = 10134; pkgName = com.coloros.regservice; FgGpsPower = 0.0 mAh; BgGpsPower = 0.0 mAh.
04-04 14:30:24.950  6419  6939 E Battery : AppStats: Uid = 10134; pkgName = com.coloros.regservice; FgSensorTime = 0 ms; BgSensorTime = 0 ms.
04-04 14:30:24.950  6419  6939 E Battery : AppStats: Uid = 10134; pkgName = com.coloros.regservice; FgSensorPower = 0.0 mAh; BgSensorPower = 0.0 mAh.
04-04 14:30:24.950  6419  6939 E Battery : AppStats: Uid = 10134; pkgName = com.coloros.regservice; FgCameraTime = 0 ms; BgCameraTime = 0 ms
04-04 14:30:24.950  6419  6939 E Battery : AppStats: Uid = 10134; pkgName = com.coloros.regservice; FgCameraPower = 0.0 mAh; BgCameraPower = 0.0 mAh
04-04 14:30:24.950  6419  6939 E Battery : AppStats: Uid = 10134; pkgName = com.coloros.regservice; FgFlashLightTime = 0 ms; BgFlashLightTime = 0 ms
04-04 14:30:24.951  6419  6939 E Battery : AppStats: Uid = 10134; pkgName = com.coloros.regservice; FgFlashLightPower = 0.0 mAh; BgFlashLightPower = 0.0 mAh
04-04 14:30:24.964  6419  6939 E Battery : AppStats: Uid = 10621; pkgName = com.oceangames.combo.us.googleplay; CpuFgTime = 0 ms; CpuBgTime = 0 ms.
04-04 14:30:24.964  6419  6939 E Battery : AppStats: Uid = 10621; pkgName = com.oceangames.combo.us.googleplay; CpuKernelFgTime = 0 ms; CpuKernelBgTime = 0 ms.
04-04 14:30:24.964  6419  6939 E Battery : AppStats: Uid = 10621; pkgName = com.oceangames.combo.us.googleplay; CpuUserFgTime = 0 ms ; CpuUserBgTime = 0 ms.
04-04 14:30:24.964  6419  6939 E Battery : AppStats: Uid = 10621; pkgName = com.oceangames.combo.us.googleplay; CpuFgPower = 0.0 mAh.; CpuBgPower = 0.0 mAh.
04-04 14:30:24.964  6419  6939 E Battery : AppStats: Uid = 10621; pkgName = com.oceangames.combo.us.googleplay; AlarmFgWakeupCount = 0; AlarmBgWakeupCount = 0
04-04 14:30:24.964  6419  6939 E Battery : AppStats: Uid = 10621; pkgName = com.oceangames.combo.us.googleplay; JobFgCount = 0; JobBgCount = 0; JobFgTime = 0; JobBgTime = 0
04-04 14:30:24.964  6419  6939 E Battery : AppStats: Uid = 10621; pkgName = com.oceangames.combo.us.googleplay; SyncFgCount = 0; SyncBgCount = 0; SyncFgTime = 0; SyncBgTime = 0
04-04 14:30:24.964  6419  6939 E Battery : AppStats: Uid = 10621; pkgName = com.oceangames.combo.us.googleplay; WakeLockFgTime = 0 ms; WakeLockFgPower = 0.0 mAh.; WakeLockBgTime = 0 ms; WakeLockBgPower = 0.0 mAh.
04-04 14:30:24.964  6419  6939 E Battery : AppStats: Uid = 10621; pkgName = com.oceangames.combo.us.googleplay; FgWifiRxBytes = 0 Bytes; BgWifiRxBytes = 426404 Bytes; FgWifiTxBytes = 0 Bytes; BgWifiTxBytes = 176201 Bytes; FgWifiRxPackets = 0 ; BgWifiRxPackets = 896 ; FgWifiTxPackets = 0 ; BgWifiTxPackets = 1151 ; FgWiFiScanTimeMs = 0 ; BgWiFiScanTimeMs = 0 ; FgWiFiBatchScanTimeMs = 0 ; BgWiFiBatchScanTimeMs = 0 
04-04 14:30:24.964  6419  6939 E Battery : AppStats: Uid = 10621; pkgName = com.oceangames.combo.us.googleplay; FgWifiRxPacketsPower = 0.0 mAh; BgWifiRxPacketsPower = 0.06937777251005173 mAh; FgWifiTxPacketsPower = 0.0 mAh; BgWifiTxPacketsPower = 0.08912256360054016 mAh; FgWifiScanPower = 0.0 mAh; BgWifiScanPower = 0.0 mAh; FgWifiBatchScanPower = 0.0 mAh; BgWifiBatchScanPower = 0.0 mAh; FgWiFiTotalPower = 0.0 mAh; BgWiFiTotalPower = 0.1585003361105919 mAh.
04-04 14:30:24.964  6419  6939 E Battery : AppStats: Uid = 10621; pkgName = com.oceangames.combo.us.googleplay; FgGpsTime = 0 ms; BgGpsTime = 0 ms.
04-04 14:30:24.964  6419  6939 E Battery : AppStats: Uid = 10621; pkgName = com.oceangames.combo.us.googleplay; FgGpsPower = 0.0 mAh; BgGpsPower = 0.0 mAh.
04-04 14:30:24.964  6419  6939 E Battery : AppStats: Uid = 10621; pkgName = com.oceangames.combo.us.googleplay; FgSensorTime = 0 ms; BgSensorTime = 0 ms.
04-04 14:30:24.964  6419  6939 E Battery : AppStats: Uid = 10621; pkgName = com.oceangames.combo.us.googleplay; FgSensorPower = 0.0 mAh; BgSensorPower = 0.0 mAh.
04-04 14:30:24.964  6419  6939 E Battery : AppStats: Uid = 10621; pkgName = com.oceangames.combo.us.googleplay; FgCameraTime = 0 ms; BgCameraTime = 0 ms
04-04 14:30:24.964  6419  6939 E Battery : AppStats: Uid = 10621; pkgName = com.oceangames.combo.us.googleplay; FgCameraPower = 0.0 mAh; BgCameraPower = 0.0 mAh
04-04 14:30:24.964  6419  6939 E Battery : AppStats: Uid = 10621; pkgName = com.oceangames.combo.us.googleplay; FgFlashLightTime = 0 ms; BgFlashLightTime = 0 ms
04-04 14:30:24.964  6419  6939 E Battery : AppStats: Uid = 10621; pkgName = com.oceangames.combo.us.googleplay; FgFlashLightPower = 0.0 mAh; BgFlashLightPower = 0.0 mAh
04-04 14:30:24.986  6419  6939 E Battery : AppStats: Uid = 10240; pkgName = com.tencent.mm; CpuFgTime = 0 ms; CpuBgTime = 56832 ms.
04-04 14:30:24.986  6419  6939 E Battery : AppStats: Uid = 10240; pkgName = com.tencent.mm; CpuKernelFgTime = 0 ms; CpuKernelBgTime = 20264 ms.
04-04 14:30:24.986  6419  6939 E Battery : AppStats: Uid = 10240; pkgName = com.tencent.mm; CpuUserFgTime = 0 ms ; CpuUserBgTime = 36568 ms.
04-04 14:30:24.986  6419  6939 E Battery : AppStats: Uid = 10240; pkgName = com.tencent.mm; CpuFgPower = 0.0 mAh.; CpuBgPower = 3.116387222222222 mAh.
04-04 14:30:24.986  6419  6939 E Battery : AppStats: Uid = 10240; pkgName = com.tencent.mm; AlarmFgWakeupCount = 0; AlarmBgWakeupCount = 194
04-04 14:30:24.986  6419  6939 E Battery : AppStats: Uid = 10240; pkgName = com.tencent.mm; JobFgCount = 0; JobBgCount = 0; JobFgTime = 0; JobBgTime = 0
04-04 14:30:24.986  6419  6939 E Battery : AppStats: Uid = 10240; pkgName = com.tencent.mm; SyncFgCount = 0; SyncBgCount = 0; SyncFgTime = 0; SyncBgTime = 0
04-04 14:30:24.986  6419  6939 E Battery : AppStats: Uid = 10240; pkgName = com.tencent.mm; WakeLockFgTime = 0 ms; WakeLockFgPower = 0.0 mAh.; WakeLockBgTime = 164325 ms; WakeLockBgPower = 0.2966979166666667 mAh.
04-04 14:30:24.986  6419  6939 E Battery : AppStats: Uid = 10240; pkgName = com.tencent.mm; FgWifiRxBytes = 0 Bytes; BgWifiRxBytes = 213202 Bytes; FgWifiTxBytes = 0 Bytes; BgWifiTxBytes = 79330 Bytes; FgWifiRxPackets = 0 ; BgWifiRxPackets = 668 ; FgWifiTxPackets = 0 ; BgWifiTxPackets = 857 ; FgWiFiScanTimeMs = 0 ; BgWiFiScanTimeMs = 0 ; FgWiFiBatchScanTimeMs = 0 ; BgWiFiBatchScanTimeMs = 0 
04-04 14:30:24.986  6419  6939 E Battery : AppStats: Uid = 10240; pkgName = com.tencent.mm; FgWifiRxPacketsPower = 0.0 mAh; BgWifiRxPacketsPower = 0.004137888550758362 mAh; FgWifiTxPacketsPower = 0.0 mAh; BgWifiTxPacketsPower = 0.005308638792484999 mAh; FgWifiScanPower = 0.0 mAh; BgWifiScanPower = 0.0 mAh; FgWifiBatchScanPower = 0.0 mAh; BgWifiBatchScanPower = 0.0 mAh; FgWiFiTotalPower = 0.0 mAh; BgWiFiTotalPower = 0.00944652734324336 mAh.
04-04 14:30:24.986  6419  6939 E Battery : AppStats: Uid = 10240; pkgName = com.tencent.mm; FgGpsTime = 0 ms; BgGpsTime = 0 ms.
04-04 14:30:24.986  6419  6939 E Battery : AppStats: Uid = 10240; pkgName = com.tencent.mm; FgGpsPower = 0.0 mAh; BgGpsPower = 0.0 mAh.
04-04 14:30:24.986  6419  6939 E Battery : AppStats: Uid = 10240; pkgName = com.tencent.mm; FgSensorTime = 0 ms; BgSensorTime = 0 ms.
04-04 14:30:24.986  6419  6939 E Battery : AppStats: Uid = 10240; pkgName = com.tencent.mm; FgSensorPower = 0.0 mAh; BgSensorPower = 0.0 mAh.
04-04 14:30:24.986  6419  6939 E Battery : AppStats: Uid = 10240; pkgName = com.tencent.mm; FgCameraTime = 0 ms; BgCameraTime = 0 ms
04-04 14:30:24.986  6419  6939 E Battery : AppStats: Uid = 10240; pkgName = com.tencent.mm; FgCameraPower = 0.0 mAh; BgCameraPower = 0.0 mAh
04-04 14:30:24.986  6419  6939 E Battery : AppStats: Uid = 10240; pkgName = com.tencent.mm; FgFlashLightTime = 0 ms; BgFlashLightTime = 0 ms
04-04 14:30:24.986  6419  6939 E Battery : AppStats: Uid = 10240; pkgName = com.tencent.mm; FgFlashLightPower = 0.0 mAh; BgFlashLightPower = 0.0 mAh
04-04 14:30:25.017  6419  6939 E Battery : AppStats: Uid = 10116; pkgName = com.heytap.xgame; CpuFgTime = 0 ms; CpuBgTime = 5588 ms.
04-04 14:30:25.017  6419  6939 E Battery : AppStats: Uid = 10116; pkgName = com.heytap.xgame; CpuKernelFgTime = 0 ms; CpuKernelBgTime = 1400 ms.
04-04 14:30:25.017  6419  6939 E Battery : AppStats: Uid = 10116; pkgName = com.heytap.xgame; CpuUserFgTime = 0 ms ; CpuUserBgTime = 4188 ms.
04-04 14:30:25.017  6419  6939 E Battery : AppStats: Uid = 10116; pkgName = com.heytap.xgame; CpuFgPower = 0.0 mAh.; CpuBgPower = 0.3321076388888889 mAh.
04-04 14:30:25.017  6419  6939 E Battery : AppStats: Uid = 10116; pkgName = com.heytap.xgame; AlarmFgWakeupCount = 0; AlarmBgWakeupCount = 1
04-04 14:30:25.017  6419  6939 E Battery : AppStats: Uid = 10116; pkgName = com.heytap.xgame; JobFgCount = 0; JobBgCount = 0; JobFgTime = 0; JobBgTime = 0
04-04 14:30:25.017  6419  6939 E Battery : AppStats: Uid = 10116; pkgName = com.heytap.xgame; SyncFgCount = 0; SyncBgCount = 0; SyncFgTime = 0; SyncBgTime = 0
04-04 14:30:25.017  6419  6939 E Battery : AppStats: Uid = 10116; pkgName = com.heytap.xgame; WakeLockFgTime = 0 ms; WakeLockFgPower = 0.0 mAh.; WakeLockBgTime = 1 ms; WakeLockBgPower = 1.8055555555555555E-6 mAh.
04-04 14:30:25.017  6419  6939 E Battery : AppStats: Uid = 10116; pkgName = com.heytap.xgame; FgWifiRxBytes = 0 Bytes; BgWifiRxBytes = 151389 Bytes; FgWifiTxBytes = 0 Bytes; BgWifiTxBytes = 44720 Bytes; FgWifiRxPackets = 0 ; BgWifiRxPackets = 226 ; FgWifiTxPackets = 0 ; BgWifiTxPackets = 245 ; FgWiFiScanTimeMs = 0 ; BgWiFiScanTimeMs = 0 ; FgWiFiBatchScanTimeMs = 0 ; BgWiFiBatchScanTimeMs = 0 
04-04 14:30:25.017  6419  6939 E Battery : AppStats: Uid = 10116; pkgName = com.heytap.xgame; FgWifiRxPacketsPower = 0.0 mAh; BgWifiRxPacketsPower = 0.0013999444199725986 mAh; FgWifiTxPacketsPower = 0.0 mAh; BgWifiTxPacketsPower = 0.001517638796940446 mAh; FgWifiScanPower = 0.0 mAh; BgWifiScanPower = 0.0 mAh; FgWifiBatchScanPower = 0.0 mAh; BgWifiBatchScanPower = 0.0 mAh; FgWiFiTotalPower = 0.0 mAh; BgWiFiTotalPower = 0.0029175832169130445 mAh.
04-04 14:30:25.017  6419  6939 E Battery : AppStats: Uid = 10116; pkgName = com.heytap.xgame; FgGpsTime = 0 ms; BgGpsTime = 0 ms.
04-04 14:30:25.017  6419  6939 E Battery : AppStats: Uid = 10116; pkgName = com.heytap.xgame; FgGpsPower = 0.0 mAh; BgGpsPower = 0.0 mAh.
04-04 14:30:25.017  6419  6939 E Battery : AppStats: Uid = 10116; pkgName = com.heytap.xgame; FgSensorTime = 0 ms; BgSensorTime = 0 ms.
04-04 14:30:25.017  6419  6939 E Battery : AppStats: Uid = 10116; pkgName = com.heytap.xgame; FgSensorPower = 0.0 mAh; BgSensorPower = 0.0 mAh.
04-04 14:30:25.017  6419  6939 E Battery : AppStats: Uid = 10116; pkgName = com.heytap.xgame; FgCameraTime = 0 ms; BgCameraTime = 0 ms
04-04 14:30:25.017  6419  6939 E Battery : AppStats: Uid = 10116; pkgName = com.heytap.xgame; FgCameraPower = 0.0 mAh; BgCameraPower = 0.0 mAh
04-04 14:30:25.017  6419  6939 E Battery : AppStats: Uid = 10116; pkgName = com.heytap.xgame; FgFlashLightTime = 0 ms; BgFlashLightTime = 0 ms
04-04 14:30:25.017  6419  6939 E Battery : AppStats: Uid = 10116; pkgName = com.heytap.xgame; FgFlashLightPower = 0.0 mAh; BgFlashLightPower = 0.0 mAh
04-04 14:30:25.046  6419  6939 E Battery : AppStats: Uid = 10196; pkgName = com.coloros.weather2; CpuFgTime = 0 ms; CpuBgTime = 701 ms.
04-04 14:30:25.046  6419  6939 E Battery : AppStats: Uid = 10196; pkgName = com.coloros.weather2; CpuKernelFgTime = 0 ms; CpuKernelBgTime = 215 ms.
04-04 14:30:25.046  6419  6939 E Battery : AppStats: Uid = 10196; pkgName = com.coloros.weather2; CpuUserFgTime = 0 ms ; CpuUserBgTime = 486 ms.
04-04 14:30:25.046  6419  6939 E Battery : AppStats: Uid = 10196; pkgName = com.coloros.weather2; CpuFgPower = 0.0 mAh.; CpuBgPower = 0.04260777777777778 mAh.
04-04 14:30:25.046  6419  6939 E Battery : AppStats: Uid = 10196; pkgName = com.coloros.weather2; AlarmFgWakeupCount = 0; AlarmBgWakeupCount = 0
04-04 14:30:25.046  6419  6939 E Battery : AppStats: Uid = 10196; pkgName = com.coloros.weather2; JobFgCount = 0; JobBgCount = 0; JobFgTime = 0; JobBgTime = 0
04-04 14:30:25.046  6419  6939 E Battery : AppStats: Uid = 10196; pkgName = com.coloros.weather2; SyncFgCount = 0; SyncBgCount = 0; SyncFgTime = 0; SyncBgTime = 0
04-04 14:30:25.046  6419  6939 E Battery : AppStats: Uid = 10196; pkgName = com.coloros.weather2; WakeLockFgTime = 0 ms; WakeLockFgPower = 0.0 mAh.; WakeLockBgTime = 0 ms; WakeLockBgPower = 0.0 mAh.
04-04 14:30:25.046  6419  6939 E Battery : AppStats: Uid = 10196; pkgName = com.coloros.weather2; FgWifiRxBytes = 0 Bytes; BgWifiRxBytes = 488153 Bytes; FgWifiTxBytes = 0 Bytes; BgWifiTxBytes = 142313 Bytes; FgWifiRxPackets = 0 ; BgWifiRxPackets = 1094 ; FgWifiTxPackets = 0 ; BgWifiTxPackets = 1264 ; FgWiFiScanTimeMs = 0 ; BgWiFiScanTimeMs = 0 ; FgWiFiBatchScanTimeMs = 0 ; BgWiFiBatchScanTimeMs = 0 
04-04 14:30:25.046  6419  6939 E Battery : AppStats: Uid = 10196; pkgName = com.coloros.weather2; FgWifiRxPacketsPower = 0.0 mAh; BgWifiRxPacketsPower = 0.08470902591943741 mAh; FgWifiTxPacketsPower = 0.0 mAh; BgWifiTxPacketsPower = 0.09787221997976303 mAh; FgWifiScanPower = 0.0 mAh; BgWifiScanPower = 0.0 mAh; FgWifiBatchScanPower = 0.0 mAh; BgWifiBatchScanPower = 0.0 mAh; FgWiFiTotalPower = 0.0 mAh; BgWiFiTotalPower = 0.18258124589920044 mAh.
04-04 14:30:25.046  6419  6939 E Battery : AppStats: Uid = 10196; pkgName = com.coloros.weather2; FgGpsTime = 0 ms; BgGpsTime = 0 ms.
04-04 14:30:25.046  6419  6939 E Battery : AppStats: Uid = 10196; pkgName = com.coloros.weather2; FgGpsPower = 0.0 mAh; BgGpsPower = 0.0 mAh.
04-04 14:30:25.046  6419  6939 E Battery : AppStats: Uid = 10196; pkgName = com.coloros.weather2; FgSensorTime = 0 ms; BgSensorTime = 0 ms.
04-04 14:30:25.046  6419  6939 E Battery : AppStats: Uid = 10196; pkgName = com.coloros.weather2; FgSensorPower = 0.0 mAh; BgSensorPower = 0.0 mAh.
04-04 14:30:25.046  6419  6939 E Battery : AppStats: Uid = 10196; pkgName = com.coloros.weather2; FgCameraTime = 0 ms; BgCameraTime = 0 ms
04-04 14:30:25.046  6419  6939 E Battery : AppStats: Uid = 10196; pkgName = com.coloros.weather2; FgCameraPower = 0.0 mAh; BgCameraPower = 0.0 mAh
04-04 14:30:25.046  6419  6939 E Battery : AppStats: Uid = 10196; pkgName = com.coloros.weather2; FgFlashLightTime = 0 ms; BgFlashLightTime = 0 ms
04-04 14:30:25.046  6419  6939 E Battery : AppStats: Uid = 10196; pkgName = com.coloros.weather2; FgFlashLightPower = 0.0 mAh; BgFlashLightPower = 0.0 mAh
04-04 14:30:25.060  6419  6939 E Battery : AppStats: Uid = 10601; pkgName = com.oplus.games; CpuFgTime = 0 ms; CpuBgTime = 8400 ms.
04-04 14:30:25.060  6419  6939 E Battery : AppStats: Uid = 10601; pkgName = com.oplus.games; CpuKernelFgTime = 0 ms; CpuKernelBgTime = 1773 ms.
04-04 14:30:25.060  6419  6939 E Battery : AppStats: Uid = 10601; pkgName = com.oplus.games; CpuUserFgTime = 0 ms ; CpuUserBgTime = 6627 ms.
04-04 14:30:25.060  6419  6939 E Battery : AppStats: Uid = 10601; pkgName = com.oplus.games; CpuFgPower = 0.0 mAh.; CpuBgPower = 0.3997058333333333 mAh.
04-04 14:30:25.060  6419  6939 E Battery : AppStats: Uid = 10601; pkgName = com.oplus.games; AlarmFgWakeupCount = 0; AlarmBgWakeupCount = 0
04-04 14:30:25.060  6419  6939 E Battery : AppStats: Uid = 10601; pkgName = com.oplus.games; JobFgCount = 0; JobBgCount = 0; JobFgTime = 0; JobBgTime = 0
04-04 14:30:25.061  6419  6939 E Battery : AppStats: Uid = 10601; pkgName = com.oplus.games; SyncFgCount = 0; SyncBgCount = 0; SyncFgTime = 0; SyncBgTime = 0
04-04 14:30:25.061  6419  6939 E Battery : AppStats: Uid = 10601; pkgName = com.oplus.games; WakeLockFgTime = 0 ms; WakeLockFgPower = 0.0 mAh.; WakeLockBgTime = 0 ms; WakeLockBgPower = 0.0 mAh.
04-04 14:30:25.061  6419  6939 E Battery : AppStats: Uid = 10601; pkgName = com.oplus.games; FgWifiRxBytes = 0 Bytes; BgWifiRxBytes = 163833 Bytes; FgWifiTxBytes = 0 Bytes; BgWifiTxBytes = 64315 Bytes; FgWifiRxPackets = 0 ; BgWifiRxPackets = 448 ; FgWifiTxPackets = 0 ; BgWifiTxPackets = 533 ; FgWiFiScanTimeMs = 0 ; BgWiFiScanTimeMs = 0 ; FgWiFiBatchScanTimeMs = 0 ; BgWiFiBatchScanTimeMs = 0 
04-04 14:30:25.061  6419  6939 E Battery : AppStats: Uid = 10601; pkgName = com.oplus.games; FgWifiRxPacketsPower = 0.0 mAh; BgWifiRxPacketsPower = 0.034688886255025864 mAh; FgWifiTxPacketsPower = 0.0 mAh; BgWifiTxPacketsPower = 0.041270483285188675 mAh; FgWifiScanPower = 0.0 mAh; BgWifiScanPower = 0.0 mAh; FgWifiBatchScanPower = 0.0 mAh; BgWifiBatchScanPower = 0.0 mAh; FgWiFiTotalPower = 0.0 mAh; BgWiFiTotalPower = 0.07595936954021454 mAh.
04-04 14:30:25.061  6419  6939 E Battery : AppStats: Uid = 10601; pkgName = com.oplus.games; FgGpsTime = 0 ms; BgGpsTime = 0 ms.
04-04 14:30:25.061  6419  6939 E Battery : AppStats: Uid = 10601; pkgName = com.oplus.games; FgGpsPower = 0.0 mAh; BgGpsPower = 0.0 mAh.
04-04 14:30:25.061  6419  6939 E Battery : AppStats: Uid = 10601; pkgName = com.oplus.games; FgSensorTime = 0 ms; BgSensorTime = 0 ms.
04-04 14:30:25.061  6419  6939 E Battery : AppStats: Uid = 10601; pkgName = com.oplus.games; FgSensorPower = 0.0 mAh; BgSensorPower = 0.0 mAh.
04-04 14:30:25.061  6419  6939 E Battery : AppStats: Uid = 10601; pkgName = com.oplus.games; FgCameraTime = 0 ms; BgCameraTime = 0 ms
04-04 14:30:25.061  6419  6939 E Battery : AppStats: Uid = 10601; pkgName = com.oplus.games; FgCameraPower = 0.0 mAh; BgCameraPower = 0.0 mAh
04-04 14:30:25.061  6419  6939 E Battery : AppStats: Uid = 10601; pkgName = com.oplus.games; FgFlashLightTime = 0 ms; BgFlashLightTime = 0 ms
04-04 14:30:25.061  6419  6939 E Battery : AppStats: Uid = 10601; pkgName = com.oplus.games; FgFlashLightPower = 0.0 mAh; BgFlashLightPower = 0.0 mAh
04-04 14:30:25.076  6419  7082 E Battery : AppStats: Uid = 10622; pkgName = com.happyelements.es2; CpuTime = 0 ms; CpuTotalTime = 0 ms
04-04 14:30:25.076  6419  7082 E Battery : AppStats: Uid = 10622; pkgName = com.happyelements.es2; CpuKernelTime = 0 ms; CpuTotalKernelTime = 0 ms
04-04 14:30:25.076  6419  7082 E Battery : AppStats: Uid = 10622; pkgName = com.happyelements.es2; CpuUserTime = 0 ms; CpuTotalUserTime = 0 ms
04-04 14:30:25.076  6419  7082 E Battery : AppStats: Uid = 10622; pkgName = com.happyelements.es2; CpuPower = 0.0 mAh.; CpuTotalPower = 0.0 mAh.
04-04 14:30:25.076  6419  7082 E Battery : AppStats: Uid = 10622; pkgName = com.happyelements.es2; AlarmWakeupCount = 0; AlarmTotalWakeupCount = 0
04-04 14:30:25.076  6419  7082 E Battery : AppStats: Uid = 10622; pkgName = com.happyelements.es2; JobCount = 0; JobTime = 0; JobTotalCount = 0; JobTotalTime = 0
04-04 14:30:25.076  6419  7082 E Battery : AppStats: Uid = 10622; pkgName = com.happyelements.es2; SyncCount = 0; SyncTime = 0; SyncTotalCount = 0; SyncTotalTime = 0
04-04 14:30:25.076  6419  7082 E Battery : AppStats: Uid = 10622; pkgName = com.happyelements.es2; WakeLockTime = 0 ms; WakeLockPower = 0.0 mAh.; WakeLockTotalTime = 0 ms; WakeLockTotalPower = 0.0 mAh.
04-04 14:30:25.076  6419  7082 E Battery : AppStats: Uid = 10622; pkgName = com.happyelements.es2; WifiRxBytes = 400883784 Bytes; WifiTxBytes = 7858810 Bytes; WifiRxPackets = 294600 ; WifiTxPackets = 97004 ; WiFiScanTimeMs = 0 ; WiFiBatchScanTimeMs = 0 
04-04 14:30:25.076  6419  7082 E Battery : AppStats: Uid = 10622; pkgName = com.happyelements.es2; WifiRxPacketsPower = 1.824883222579956 mAh; WifiTxPacketsPower = 0.6008858680725098 mAh; WifiScanPower = 0.0 mAh; WifiBatchScanPower = 0.0 mAh; WiFiTotalPower = 2.425769090652466 mAh
04-04 14:30:25.076  6419  7082 E Battery : AppStats: Uid = 10622; pkgName = com.happyelements.es2; GpsTime = 0 ms; GpsTotalTime = 0 ms
04-04 14:30:25.076  6419  7082 E Battery : AppStats: Uid = 10622; pkgName = com.happyelements.es2; GpsPower = 0.0 mAh; GpsTotalPower = 0.0 mAh
04-04 14:30:25.076  6419  7082 E Battery : AppStats: Uid = 10622; pkgName = com.happyelements.es2; SensorTime = 0 ms; SensorTotalTime = 0 ms
04-04 14:30:25.076  6419  7082 E Battery : AppStats: Uid = 10622; pkgName = com.happyelements.es2; SensorPower = 0.0 mAh; SensorTotalPower = 0.0 mAh
04-04 14:30:25.076  6419  7082 E Battery : AppStats: Uid = 10622; pkgName = com.happyelements.es2; CameraTime = 0 ms; CameraTotalTime = 0 ms
04-04 14:30:25.076  6419  7082 E Battery : AppStats: Uid = 10622; pkgName = com.happyelements.es2; CameraPower = 0.0 mAh; CameraTotalPower = 0.0 ms
04-04 14:30:25.076  6419  7082 E Battery : AppStats: Uid = 10622; pkgName = com.happyelements.es2; FlashLightTime = 0 ms; FlashLightTotalTime = 0 ms
04-04 14:30:25.076  6419  7082 E Battery : AppStats: Uid = 10622; pkgName = com.happyelements.es2; FlashLightPower = 0.0 mAh; FlashLightTotalPower = 0.0 mAh
04-04 14:30:25.094  6419  7082 E Battery : AppStats: Uid = 10134; pkgName = com.coloros.regservice; CpuTime = 125 ms; CpuTotalTime = 0 ms
04-04 14:30:25.094  6419  7082 E Battery : AppStats: Uid = 10134; pkgName = com.coloros.regservice; CpuKernelTime = 78 ms; CpuTotalKernelTime = 0 ms
04-04 14:30:25.094  6419  7082 E Battery : AppStats: Uid = 10134; pkgName = com.coloros.regservice; CpuUserTime = 47 ms; CpuTotalUserTime = 0 ms
04-04 14:30:25.094  6419  7082 E Battery : AppStats: Uid = 10134; pkgName = com.coloros.regservice; CpuPower = 0.00833 mAh.; CpuTotalPower = 0.0 mAh.
04-04 14:30:25.094  6419  7082 E Battery : AppStats: Uid = 10134; pkgName = com.coloros.regservice; AlarmWakeupCount = 0; AlarmTotalWakeupCount = 0
04-04 14:30:25.094  6419  7082 E Battery : AppStats: Uid = 10134; pkgName = com.coloros.regservice; JobCount = 0; JobTime = 0; JobTotalCount = 0; JobTotalTime = 0
04-04 14:30:25.094  6419  7082 E Battery : AppStats: Uid = 10134; pkgName = com.coloros.regservice; SyncCount = 0; SyncTime = 0; SyncTotalCount = 0; SyncTotalTime = 0
04-04 14:30:25.094  6419  7082 E Battery : AppStats: Uid = 10134; pkgName = com.coloros.regservice; WakeLockTime = 0 ms; WakeLockPower = 0.0 mAh.; WakeLockTotalTime = 0 ms; WakeLockTotalPower = 0.0 mAh.
04-04 14:30:25.094  6419  7082 E Battery : AppStats: Uid = 10134; pkgName = com.coloros.regservice; WifiRxBytes = 1657484 Bytes; WifiTxBytes = 1462067 Bytes; WifiRxPackets = 4184 ; WifiTxPackets = 4666 ; WiFiScanTimeMs = 0 ; WiFiBatchScanTimeMs = 0 
04-04 14:30:25.094  6419  7082 E Battery : AppStats: Uid = 10134; pkgName = com.coloros.regservice; WifiRxPacketsPower = 0.08099235594272614 mAh; WifiTxPacketsPower = 0.09032274037599564 mAh; WifiScanPower = 0.0 mAh; WifiBatchScanPower = 0.0 mAh; WiFiTotalPower = 0.17131508886814117 mAh
04-04 14:30:25.094  6419  7082 E Battery : AppStats: Uid = 10134; pkgName = com.coloros.regservice; GpsTime = 0 ms; GpsTotalTime = 0 ms
04-04 14:30:25.094  6419  7082 E Battery : AppStats: Uid = 10134; pkgName = com.coloros.regservice; GpsPower = 0.0 mAh; GpsTotalPower = 0.0 mAh
04-04 14:30:25.094  6419  7082 E Battery : AppStats: Uid = 10134; pkgName = com.coloros.regservice; SensorTime = 0 ms; SensorTotalTime = 0 ms
04-04 14:30:25.094  6419  7082 E Battery : AppStats: Uid = 10134; pkgName = com.coloros.regservice; SensorPower = 0.0 mAh; SensorTotalPower = 0.0 mAh
04-04 14:30:25.094  6419  7082 E Battery : AppStats: Uid = 10134; pkgName = com.coloros.regservice; CameraTime = 0 ms; CameraTotalTime = 0 ms
04-04 14:30:25.094  6419  7082 E Battery : AppStats: Uid = 10134; pkgName = com.coloros.regservice; CameraPower = 0.0 mAh; CameraTotalPower = 0.0 ms
04-04 14:30:25.095  6419  7082 E Battery : AppStats: Uid = 10134; pkgName = com.coloros.regservice; FlashLightTime = 0 ms; FlashLightTotalTime = 0 ms
04-04 14:30:25.095  6419  7082 E Battery : AppStats: Uid = 10134; pkgName = com.coloros.regservice; FlashLightPower = 0.0 mAh; FlashLightTotalPower = 0.0 mAh
04-04 14:30:25.119  6419  7082 E Battery : AppStats: Uid = 10621; pkgName = com.oceangames.combo.us.googleplay; CpuTime = 0 ms; CpuTotalTime = 0 ms
04-04 14:30:25.119  6419  7082 E Battery : AppStats: Uid = 10621; pkgName = com.oceangames.combo.us.googleplay; CpuKernelTime = 0 ms; CpuTotalKernelTime = 0 ms
04-04 14:30:25.119  6419  7082 E Battery : AppStats: Uid = 10621; pkgName = com.oceangames.combo.us.googleplay; CpuUserTime = 0 ms; CpuTotalUserTime = 0 ms
04-04 14:30:25.119  6419  7082 E Battery : AppStats: Uid = 10621; pkgName = com.oceangames.combo.us.googleplay; CpuPower = 0.0 mAh.; CpuTotalPower = 0.0 mAh.
04-04 14:30:25.119  6419  7082 E Battery : AppStats: Uid = 10621; pkgName = com.oceangames.combo.us.googleplay; AlarmWakeupCount = 0; AlarmTotalWakeupCount = 0
04-04 14:30:25.119  6419  7082 E Battery : AppStats: Uid = 10621; pkgName = com.oceangames.combo.us.googleplay; JobCount = 0; JobTime = 0; JobTotalCount = 0; JobTotalTime = 0
04-04 14:30:25.119  6419  7082 E Battery : AppStats: Uid = 10621; pkgName = com.oceangames.combo.us.googleplay; SyncCount = 0; SyncTime = 0; SyncTotalCount = 0; SyncTotalTime = 0
04-04 14:30:25.119  6419  7082 E Battery : AppStats: Uid = 10621; pkgName = com.oceangames.combo.us.googleplay; WakeLockTime = 0 ms; WakeLockPower = 0.0 mAh.; WakeLockTotalTime = 0 ms; WakeLockTotalPower = 0.0 mAh.
04-04 14:30:25.119  6419  7082 E Battery : AppStats: Uid = 10621; pkgName = com.oceangames.combo.us.googleplay; WifiRxBytes = 426404 Bytes; WifiTxBytes = 176201 Bytes; WifiRxPackets = 896 ; WifiTxPackets = 1151 ; WiFiScanTimeMs = 0 ; WiFiBatchScanTimeMs = 0 
04-04 14:30:25.119  6419  7082 E Battery : AppStats: Uid = 10621; pkgName = com.oceangames.combo.us.googleplay; WifiRxPacketsPower = 0.06937777251005173 mAh; WifiTxPacketsPower = 0.08912256360054016 mAh; WifiScanPower = 0.0 mAh; WifiBatchScanPower = 0.0 mAh; WiFiTotalPower = 0.15850034356117249 mAh
04-04 14:30:25.119  6419  7082 E Battery : AppStats: Uid = 10621; pkgName = com.oceangames.combo.us.googleplay; GpsTime = 0 ms; GpsTotalTime = 0 ms
04-04 14:30:25.119  6419  7082 E Battery : AppStats: Uid = 10621; pkgName = com.oceangames.combo.us.googleplay; GpsPower = 0.0 mAh; GpsTotalPower = 0.0 mAh
04-04 14:30:25.119  6419  7082 E Battery : AppStats: Uid = 10621; pkgName = com.oceangames.combo.us.googleplay; SensorTime = 0 ms; SensorTotalTime = 0 ms
04-04 14:30:25.119  6419  7082 E Battery : AppStats: Uid = 10621; pkgName = com.oceangames.combo.us.googleplay; SensorPower = 0.0 mAh; SensorTotalPower = 0.0 mAh
04-04 14:30:25.119  6419  7082 E Battery : AppStats: Uid = 10621; pkgName = com.oceangames.combo.us.googleplay; CameraTime = 0 ms; CameraTotalTime = 0 ms
04-04 14:30:25.119  6419  7082 E Battery : AppStats: Uid = 10621; pkgName = com.oceangames.combo.us.googleplay; CameraPower = 0.0 mAh; CameraTotalPower = 0.0 ms
04-04 14:30:25.119  6419  7082 E Battery : AppStats: Uid = 10621; pkgName = com.oceangames.combo.us.googleplay; FlashLightTime = 0 ms; FlashLightTotalTime = 0 ms
04-04 14:30:25.119  6419  7082 E Battery : AppStats: Uid = 10621; pkgName = com.oceangames.combo.us.googleplay; FlashLightPower = 0.0 mAh; FlashLightTotalPower = 0.0 mAh
04-04 14:30:25.141  6419  7082 E Battery : AppStats: Uid = 10240; pkgName = com.tencent.mm; CpuTime = 56988 ms; CpuTotalTime = 47777 ms
04-04 14:30:25.141  6419  7082 E Battery : AppStats: Uid = 10240; pkgName = com.tencent.mm; CpuKernelTime = 20347 ms; CpuTotalKernelTime = 16434 ms
04-04 14:30:25.141  6419  7082 E Battery : AppStats: Uid = 10240; pkgName = com.tencent.mm; CpuUserTime = 36641 ms; CpuTotalUserTime = 31343 ms
04-04 14:30:25.141  6419  7082 E Battery : AppStats: Uid = 10240; pkgName = com.tencent.mm; CpuPower = 3.124356388888889 mAh.; CpuTotalPower = 2.5985755555555556 mAh.
04-04 14:30:25.141  6419  7082 E Battery : AppStats: Uid = 10240; pkgName = com.tencent.mm; AlarmWakeupCount = 194; AlarmTotalWakeupCount = 163
04-04 14:30:25.141  6419  7082 E Battery : AppStats: Uid = 10240; pkgName = com.tencent.mm; JobCount = 0; JobTime = 0; JobTotalCount = 0; JobTotalTime = 0
04-04 14:30:25.141  6419  7082 E Battery : AppStats: Uid = 10240; pkgName = com.tencent.mm; SyncCount = 0; SyncTime = 0; SyncTotalCount = 0; SyncTotalTime = 0
04-04 14:30:25.141  6419  7082 E Battery : AppStats: Uid = 10240; pkgName = com.tencent.mm; WakeLockTime = 164325 ms; WakeLockPower = 0.0 mAh.; WakeLockTotalTime = 137831 ms; WakeLockTotalPower = 0.24886152777777779 mAh.
04-04 14:30:25.141  6419  7082 E Battery : AppStats: Uid = 10240; pkgName = com.tencent.mm; WifiRxBytes = 289020989 Bytes; WifiTxBytes = 21434152 Bytes; WifiRxPackets = 297338 ; WifiTxPackets = 190906 ; WiFiScanTimeMs = 0 ; WiFiBatchScanTimeMs = 0 
04-04 14:30:25.141  6419  7082 E Battery : AppStats: Uid = 10240; pkgName = com.tencent.mm; WifiRxPacketsPower = 1.8418437242507935 mAh; WifiTxPacketsPower = 1.1825566291809082 mAh; WifiScanPower = 0.0 mAh; WifiBatchScanPower = 0.0 mAh; WiFiTotalPower = 3.024400234222412 mAh
04-04 14:30:25.141  6419  7082 E Battery : AppStats: Uid = 10240; pkgName = com.tencent.mm; GpsTime = 0 ms; GpsTotalTime = 0 ms
04-04 14:30:25.141  6419  7082 E Battery : AppStats: Uid = 10240; pkgName = com.tencent.mm; GpsPower = 0.0 mAh; GpsTotalPower = 0.0 mAh
04-04 14:30:25.141  6419  7082 E Battery : AppStats: Uid = 10240; pkgName = com.tencent.mm; SensorTime = 0 ms; SensorTotalTime = 0 ms
04-04 14:30:25.141  6419  7082 E Battery : AppStats: Uid = 10240; pkgName = com.tencent.mm; SensorPower = 0.0 mAh; SensorTotalPower = 0.0 mAh
04-04 14:30:25.141  6419  7082 E Battery : AppStats: Uid = 10240; pkgName = com.tencent.mm; CameraTime = 0 ms; CameraTotalTime = 0 ms
04-04 14:30:25.141  6419  7082 E Battery : AppStats: Uid = 10240; pkgName = com.tencent.mm; CameraPower = 0.0 mAh; CameraTotalPower = 0.0 ms
