04-04 14:28:00.020  2145  8626 E OplusCustomizeRestrictionManagerService: isBiometricDisabled start
04-04 14:28:00.021  2145  5653 E OplusCustomizeRestrictionManagerService: isBiometricDisabled start
04-04 14:28:00.024  3913 17173 E NearX.CloudConfig(mdp_1996).R.CloudConfig: multiple points
04-04 14:28:00.024  3913 17173 E NearX.CloudConfig(mdp_1996).R.CloudConfig: java.lang.NumberFormatException: multiple points
04-04 14:28:00.024  3913 17173 E NearX.CloudConfig(mdp_1996).R.CloudConfig: 	at jdk.internal.math.FloatingDecimal.readJavaFormatString(FloatingDecimal.java:1914)
04-04 14:28:00.024  3913 17173 E NearX.CloudConfig(mdp_1996).R.CloudConfig: 	at jdk.internal.math.FloatingDecimal.parseDouble(FloatingDecimal.java:110)
04-04 14:28:00.024  3913 17173 E NearX.CloudConfig(mdp_1996).R.CloudConfig: 	at java.lang.Double.parseDouble(Double.java:543)
04-04 14:28:00.024  3913 17173 E NearX.CloudConfig(mdp_1996).R.CloudConfig: 	at com.oplus.nearx.cloudconfig.util.f.c(Utils.kt:381)
04-04 14:28:00.024  3913 17173 E NearX.CloudConfig(mdp_1996).R.CloudConfig: 	at com.oplus.nearx.cloudconfig.util.f.a(Utils.kt:407)
04-04 14:28:00.024  3913 17173 E NearX.CloudConfig(mdp_1996).R.CloudConfig: 	at com.oplus.nearx.cloudconfig.device.e.a(ApkBuildInfo.kt:68)
04-04 14:28:00.024  3913 17173 E NearX.CloudConfig(mdp_1996).R.CloudConfig: 	at com.oplus.nearx.cloudconfig.a.e(CloudConfigCtrl.kt:282)
04-04 14:28:00.024  3913 17173 E NearX.CloudConfig(mdp_1996).R.CloudConfig: 	at a.a.a.dxs.b(DynamicAreaHost.kt:66)
04-04 14:28:00.024  3913 17173 E NearX.CloudConfig(mdp_1996).R.CloudConfig: 	at a.a.a.dxs.a(DynamicAreaHost.kt:48)
04-04 14:28:00.024  3913 17173 E NearX.CloudConfig(mdp_1996).R.CloudConfig: 	at com.oplus.nearx.cloudconfig.datasource.b.b(ConfigsUpdateLogic.kt:101)
04-04 14:28:00.024  3913 17173 E NearX.CloudConfig(mdp_1996).R.CloudConfig: 	at com.oplus.nearx.cloudconfig.datasource.b.a(ConfigsUpdateLogic.kt:32)
04-04 14:28:00.024  3913 17173 E NearX.CloudConfig(mdp_1996).R.CloudConfig: 	at com.oplus.nearx.cloudconfig.datasource.b$a.a(ConfigsUpdateLogic.kt:71)
04-04 14:28:00.024  3913 17173 E NearX.CloudConfig(mdp_1996).R.CloudConfig: 	at com.oplus.nearx.cloudconfig.datasource.b$a.call(ConfigsUpdateLogic.kt:32)
04-04 14:28:00.024  3913 17173 E NearX.CloudConfig(mdp_1996).R.CloudConfig: 	at com.oplus.threadtask.d.call(TimeoutCallable.java:40)
04-04 14:28:00.024  3913 17173 E NearX.CloudConfig(mdp_1996).R.CloudConfig: 	at java.util.concurrent.FutureTask.run(FutureTask.java:264)
04-04 14:28:00.024  3913 17173 E NearX.CloudConfig(mdp_1996).R.CloudConfig: 	at java.util.concurrent.ScheduledThreadPoolExecutor$ScheduledFutureTask.run(ScheduledThreadPoolExecutor.java:307)
04-04 14:28:00.024  3913 17173 E NearX.CloudConfig(mdp_1996).R.CloudConfig: 	at java.util.concurrent.ThreadPoolExecutor.runWorker(ThreadPoolExecutor.java:1137)
04-04 14:28:00.024  3913 17173 E NearX.CloudConfig(mdp_1996).R.CloudConfig: 	at java.util.concurrent.ThreadPoolExecutor$Worker.run(ThreadPoolExecutor.java:637)
04-04 14:28:00.024  3913 17173 E NearX.CloudConfig(mdp_1996).R.CloudConfig: 	at java.lang.Thread.run(Thread.java:1012)
04-04 14:28:00.035  3913 17178 E NearX.CloudConfig(mdp_1996).R.CloudConfig: multiple points
04-04 14:28:00.035  3913 17178 E NearX.CloudConfig(mdp_1996).R.CloudConfig: java.lang.NumberFormatException: multiple points
04-04 14:28:00.035  3913 17178 E NearX.CloudConfig(mdp_1996).R.CloudConfig: 	at jdk.internal.math.FloatingDecimal.readJavaFormatString(FloatingDecimal.java:1914)
04-04 14:28:00.035  3913 17178 E NearX.CloudConfig(mdp_1996).R.CloudConfig: 	at jdk.internal.math.FloatingDecimal.parseDouble(FloatingDecimal.java:110)
04-04 14:28:00.035  3913 17178 E NearX.CloudConfig(mdp_1996).R.CloudConfig: 	at java.lang.Double.parseDouble(Double.java:543)
04-04 14:28:00.035  3913 17178 E NearX.CloudConfig(mdp_1996).R.CloudConfig: 	at com.oplus.nearx.cloudconfig.util.f.c(Utils.kt:381)
04-04 14:28:00.035  3913 17178 E NearX.CloudConfig(mdp_1996).R.CloudConfig: 	at com.oplus.nearx.cloudconfig.util.f.a(Utils.kt:407)
04-04 14:28:00.035  3913 17178 E NearX.CloudConfig(mdp_1996).R.CloudConfig: 	at com.oplus.nearx.cloudconfig.device.e.a(ApkBuildInfo.kt:68)
04-04 14:28:00.035  3913 17178 E NearX.CloudConfig(mdp_1996).R.CloudConfig: 	at com.oplus.nearx.cloudconfig.a.e(CloudConfigCtrl.kt:282)
04-04 14:28:00.035  3913 17178 E NearX.CloudConfig(mdp_1996).R.CloudConfig: 	at a.a.a.dxs.b(DynamicAreaHost.kt:66)
04-04 14:28:00.035  3913 17178 E NearX.CloudConfig(mdp_1996).R.CloudConfig: 	at a.a.a.dxs.a(DynamicAreaHost.kt:48)
04-04 14:28:00.035  3913 17178 E NearX.CloudConfig(mdp_1996).R.CloudConfig: 	at com.oplus.nearx.cloudconfig.datasource.b$a.a(ConfigsUpdateLogic.kt:63)
04-04 14:28:00.035  3913 17178 E NearX.CloudConfig(mdp_1996).R.CloudConfig: 	at com.oplus.nearx.cloudconfig.datasource.b$a.call(ConfigsUpdateLogic.kt:32)
04-04 14:28:00.035  3913 17178 E NearX.CloudConfig(mdp_1996).R.CloudConfig: 	at com.oplus.threadtask.d.call(TimeoutCallable.java:40)
04-04 14:28:00.035  3913 17178 E NearX.CloudConfig(mdp_1996).R.CloudConfig: 	at java.util.concurrent.FutureTask.run(FutureTask.java:264)
04-04 14:28:00.035  3913 17178 E NearX.CloudConfig(mdp_1996).R.CloudConfig: 	at java.util.concurrent.ScheduledThreadPoolExecutor$ScheduledFutureTask.run(ScheduledThreadPoolExecutor.java:307)
04-04 14:28:00.035  3913 17178 E NearX.CloudConfig(mdp_1996).R.CloudConfig: 	at java.util.concurrent.ThreadPoolExecutor.runWorker(ThreadPoolExecutor.java:1137)
04-04 14:28:00.035  3913 17178 E NearX.CloudConfig(mdp_1996).R.CloudConfig: 	at java.util.concurrent.ThreadPoolExecutor$Worker.run(ThreadPoolExecutor.java:637)
04-04 14:28:00.035  3913 17178 E NearX.CloudConfig(mdp_1996).R.CloudConfig: 	at java.lang.Thread.run(Thread.java:1012)
04-04 14:28:00.038  3913 17178 E NearX.CloudConfig(mdp_1996).R.CloudConfig: multiple points
04-04 14:28:00.038  3913 17178 E NearX.CloudConfig(mdp_1996).R.CloudConfig: java.lang.NumberFormatException: multiple points
04-04 14:28:00.038  3913 17178 E NearX.CloudConfig(mdp_1996).R.CloudConfig: 	at jdk.internal.math.FloatingDecimal.readJavaFormatString(FloatingDecimal.java:1914)
04-04 14:28:00.038  3913 17178 E NearX.CloudConfig(mdp_1996).R.CloudConfig: 	at jdk.internal.math.FloatingDecimal.parseDouble(FloatingDecimal.java:110)
04-04 14:28:00.038  3913 17178 E NearX.CloudConfig(mdp_1996).R.CloudConfig: 	at java.lang.Double.parseDouble(Double.java:543)
04-04 14:28:00.038  3913 17178 E NearX.CloudConfig(mdp_1996).R.CloudConfig: 	at com.oplus.nearx.cloudconfig.util.f.c(Utils.kt:381)
04-04 14:28:00.038  3913 17178 E NearX.CloudConfig(mdp_1996).R.CloudConfig: 	at com.oplus.nearx.cloudconfig.util.f.a(Utils.kt:407)
04-04 14:28:00.038  3913 17178 E NearX.CloudConfig(mdp_1996).R.CloudConfig: 	at com.oplus.nearx.cloudconfig.device.e.a(ApkBuildInfo.kt:68)
04-04 14:28:00.038  3913 17178 E NearX.CloudConfig(mdp_1996).R.CloudConfig: 	at com.oplus.nearx.cloudconfig.a.e(CloudConfigCtrl.kt:282)
04-04 14:28:00.038  3913 17178 E NearX.CloudConfig(mdp_1996).R.CloudConfig: 	at a.a.a.dxs.b(DynamicAreaHost.kt:66)
04-04 14:28:00.038  3913 17178 E NearX.CloudConfig(mdp_1996).R.CloudConfig: 	at a.a.a.dxs.a(DynamicAreaHost.kt:48)
04-04 14:28:00.038  3913 17178 E NearX.CloudConfig(mdp_1996).R.CloudConfig: 	at com.oplus.nearx.cloudconfig.datasource.b.b(ConfigsUpdateLogic.kt:101)
04-04 14:28:00.038  3913 17178 E NearX.CloudConfig(mdp_1996).R.CloudConfig: 	at com.oplus.nearx.cloudconfig.datasource.b.a(ConfigsUpdateLogic.kt:32)
04-04 14:28:00.038  3913 17178 E NearX.CloudConfig(mdp_1996).R.CloudConfig: 	at com.oplus.nearx.cloudconfig.datasource.b$a.a(ConfigsUpdateLogic.kt:71)
04-04 14:28:00.038  3913 17178 E NearX.CloudConfig(mdp_1996).R.CloudConfig: 	at com.oplus.nearx.cloudconfig.datasource.b$a.call(ConfigsUpdateLogic.kt:32)
04-04 14:28:00.038  3913 17178 E NearX.CloudConfig(mdp_1996).R.CloudConfig: 	at com.oplus.threadtask.d.call(TimeoutCallable.java:40)
04-04 14:28:00.038  3913 17178 E NearX.CloudConfig(mdp_1996).R.CloudConfig: 	at java.util.concurrent.FutureTask.run(FutureTask.java:264)
04-04 14:28:00.038  3913 17178 E NearX.CloudConfig(mdp_1996).R.CloudConfig: 	at java.util.concurrent.ScheduledThreadPoolExecutor$ScheduledFutureTask.run(ScheduledThreadPoolExecutor.java:307)
04-04 14:28:00.038  3913 17178 E NearX.CloudConfig(mdp_1996).R.CloudConfig: 	at java.util.concurrent.ThreadPoolExecutor.runWorker(ThreadPoolExecutor.java:1137)
04-04 14:28:00.038  3913 17178 E NearX.CloudConfig(mdp_1996).R.CloudConfig: 	at java.util.concurrent.ThreadPoolExecutor$Worker.run(ThreadPoolExecutor.java:637)
04-04 14:28:00.038  3913 17178 E NearX.CloudConfig(mdp_1996).R.CloudConfig: 	at java.lang.Thread.run(Thread.java:1012)
04-04 14:28:00.041  3913 17178 E NearX.CloudConfig(mdp_1996).R.CloudConfig: multiple points
04-04 14:28:00.041  3913 17178 E NearX.CloudConfig(mdp_1996).R.CloudConfig: java.lang.NumberFormatException: multiple points
04-04 14:28:00.041  3913 17178 E NearX.CloudConfig(mdp_1996).R.CloudConfig: 	at jdk.internal.math.FloatingDecimal.readJavaFormatString(FloatingDecimal.java:1914)
04-04 14:28:00.041  3913 17178 E NearX.CloudConfig(mdp_1996).R.CloudConfig: 	at jdk.internal.math.FloatingDecimal.parseDouble(FloatingDecimal.java:110)
04-04 14:28:00.041  3913 17178 E NearX.CloudConfig(mdp_1996).R.CloudConfig: 	at java.lang.Double.parseDouble(Double.java:543)
04-04 14:28:00.041  3913 17178 E NearX.CloudConfig(mdp_1996).R.CloudConfig: 	at com.oplus.nearx.cloudconfig.util.f.c(Utils.kt:381)
04-04 14:28:00.041  3913 17178 E NearX.CloudConfig(mdp_1996).R.CloudConfig: 	at com.oplus.nearx.cloudconfig.util.f.a(Utils.kt:407)
04-04 14:28:00.041  3913 17178 E NearX.CloudConfig(mdp_1996).R.CloudConfig: 	at com.oplus.nearx.cloudconfig.device.e.a(ApkBuildInfo.kt:68)
04-04 14:28:00.041  3913 17178 E NearX.CloudConfig(mdp_1996).R.CloudConfig: 	at com.oplus.nearx.cloudconfig.datasource.a.a(CheckUpdateRequest.kt:37)
04-04 14:28:00.041  3913 17178 E NearX.CloudConfig(mdp_1996).R.CloudConfig: 	at com.oplus.nearx.cloudconfig.datasource.b.b(ConfigsUpdateLogic.kt:100)
04-04 14:28:00.041  3913 17178 E NearX.CloudConfig(mdp_1996).R.CloudConfig: 	at com.oplus.nearx.cloudconfig.datasource.b.a(ConfigsUpdateLogic.kt:32)
04-04 14:28:00.041  3913 17178 E NearX.CloudConfig(mdp_1996).R.CloudConfig: 	at com.oplus.nearx.cloudconfig.datasource.b$a.a(ConfigsUpdateLogic.kt:71)
04-04 14:28:00.041  3913 17178 E NearX.CloudConfig(mdp_1996).R.CloudConfig: 	at com.oplus.nearx.cloudconfig.datasource.b$a.call(ConfigsUpdateLogic.kt:32)
04-04 14:28:00.041  3913 17178 E NearX.CloudConfig(mdp_1996).R.CloudConfig: 	at com.oplus.threadtask.d.call(TimeoutCallable.java:40)
04-04 14:28:00.041  3913 17178 E NearX.CloudConfig(mdp_1996).R.CloudConfig: 	at java.util.concurrent.FutureTask.run(FutureTask.java:264)
04-04 14:28:00.041  3913 17178 E NearX.CloudConfig(mdp_1996).R.CloudConfig: 	at java.util.concurrent.ScheduledThreadPoolExecutor$ScheduledFutureTask.run(ScheduledThreadPoolExecutor.java:307)
04-04 14:28:00.041  3913 17178 E NearX.CloudConfig(mdp_1996).R.CloudConfig: 	at java.util.concurrent.ThreadPoolExecutor.runWorker(ThreadPoolExecutor.java:1137)
04-04 14:28:00.041  3913 17178 E NearX.CloudConfig(mdp_1996).R.CloudConfig: 	at java.util.concurrent.ThreadPoolExecutor$Worker.run(ThreadPoolExecutor.java:637)
04-04 14:28:00.041  3913 17178 E NearX.CloudConfig(mdp_1996).R.CloudConfig: 	at java.lang.Thread.run(Thread.java:1012)
04-04 14:28:00.043  3913 17173 E NearX.CloudConfig(mdp_1996).R.CloudConfig: multiple points
04-04 14:28:00.043  3913 17173 E NearX.CloudConfig(mdp_1996).R.CloudConfig: java.lang.NumberFormatException: multiple points
04-04 14:28:00.043  3913 17173 E NearX.CloudConfig(mdp_1996).R.CloudConfig: 	at jdk.internal.math.FloatingDecimal.readJavaFormatString(FloatingDecimal.java:1914)
04-04 14:28:00.043  3913 17173 E NearX.CloudConfig(mdp_1996).R.CloudConfig: 	at jdk.internal.math.FloatingDecimal.parseDouble(FloatingDecimal.java:110)
04-04 14:28:00.043  3913 17173 E NearX.CloudConfig(mdp_1996).R.CloudConfig: 	at java.lang.Double.parseDouble(Double.java:543)
04-04 14:28:00.043  3913 17173 E NearX.CloudConfig(mdp_1996).R.CloudConfig: 	at com.oplus.nearx.cloudconfig.util.f.c(Utils.kt:381)
04-04 14:28:00.043  3913 17173 E NearX.CloudConfig(mdp_1996).R.CloudConfig: 	at com.oplus.nearx.cloudconfig.util.f.a(Utils.kt:407)
04-04 14:28:00.043  3913 17173 E NearX.CloudConfig(mdp_1996).R.CloudConfig: 	at com.oplus.nearx.cloudconfig.device.e.a(ApkBuildInfo.kt:68)
04-04 14:28:00.043  3913 17173 E NearX.CloudConfig(mdp_1996).R.CloudConfig: 	at com.oplus.nearx.cloudconfig.datasource.a.a(CheckUpdateRequest.kt:37)
04-04 14:28:00.043  3913 17173 E NearX.CloudConfig(mdp_1996).R.CloudConfig: 	at com.oplus.nearx.cloudconfig.datasource.b.b(ConfigsUpdateLogic.kt:100)
04-04 14:28:00.043  3913 17173 E NearX.CloudConfig(mdp_1996).R.CloudConfig: 	at com.oplus.nearx.cloudconfig.datasource.b.a(ConfigsUpdateLogic.kt:32)
04-04 14:28:00.043  3913 17173 E NearX.CloudConfig(mdp_1996).R.CloudConfig: 	at com.oplus.nearx.cloudconfig.datasource.b$a.a(ConfigsUpdateLogic.kt:71)
04-04 14:28:00.043  3913 17173 E NearX.CloudConfig(mdp_1996).R.CloudConfig: 	at com.oplus.nearx.cloudconfig.datasource.b$a.call(ConfigsUpdateLogic.kt:32)
04-04 14:28:00.043  3913 17173 E NearX.CloudConfig(mdp_1996).R.CloudConfig: 	at com.oplus.threadtask.d.call(TimeoutCallable.java:40)
04-04 14:28:00.043  3913 17173 E NearX.CloudConfig(mdp_1996).R.CloudConfig: 	at java.util.concurrent.FutureTask.run(FutureTask.java:264)
04-04 14:28:00.043  3913 17173 E NearX.CloudConfig(mdp_1996).R.CloudConfig: 	at java.util.concurrent.ScheduledThreadPoolExecutor$ScheduledFutureTask.run(ScheduledThreadPoolExecutor.java:307)
04-04 14:28:00.043  3913 17173 E NearX.CloudConfig(mdp_1996).R.CloudConfig: 	at java.util.concurrent.ThreadPoolExecutor.runWorker(ThreadPoolExecutor.java:1137)
04-04 14:28:00.043  3913 17173 E NearX.CloudConfig(mdp_1996).R.CloudConfig: 	at java.util.concurrent.ThreadPoolExecutor$Worker.run(ThreadPoolExecutor.java:637)
04-04 14:28:00.043  3913 17173 E NearX.CloudConfig(mdp_1996).R.CloudConfig: 	at java.lang.Thread.run(Thread.java:1012)
04-04 14:28:00.056  1160  1294 E ANDR-PERF-LM: MetaMeter: handleAsync() 166: AdaptLaunch Invalid Async
04-04 14:28:00.056  1160  1294 E ANDR-PERF-LM: MetaMeter: handleAsync() 166: AdaptLaunch Invalid Async
04-04 14:28:00.056  1160  1294 E ANDR-PERF-LM: MetaMeter: handleAsync() 166: AdaptLaunch Invalid Async
04-04 14:28:00.071  3913  3913 E arme.gamecenter: ofbOpen failed with error=No such file or directory
04-04 14:28:00.071  3913  3913 E arme.gamecenter: sysOpen failed with error=No such file or directory
04-04 14:28:00.076  3913 17102 E VersionUtil: null
04-04 14:28:00.128  2145  4511 E ListServiceUtils: checkInListByUid module:custom-icc uid:1000 cost 2589us return 0
04-04 14:28:00.128  9425  9428 E IHansComunication: HANS printMessageBody: RCV message: type = 4,port = 86870,caller_pid = -1,caller_uid = -1,target_pid = -1,target_uid = 10102,pkg_cmd = -1,rpc = PKG/-1
04-04 14:28:00.291  1160  1294 E ANDR-PERF-LM: MetaMeter: handleAsync() 166: AdaptLaunch Invalid Async
04-04 14:28:00.604   705   705 E SELinux : avc:  denied  { find } for interface=vendor.oplus.hardware.performance::IPerformance sid=u:r:untrusted_app_30:s0:c102,c256,c512,c768 pid=3913 scontext=u:r:untrusted_app_30:s0:c102,c256,c512,c768 tcontext=u:object_r:hal_performance_hwservice:s0 tclass=hwservice_manager permissive=0
04-04 14:28:00.841  1160  7153 E ANDR-PERF-LM: VmRssMeter:: start() 447: Could not find pid, can not collect vmrss data
04-04 14:28:00.853  1160  7154 E ANDR-PERF-LM: VmRssMeter:: start() 447: Could not find pid, can not collect vmrss data
04-04 14:28:00.853  1160  7154 E ANDR-PERF-LM: AdaptiveLaunch: writeToDataBase() 64: Meter aborted or could not get meter data for this run
04-04 14:28:00.953  3913 17136 E NewAchievementTransaction: com.nearme.network.internal.NetWorkError: clazz new instance error , may be not found the default construct method: java.lang.ExceptionInInitializerError
04-04 14:28:00.955   703   703 E ANDR-IOP: IIop:: Iop HAL Service is not available.
04-04 14:28:01.056  1160  1294 E ANDR-PERF-LM: GamePerfEngine: runAsync() 499: Hint is for  = 0x1043 PID=2145
04-04 14:28:02.574  2145  8696 E OplusCustomizeRestrictionManagerService: isHomeButtonDisabled start
04-04 14:28:02.787  1120  1120 E soundtrigger: audio_extn_sound_trigger_update_stream_status: invalid input device 0x0, for event 2
04-04 14:28:02.792  1120  1120 E msm8974_platform: platform_check_backend_tag_match: Invalid snd_device = vi-feedback
04-04 14:28:03.122  2145  5507 E OplusCustomizeRestrictionManagerService: isTaskButtonDisabled start
04-04 14:28:03.124  2145  3646 E OplusSplitScreenManagerService: shouldInterceptBackKeyForSplitScreen error! connection is null
04-04 14:28:03.208  2145  8699 E WindowManager: create RemoteAnimationController com.android.server.wm.RemoteAnimationController@e5aaf9
04-04 14:28:03.216  2145  7717 E ANDR-PERF-JNI: UXEngine Trigger - Returning null
04-04 14:28:03.219  2145  9502 E OplusTrack-ApkInfoUtil: java.lang.NullPointerException: Attempt to invoke virtual method 'java.lang.Object android.os.Bundle.get(java.lang.String)' on a null object reference
04-04 14:28:03.222  2145  2282 E OplusThermalStats: Error getting package info: com.android.launcher
04-04 14:28:03.230  2145  8696 E SensorService: Required app android.view.OrientationEventListener, uid 10069, pid 5056
04-04 14:28:03.241  2145  3618 E Athena  : MemoryGuardAction: handleAppChange
04-04 14:28:03.243  5056  5056 E IPCThreadState: attemptIncStrongHandle(112): Not supported
04-04 14:28:03.249 19651  1787 E SmartSidebar.AppSwitchObserver: checkScene isScenePage :null#com.android.launcher.Launcher
04-04 14:28:03.249  1399  2311 E SurfaceFlinger: Only WindowManager is allowed to use eEarlyWakeup[Start|End] flags
04-04 14:28:03.313  6285  6285 E VendorNfcService: changeNfcState: WIRELESS_CHARGING is disable; mIsWirelessCharging: false; mIsReverseChargingSwitchOpen: false
04-04 14:28:03.316  5056  5056 E SimulationInteractor: tryGetAnimationPainterInstance error:com.oplus.painteranimationpanel.api.AnimPainterInstance
04-04 14:28:03.862  2145  4511 E ListServiceUtils: checkInListByUid module:custom-icc uid:1000 cost 2595us return 0
04-04 14:28:03.893  3913 17118 E ActivityThread: Failed to find provider info for com.coloros.datamonitorprovider.OppoDataMonitorProvider
04-04 14:28:04.048  2145  2330 E VerityUtils: Failed to measure fs-verity, errno 1: /data/app/~~PZ2D6nlrGBznhsMMMQODdA==/com.nearme.gamecenter-r1ZcJC5K3qNgNrT9bWUbbg==/base.apk
04-04 14:28:04.139  3913 17134 E NewAchievementTransaction: com.nearme.network.internal.NetWorkError: clazz new instance error , may be not found the default construct method: java.lang.NoClassDefFoundError: io.protostuff.runtime.p
04-04 14:28:04.201  2145  8698 E WindowManager: create RemoteAnimationController com.android.server.wm.RemoteAnimationController@899d5ef
04-04 14:28:04.216 19651  1787 E SmartSidebar.AppSwitchObserver: checkScene isScenePage :null#com.android.launcher.Launcher
04-04 14:28:04.223  2145  2282 E OplusThermalStats: Error getting package info: com.happyelements.AndroidAnimal
04-04 14:28:04.229  2145  3618 E Athena  : MemoryGuardAction: handleAppChange
04-04 14:28:04.233  1160  1294 E ANDR-PERF-LM: GAMEOPT: operator()() 496: ERROR: status != Status::SUCCESS
04-04 14:28:04.233  1160  1294 E ANDR-PERF-LM: GamePerfEngine: runAsync() 499: Hint is for com.happyelements.AndroidAnimal/com.happyelements.android.platform.oppo.ads.SplashActivity/120 = 0x1003 PID=2145
04-04 14:28:04.246  1160  7153 E ANDR-PERF-LM: VmRssMeter:: start() 447: Could not find pid, can not collect vmrss data
04-04 14:28:04.252  1160  7154 E ANDR-PERF-LM: VmRssMeter:: start() 447: Could not find pid, can not collect vmrss data
04-04 14:28:04.252  1160  7154 E ANDR-PERF-LM: AdaptiveLaunch: writeToDataBase() 64: Meter aborted or could not get meter data for this run
04-04 14:28:04.277  5167  5167 E OplusBluetoothAudioGuard: enter onPlaybackConfigChanged
04-04 14:28:04.280  1120 19086 E msm8974_platform: platform_check_backends_match: Invalid snd_device = 
04-04 14:28:04.280  1120 19086 E msm8974_platform: platform_check_backend_tag_match: Invalid snd_device = vi-feedback
04-04 14:28:04.280  1120 19086 E voice   : voice_is_in_call_rec_stream: input stream is NULL
04-04 14:28:04.280  1120 19086 E audio_hw_utils: send_app_type_cfg_for_device: Could not get ctl for mixer cmd - Audio Stream Capture 32 App Type Cfg
04-04 14:28:04.313  1120 19086 E soundtrigger: audio_extn_sound_trigger_update_stream_status: invalid input device 0x0, for event 3
04-04 14:28:04.325 29716 29716 E IPCThreadState: attemptIncStrongHandle(74): Not supported
04-04 14:28:04.326   705   705 E SELinux : avc:  denied  { find } for interface=vendor.oplus.hardware.performance::IPerformance sid=u:r:untrusted_app_27:s0:c512,c768 pid=29716 scontext=u:r:untrusted_app_27:s0:c512,c768 tcontext=u:object_r:hal_performance_hwservice:s0 tclass=hwservice_manager permissive=0
04-04 14:28:04.333 26246 26246 E ComponentFactory: instantiate-service: com.oplus.games.gamedock.GameDockService
04-04 14:28:04.344 11530 15000 E GameOpt->OifaceService: set log level0
04-04 14:28:04.400 22087 22087 E OplusFeatureCache: invalid oplus feature oplus.software.game_lightningstart_preload
04-04 14:28:04.412  5423  5758 E cellularState[0]:  - unhandledMessage: msg.what=13
04-04 14:28:04.412  5423  5758 E cellularState[1]:  - unhandledMessage: msg.what=13
04-04 14:28:04.526 26246  8269 E ActivityThread: Failed to find provider info for com.heytap.appplatform.settings
04-04 14:28:04.581 26246 26246 E ComponentFactory: instantiate-service: com.coloros.gamespaceui.gamepad.bluetooth.BluetoothBLeService
04-04 14:28:04.643  6033  6059 E horae   : 0: back:40414,frame:40926,front:41144, 7, +(3395), 1 ,37700,43550,44539
04-04 14:28:04.643  6033  6056 E horae   : Entering notifyCallback, binder clients size 6
04-04 14:28:04.650  6033  6056 E horae   : Notify thermal status: 8
04-04 14:28:04.655  6033  6056 E horae   : Notify thermal status: 8
04-04 14:28:04.657  6033  6056 E horae   : Notify thermal status: 8
04-04 14:28:04.657  6033  6056 E horae   : Notify thermal status: 8
04-04 14:28:04.657  6033  6056 E horae   : Notify thermal status: 8
04-04 14:28:04.657  6033  6056 E horae   : Notify thermal status: 8
04-04 14:28:05.016  1133  6287 E sensors-hal: ssc_conn_event_cb:661, event[0] msg_id=1025, ts=81310674328875 sensor_type = pedometer_minute  Wakeup
04-04 14:28:05.016  1133  6287 E sensors-hal: handle_sns_client_event:83, pedometer_minute: report_ts=5046,counter=1564.000000 move_status =[SNS_CMC_STATIONARY] time_gap = 0 run_counter=34.000000 walk_counter=713.000000
04-04 14:28:05.099 26246 26246 E IPCThreadState: attemptIncStrongHandle(40): Not supported
04-04 14:28:05.099 26246 26246 E IPCThreadState: attemptIncStrongHandle(72): Not supported
04-04 14:28:05.238  1160  7238 E ANDR-PERF-LM: GamePerfEngine: runAsyncPeriodic() 619: AppState st 98
04-04 14:28:05.369  5167  5167 E OplusBluetoothAudioGuard: enter onPlaybackConfigChanged
04-04 14:28:05.378 26246 26246 E IPCThreadState: attemptIncStrongHandle(177): Not supported
04-04 14:28:05.398  1687 27227 E MM_OSAL : FileSource::FileSource
04-04 14:28:05.398  1687 27227 E MM_OSAL : FileSource::FileSource m_bEveryThingOK 1
04-04 14:28:05.407 29716 11642 E Cocos2dxHelper: playBackgroundMusic ActivePlayback:AudioPlaybackConfiguration piid:8487 deviceId:3 type:unknown u/pid:-1/-1 state:started attr:AudioAttributes: usage=USAGE_MEDIA content=CONTENT_TYPE_UNKNOWN flags=0x800 tags= bundle=null sessionId:0
04-04 14:28:05.407 29716 11642 E Cocos2dxHelper: playBackgroundMusic ActivePlayback:AudioPlaybackConfiguration piid:8511 deviceId:0 type:unknown u/pid:-1/-1 state:started attr:AudioAttributes: usage=USAGE_MEDIA content=CONTENT_TYPE_MUSIC flags=0x800 tags= bundle=null sessionId:0
04-04 14:28:05.409  5167  5167 E OplusBluetoothAudioGuard: enter onPlaybackConfigChanged
04-04 14:28:05.425  1120  1226 E BinauralRecordAudioHw: adev_binaural_get_parameters: enter in nullptr
04-04 14:28:05.467  1120  8943 E BinauralRecordAudioHw: adev_binaural_get_parameters: enter in nullptr
04-04 14:28:05.468  1373  1770 E GameAudioEffects: outputSelected: call getListValueByUid(fast-audio-effects) but return null
04-04 14:28:05.475  1704 17556 E AudioSystem: invalid attributes { Content type: AUDIO_CONTENT_TYPE_UNKNOWN Usage: AUDIO_USAGE_UNKNOWN Source: AUDIO_SOURCE_DEFAULT Flags: 0x0 Tags:  } when converting to stream
04-04 14:28:05.496  5167  5167 E OplusBluetoothAudioGuard: enter onPlaybackConfigChanged
04-04 14:28:05.498  1120 19594 E msm8974_platform: platform_check_backends_match: Invalid snd_device = 
04-04 14:28:05.498  1120 19594 E msm8974_platform: platform_check_backends_match: Invalid snd_device = 
04-04 14:28:05.498  1120 19594 E soundtrigger: audio_extn_sound_trigger_update_stream_status: invalid input device 0x0, for event 3
04-04 14:28:06.240  1160  7238 E ANDR-PERF-LM: GamePerfEngine: runAsyncPeriodic() 619: AppState st 98
04-04 14:28:07.241  1160  7238 E ANDR-PERF-LM: GamePerfEngine: runAsyncPeriodic() 619: AppState st 98
04-04 14:28:08.242  1160  7238 E ANDR-PERF-LM: GamePerfEngine: runAsyncPeriodic() 619: AppState st 98
04-04 14:28:08.559  1120  2390 E soundtrigger: audio_extn_sound_trigger_update_stream_status: invalid input device 0x0, for event 2
04-04 14:28:09.170  6285  6285 E VendorNfcService: changeNfcState: WIRELESS_CHARGING is disable; mIsWirelessCharging: false; mIsReverseChargingSwitchOpen: false
04-04 14:28:09.243  1160  7238 E ANDR-PERF-LM: GamePerfEngine: runAsyncPeriodic() 619: AppState st 98
04-04 14:28:09.290  6419  6874 E Battery : AppStats: Uid = 10382; pkgName = com.happyelements.AndroidAnimal; CpuFgTime = 0 ms; CpuBgTime = 0 ms.
04-04 14:28:09.290  6419  6874 E Battery : AppStats: Uid = 10382; pkgName = com.happyelements.AndroidAnimal; CpuKernelFgTime = 0 ms; CpuKernelBgTime = 0 ms.
04-04 14:28:09.290  6419  6874 E Battery : AppStats: Uid = 10382; pkgName = com.happyelements.AndroidAnimal; CpuUserFgTime = 0 ms ; CpuUserBgTime = 0 ms.
04-04 14:28:09.290  6419  6874 E Battery : AppStats: Uid = 10382; pkgName = com.happyelements.AndroidAnimal; CpuFgPower = 0.0 mAh.; CpuBgPower = 0.0 mAh.
04-04 14:28:09.290  6419  6874 E Battery : AppStats: Uid = 10382; pkgName = com.happyelements.AndroidAnimal; AlarmFgWakeupCount = 0; AlarmBgWakeupCount = 0
04-04 14:28:09.291  6419  6874 E Battery : AppStats: Uid = 10382; pkgName = com.happyelements.AndroidAnimal; JobFgCount = 0; JobBgCount = 0; JobFgTime = 0; JobBgTime = 0
04-04 14:28:09.291  6419  6874 E Battery : AppStats: Uid = 10382; pkgName = com.happyelements.AndroidAnimal; SyncFgCount = 0; SyncBgCount = 0; SyncFgTime = 0; SyncBgTime = 0
04-04 14:28:09.291  6419  6874 E Battery : AppStats: Uid = 10382; pkgName = com.happyelements.AndroidAnimal; WakeLockFgTime = 0 ms; WakeLockFgPower = 0.0 mAh.; WakeLockBgTime = 0 ms; WakeLockBgPower = 0.0 mAh.
04-04 14:28:09.291  6419  6874 E Battery : AppStats: Uid = 10382; pkgName = com.happyelements.AndroidAnimal; ScreenFgTime = 0 ms; ScreenFgPower = 0.0 mAh.
04-04 14:28:09.291  6419  6874 E Battery : AppStats: Uid = 10382; pkgName = com.happyelements.AndroidAnimal; FgWifiRxBytes = 0 Bytes; BgWifiRxBytes = 354361349 Bytes; FgWifiTxBytes = 0 Bytes; BgWifiTxBytes = 6125296 Bytes; FgWifiRxPackets = 0 ; BgWifiRxPackets = 259613 ; FgWifiTxPackets = 0 ; BgWifiTxPackets = 70532 ; FgWiFiScanTimeMs = 0 ; BgWiFiScanTimeMs = 0 ; FgWiFiBatchScanTimeMs = 0 ; BgWiFiBatchScanTimeMs = 0 
04-04 14:28:09.291  6419  6874 E Battery : AppStats: Uid = 10382; pkgName = com.happyelements.AndroidAnimal; FgWifiRxPacketsPower = 0.0 mAh; BgWifiRxPacketsPower = 5.025494575500488 mAh; FgWifiTxPacketsPower = 0.0 mAh; BgWifiTxPacketsPower = 1.3653329610824585 mAh; FgWifiScanPower = 0.0 mAh; BgWifiScanPower = 0.0 mAh; FgWifiBatchScanPower = 0.0 mAh; BgWifiBatchScanPower = 0.0 mAh; FgWiFiTotalPower = 0.0 mAh; BgWiFiTotalPower = 6.390827536582947 mAh.
04-04 14:28:09.291  6419  6874 E Battery : AppStats: Uid = 10382; pkgName = com.happyelements.AndroidAnimal; FgGpsTime = 0 ms; BgGpsTime = 0 ms.
04-04 14:28:09.291  6419  6874 E Battery : AppStats: Uid = 10382; pkgName = com.happyelements.AndroidAnimal; FgGpsPower = 0.0 mAh; BgGpsPower = 0.0 mAh.
04-04 14:28:09.291  6419  6874 E Battery : AppStats: Uid = 10382; pkgName = com.happyelements.AndroidAnimal; FgSensorTime = 0 ms; BgSensorTime = 0 ms.
04-04 14:28:09.291  6419  6874 E Battery : AppStats: Uid = 10382; pkgName = com.happyelements.AndroidAnimal; FgSensorPower = 0.0 mAh; BgSensorPower = 0.0 mAh.
04-04 14:28:09.291  6419  6874 E Battery : AppStats: Uid = 10382; pkgName = com.happyelements.AndroidAnimal; FgCameraTime = 0 ms; BgCameraTime = 0 ms
04-04 14:28:09.291  6419  6874 E Battery : AppStats: Uid = 10382; pkgName = com.happyelements.AndroidAnimal; FgCameraPower = 0.0 mAh; BgCameraPower = 0.0 mAh
04-04 14:28:09.291  6419  6874 E Battery : AppStats: Uid = 10382; pkgName = com.happyelements.AndroidAnimal; FgFlashLightTime = 0 ms; BgFlashLightTime = 0 ms
04-04 14:28:09.291  6419  6874 E Battery : AppStats: Uid = 10382; pkgName = com.happyelements.AndroidAnimal; FgFlashLightPower = 0.0 mAh; BgFlashLightPower = 0.0 mAh
04-04 14:28:09.440  2145  4461 E OplusNetworkStatsNative: bpfGetAppPurStatsTotal return 0
04-04 14:28:10.244  1160  7238 E ANDR-PERF-LM: GamePerfEngine: runAsyncPeriodic() 619: AppState st 98
04-04 14:28:11.245  1160  7238 E ANDR-PERF-LM: GamePerfEngine: runAsyncPeriodic() 619: AppState st 98
04-04 14:28:12.246  1160  7238 E ANDR-PERF-LM: GamePerfEngine: runAsyncPeriodic() 619: AppState st 98
04-04 14:28:13.247  1160  7238 E ANDR-PERF-LM: GamePerfEngine: runAsyncPeriodic() 619: AppState st 98
04-04 14:28:14.248  1160  7238 E ANDR-PERF-LM: GamePerfEngine: runAsyncPeriodic() 619: AppState st 98
04-04 14:28:15.249  1160  7238 E ANDR-PERF-LM: GamePerfEngine: runAsyncPeriodic() 619: AppState st 98
04-04 14:28:15.302  6285  6285 E VendorNfcService: changeNfcState: WIRELESS_CHARGING is disable; mIsWirelessCharging: false; mIsReverseChargingSwitchOpen: false
04-04 14:28:15.681  1152  1187 E android.hardware.thermal@2.0-service.qti: Throttle Severity change:  Type: 3 Name: skin Value: 45.033 ThrottlingStatus: 3
04-04 14:28:15.700  9425  9428 E IHansComunication: HANS printMessageBody: RCV message: type = 0,port = 86870,caller_pid = 2145,caller_uid = 1000,target_pid = 20902,target_uid = 10240,pkg_cmd = -1,rpc = android.os.IThermalStatusListener/1
04-04 14:28:15.701  9425  9428 E IHansComunication: HANS printMessageBody: RCV message: type = 0,port = 86870,caller_pid = 2145,caller_uid = 1000,target_pid = 20530,target_uid = 10240,pkg_cmd = -1,rpc = android.os.IThermalStatusListener/1
04-04 14:28:16.251  1160  7238 E ANDR-PERF-LM: GamePerfEngine: runAsyncPeriodic() 619: AppState st 98
04-04 14:28:17.252  1160  7238 E ANDR-PERF-LM: GamePerfEngine: runAsyncPeriodic() 619: AppState st 98
04-04 14:28:17.602  2145  4390 E OplusArpPeer_euclid_psw: ARP read failure: android.system.ErrnoException: read failed: EAGAIN (Try again)
04-04 14:28:17.606  2145  4390 E OplusArpPeer_euclid_psw:  OplusArpPeer close
04-04 14:28:18.257  1160  7238 E ANDR-PERF-LM: GamePerfEngine: runAsyncPeriodic() 619: AppState st 0
04-04 14:28:19.258  1160  7238 E ANDR-PERF-LM: GamePerfEngine: runAsyncPeriodic() 619: AppState st 0
04-04 14:28:19.442  2145  4461 E OplusNetworkStatsNative: bpfGetAppPurStatsTotal return 0
04-04 14:28:19.638  6033  6059 E horae   : 0: back:40906,frame:41438,front:41646, 8, +(3467), 1 ,38000,44165,45113
04-04 14:28:20.259  1160  7238 E ANDR-PERF-LM: GamePerfEngine: runAsyncPeriodic() 619: AppState st 0
04-04 14:28:21.206  6285  6285 E VendorNfcService: changeNfcState: WIRELESS_CHARGING is disable; mIsWirelessCharging: false; mIsReverseChargingSwitchOpen: false
04-04 14:28:21.260  1160  7238 E ANDR-PERF-LM: GamePerfEngine: runAsyncPeriodic() 619: AppState st 0
04-04 14:28:22.261  1160  7238 E ANDR-PERF-LM: GamePerfEngine: runAsyncPeriodic() 619: AppState st 0
04-04 14:28:23.262  1160  7238 E ANDR-PERF-LM: GamePerfEngine: runAsyncPeriodic() 619: AppState st 0
04-04 14:28:24.263  1160  7238 E ANDR-PERF-LM: GamePerfEngine: runAsyncPeriodic() 619: AppState st 0
04-04 14:28:25.264  1160  7238 E ANDR-PERF-LM: GamePerfEngine: runAsyncPeriodic() 619: AppState st 0
04-04 14:28:26.265  1160  7238 E ANDR-PERF-LM: GamePerfEngine: runAsyncPeriodic() 619: AppState st 0
04-04 14:28:27.267  1160  7238 E ANDR-PERF-LM: GamePerfEngine: runAsyncPeriodic() 619: AppState st 0
04-04 14:28:27.344  6285  6285 E VendorNfcService: changeNfcState: WIRELESS_CHARGING is disable; mIsWirelessCharging: false; mIsReverseChargingSwitchOpen: false
04-04 14:28:28.268  1160  7238 E ANDR-PERF-LM: GamePerfEngine: runAsyncPeriodic() 619: AppState st 0
04-04 14:28:29.269  1160  7238 E ANDR-PERF-LM: GamePerfEngine: runAsyncPeriodic() 619: AppState st 0
04-04 14:28:29.443  2145  4461 E OplusNetworkStatsNative: bpfGetAppPurStatsTotal return 0
04-04 14:28:30.270  1160  7238 E ANDR-PERF-LM: GamePerfEngine: runAsyncPeriodic() 619: AppState st 0
04-04 14:28:31.271  1160  7238 E ANDR-PERF-LM: GamePerfEngine: runAsyncPeriodic() 619: AppState st 0
04-04 14:28:32.220  5167  5167 E OplusBluetoothAudioGuard: enter onPlaybackConfigChanged
04-04 14:28:32.231  5167  5167 E OplusBluetoothAudioGuard: enter onPlaybackConfigChanged
04-04 14:28:32.255  5167  5167 E OplusBluetoothAudioGuard: enter onPlaybackConfigChanged
04-04 14:28:32.278  1160  7238 E ANDR-PERF-LM: GamePerfEngine: runAsyncPeriodic() 619: AppState st 0
04-04 14:28:32.320  1687  4731 E MM_OSAL : FileSource::FileSource
04-04 14:28:32.320  1687  4731 E MM_OSAL : FileSource::FileSource m_bEveryThingOK 1
04-04 14:28:32.336  5167  5167 E OplusBluetoothAudioGuard: enter onPlaybackConfigChanged
04-04 14:28:32.337 29716 11642 E Cocos2dxHelper: playBackgroundMusic ActivePlayback:AudioPlaybackConfiguration piid:8487 deviceId:3 type:unknown u/pid:-1/-1 state:started attr:AudioAttributes: usage=USAGE_MEDIA content=CONTENT_TYPE_UNKNOWN flags=0x800 tags= bundle=null sessionId:0
04-04 14:28:32.337 29716 11642 E Cocos2dxHelper: playBackgroundMusic ActivePlayback:AudioPlaybackConfiguration piid:8519 deviceId:0 type:unknown u/pid:-1/-1 state:started attr:AudioAttributes: usage=USAGE_MEDIA content=CONTENT_TYPE_MUSIC flags=0x800 tags= bundle=null sessionId:0
04-04 14:28:32.373  1120  8943 E BinauralRecordAudioHw: adev_binaural_get_parameters: enter in nullptr
04-04 14:28:32.430  1120  1254 E BinauralRecordAudioHw: adev_binaural_get_parameters: enter in nullptr
04-04 14:28:32.432  1373  1770 E GameAudioEffects: outputSelected: call getListValueByUid(fast-audio-effects) but return null
04-04 14:28:32.442  1704 18049 E AudioSystem: invalid attributes { Content type: AUDIO_CONTENT_TYPE_UNKNOWN Usage: AUDIO_USAGE_UNKNOWN Source: AUDIO_SOURCE_DEFAULT Flags: 0x0 Tags:  } when converting to stream
04-04 14:28:32.464  5167  5167 E OplusBluetoothAudioGuard: enter onPlaybackConfigChanged
04-04 14:28:32.466  1120 19594 E msm8974_platform: platform_check_backends_match: Invalid snd_device = 
04-04 14:28:32.466  1120 19594 E msm8974_platform: platform_check_backends_match: Invalid snd_device = 
04-04 14:28:32.467  1120 19594 E soundtrigger: audio_extn_sound_trigger_update_stream_status: invalid input device 0x0, for event 3
04-04 14:28:33.240  6285  6285 E VendorNfcService: changeNfcState: WIRELESS_CHARGING is disable; mIsWirelessCharging: false; mIsReverseChargingSwitchOpen: false
04-04 14:28:33.280  1160  7238 E ANDR-PERF-LM: GamePerfEngine: runAsyncPeriodic() 619: AppState st 0
04-04 14:28:34.004  9425  9428 E IHansComunication: HANS printMessageBody: RCV message: type = 4,port = 86870,caller_pid = -1,caller_uid = -1,target_pid = -1,target_uid = 10102,pkg_cmd = -1,rpc = PKG/-1
04-04 14:28:34.280  1160  7238 E ANDR-PERF-LM: GamePerfEngine: runAsyncPeriodic() 619: AppState st 0
04-04 14:28:34.960 20465 20636 E 20465PAS1331f67230315.PolicyManager: executePolicy, execute failed because can not create policy instance for 20004
04-04 14:28:34.961 20465 20704 E 20465PAS1331f67230315.PolicyManager: executePolicy, execute failed because can not create policy instance for 20028
04-04 14:28:34.970 20465 20598 E 20465PAS1331f67230315.PackageUtil: getMetaDataFromApp NameNotFoundException:android.content.pm.PackageManager$NameNotFoundException: com.coloros.personalassistant
04-04 14:28:34.977 20465 20598 E 20465PAS1331f67230315.PackageUtil: getLocalVersion:android.content.pm.PackageManager$NameNotFoundException: com.coloros.personalassistant
04-04 14:28:34.977 20465 20598 E 20465PAS1331f67230315.PolicyManager: acceptHandleResult, hanleResult is null
04-04 14:28:35.025 20465 20634 E 20465PAS1331f67230315.PolicyManager: acceptHandleResult, hanleResult is null
04-04 14:28:35.282  1160  7238 E ANDR-PERF-LM: GamePerfEngine: runAsyncPeriodic() 619: AppState st 0
04-04 14:28:35.493  1120  1120 E soundtrigger: audio_extn_sound_trigger_update_stream_status: invalid input device 0x0, for event 2
04-04 14:28:36.284  1160  7238 E ANDR-PERF-LM: GamePerfEngine: runAsyncPeriodic() 619: AppState st 0
04-04 14:28:37.285  1160  7238 E ANDR-PERF-LM: GamePerfEngine: runAsyncPeriodic() 619: AppState st 0
04-04 14:28:38.286  1160  7238 E ANDR-PERF-LM: GamePerfEngine: runAsyncPeriodic() 619: AppState st 0
04-04 14:28:39.206  6285  6285 E VendorNfcService: changeNfcState: WIRELESS_CHARGING is disable; mIsWirelessCharging: false; mIsReverseChargingSwitchOpen: false
04-04 14:28:39.287  1160  7238 E ANDR-PERF-LM: GamePerfEngine: runAsyncPeriodic() 619: AppState st 0
04-04 14:28:39.447  2145  4461 E OplusNetworkStatsNative: bpfGetAppPurStatsTotal return 0
04-04 14:28:40.288  1160  7238 E ANDR-PERF-LM: GamePerfEngine: runAsyncPeriodic() 619: AppState st 0
04-04 14:28:41.289  1160  7238 E ANDR-PERF-LM: GamePerfEngine: runAsyncPeriodic() 619: AppState st 0
04-04 14:28:42.290  1160  7238 E ANDR-PERF-LM: GamePerfEngine: runAsyncPeriodic() 619: AppState st 0
04-04 14:28:43.292  1160  7238 E ANDR-PERF-LM: GamePerfEngine: runAsyncPeriodic() 619: AppState st 0
04-04 14:28:44.294  1160  7238 E ANDR-PERF-LM: GamePerfEngine: runAsyncPeriodic() 619: AppState st 0
04-04 14:28:45.152  6285  6285 E VendorNfcService: changeNfcState: WIRELESS_CHARGING is disable; mIsWirelessCharging: false; mIsReverseChargingSwitchOpen: false
04-04 14:28:45.295  1160  7238 E ANDR-PERF-LM: GamePerfEngine: runAsyncPeriodic() 619: AppState st 0
04-04 14:28:46.296  1160  7238 E ANDR-PERF-LM: GamePerfEngine: runAsyncPeriodic() 619: AppState st 0
04-04 14:28:47.297  1160  7238 E ANDR-PERF-LM: GamePerfEngine: runAsyncPeriodic() 619: AppState st 0
04-04 14:28:47.534  9425  9428 E IHansComunication: HANS printMessageBody: RCV message: type = 4,port = 86870,caller_pid = -1,caller_uid = -1,target_pid = -1,target_uid = 10240,pkg_cmd = -1,rpc = PKG/-1
04-04 14:28:48.299  1160  7238 E ANDR-PERF-LM: GamePerfEngine: runAsyncPeriodic() 619: AppState st 0
04-04 14:28:49.302  1160  7238 E ANDR-PERF-LM: GamePerfEngine: runAsyncPeriodic() 619: AppState st 0
04-04 14:28:49.451  2145  4461 E OplusNetworkStatsNative: bpfGetAppPurStatsTotal return 0
04-04 14:28:50.303  1160  7238 E ANDR-PERF-LM: GamePerfEngine: runAsyncPeriodic() 619: AppState st 0
04-04 14:28:51.036  6285  6285 E VendorNfcService: changeNfcState: WIRELESS_CHARGING is disable; mIsWirelessCharging: false; mIsReverseChargingSwitchOpen: false
04-04 14:28:51.305  1160  7238 E ANDR-PERF-LM: GamePerfEngine: runAsyncPeriodic() 619: AppState st 0
04-04 14:28:52.307  1160  7238 E ANDR-PERF-LM: GamePerfEngine: runAsyncPeriodic() 619: AppState st 0
04-04 14:28:53.310  1160  7238 E ANDR-PERF-LM: GamePerfEngine: runAsyncPeriodic() 619: AppState st 0
04-04 14:28:54.311  1160  7238 E ANDR-PERF-LM: GamePerfEngine: runAsyncPeriodic() 619: AppState st 0
04-04 14:28:55.313  1160  7238 E ANDR-PERF-LM: GamePerfEngine: runAsyncPeriodic() 619: AppState st 0
04-04 14:28:56.160  6285  6285 E VendorNfcService: changeNfcState: WIRELESS_CHARGING is disable; mIsWirelessCharging: false; mIsReverseChargingSwitchOpen: false
04-04 14:28:56.314  1160  7238 E ANDR-PERF-LM: GamePerfEngine: runAsyncPeriodic() 619: AppState st 0
04-04 14:28:57.316  1160  7238 E ANDR-PERF-LM: GamePerfEngine: runAsyncPeriodic() 619: AppState st 0
04-04 14:28:58.318  1160  7238 E ANDR-PERF-LM: GamePerfEngine: runAsyncPeriodic() 619: AppState st 0
04-04 14:28:59.319  1160  7238 E ANDR-PERF-LM: GamePerfEngine: runAsyncPeriodic() 619: AppState st 0
04-04 14:28:59.457  2145  4461 E OplusNetworkStatsNative: bpfGetAppPurStatsTotal return 0
04-04 14:29:00.057  2145  6174 E OplusCustomizeRestrictionManagerService: isBiometricDisabled start
04-04 14:29:00.058  2145  8450 E OplusCustomizeRestrictionManagerService: isBiometricDisabled start
04-04 14:29:00.321  1160  7238 E ANDR-PERF-LM: GamePerfEngine: runAsyncPeriodic() 619: AppState st 0
04-04 14:29:01.244  9425  9428 E IHansComunication: HANS printMessageBody: RCV message: type = 4,port = 86870,caller_pid = -1,caller_uid = -1,target_pid = -1,target_uid = 10102,pkg_cmd = -1,rpc = PKG/-1
04-04 14:29:01.322  1160  7238 E ANDR-PERF-LM: GamePerfEngine: runAsyncPeriodic() 619: AppState st 0
04-04 14:29:02.045  6285  6285 E VendorNfcService: changeNfcState: WIRELESS_CHARGING is disable; mIsWirelessCharging: false; mIsReverseChargingSwitchOpen: false
04-04 14:29:02.323  1160  7238 E ANDR-PERF-LM: GamePerfEngine: runAsyncPeriodic() 619: AppState st 0
04-04 14:29:03.324  1160  7238 E ANDR-PERF-LM: GamePerfEngine: runAsyncPeriodic() 619: AppState st 0
04-04 14:29:04.326  1160  7238 E ANDR-PERF-LM: GamePerfEngine: runAsyncPeriodic() 619: AppState st 0
04-04 14:29:05.021  1133  6287 E sensors-hal: ssc_conn_event_cb:661, event[0] msg_id=1025, ts=81311826328877 sensor_type = pedometer_minute  Wakeup
04-04 14:29:05.021  1133  6287 E sensors-hal: handle_sns_client_event:83, pedometer_minute: report_ts=5047,counter=1564.000000 move_status =[SNS_CMC_STATIONARY] time_gap = 0 run_counter=34.000000 walk_counter=713.000000
04-04 14:29:05.327  1160  7238 E ANDR-PERF-LM: GamePerfEngine: runAsyncPeriodic() 619: AppState st 0
04-04 14:29:06.328  1160  7238 E ANDR-PERF-LM: GamePerfEngine: runAsyncPeriodic() 619: AppState st 0
04-04 14:29:07.165  6285  6285 E VendorNfcService: changeNfcState: WIRELESS_CHARGING is disable; mIsWirelessCharging: false; mIsReverseChargingSwitchOpen: false
04-04 14:29:07.329  1160  7238 E ANDR-PERF-LM: GamePerfEngine: runAsyncPeriodic() 619: AppState st 0
04-04 14:29:08.332  1160  7238 E ANDR-PERF-LM: GamePerfEngine: runAsyncPeriodic() 619: AppState st 0
04-04 14:29:09.334  1160  7238 E ANDR-PERF-LM: GamePerfEngine: runAsyncPeriodic() 619: AppState st 0
04-04 14:29:09.463  2145  4461 E OplusNetworkStatsNative: bpfGetAppPurStatsTotal return 0
04-04 14:29:10.335  1160  7238 E ANDR-PERF-LM: GamePerfEngine: runAsyncPeriodic() 619: AppState st 0
04-04 14:29:11.336  1160  7238 E ANDR-PERF-LM: GamePerfEngine: runAsyncPeriodic() 619: AppState st 0
04-04 14:29:12.337  1160  7238 E ANDR-PERF-LM: GamePerfEngine: runAsyncPeriodic() 619: AppState st 0
04-04 14:29:13.056  6285  6285 E VendorNfcService: changeNfcState: WIRELESS_CHARGING is disable; mIsWirelessCharging: false; mIsReverseChargingSwitchOpen: false
04-04 14:29:13.339  1160  7238 E ANDR-PERF-LM: GamePerfEngine: runAsyncPeriodic() 619: AppState st 0
04-04 14:29:14.343  1160  7238 E ANDR-PERF-LM: GamePerfEngine: runAsyncPeriodic() 619: AppState st 0
04-04 14:29:15.344  1160  7238 E ANDR-PERF-LM: GamePerfEngine: runAsyncPeriodic() 619: AppState st 0
04-04 14:29:16.144  1373  2389 E AudioFlingerExtImpl: updateAudioDetectState pid : 29716, get null buffer
04-04 14:29:16.282  1120 19594 E msm8974_platform: platform_check_backends_match: Invalid snd_device = 
04-04 14:29:16.282  1120 19594 E msm8974_platform: platform_check_backends_match: Invalid snd_device = 
04-04 14:29:16.282  1120 19594 E soundtrigger: audio_extn_sound_trigger_update_stream_status: invalid input device 0x0, for event 3
04-04 14:29:16.345  1160  7238 E ANDR-PERF-LM: GamePerfEngine: runAsyncPeriodic() 619: AppState st 0
04-04 14:29:17.347  1160  7238 E ANDR-PERF-LM: GamePerfEngine: runAsyncPeriodic() 619: AppState st 0
04-04 14:29:18.177  6285  6285 E VendorNfcService: changeNfcState: WIRELESS_CHARGING is disable; mIsWirelessCharging: false; mIsReverseChargingSwitchOpen: false
04-04 14:29:18.348  1160  7238 E ANDR-PERF-LM: GamePerfEngine: runAsyncPeriodic() 619: AppState st 0
04-04 14:29:18.659  2145  4390 E OplusArpPeer_euclid_psw: ARP read failure: android.system.ErrnoException: read failed: EAGAIN (Try again)
04-04 14:29:18.663  2145  4390 E OplusArpPeer_euclid_psw:  OplusArpPeer close
04-04 14:29:19.310  1120  2390 E soundtrigger: audio_extn_sound_trigger_update_stream_status: invalid input device 0x0, for event 2
04-04 14:29:19.350  1160  7238 E ANDR-PERF-LM: GamePerfEngine: runAsyncPeriodic() 619: AppState st 0
04-04 14:29:19.467  2145  4461 E OplusNetworkStatsNative: bpfGetAppPurStatsTotal return 0
04-04 14:29:20.351  1160  7238 E ANDR-PERF-LM: GamePerfEngine: runAsyncPeriodic() 619: AppState st 0
04-04 14:29:21.352  1160  7238 E ANDR-PERF-LM: GamePerfEngine: runAsyncPeriodic() 619: AppState st 0
04-04 14:29:21.855  5167  5167 E OplusBluetoothAudioGuard: enter onPlaybackConfigChanged
04-04 14:29:21.857  5167  5167 E OplusBluetoothAudioGuard: enter onPlaybackConfigChanged
04-04 14:29:21.874  5167  5167 E OplusBluetoothAudioGuard: enter onPlaybackConfigChanged
04-04 14:29:21.897  1687  4731 E MM_OSAL : FileSource::FileSource
04-04 14:29:21.897  1687  4731 E MM_OSAL : FileSource::FileSource m_bEveryThingOK 1
04-04 14:29:21.908 29716 11642 E Cocos2dxHelper: playBackgroundMusic ActivePlayback:AudioPlaybackConfiguration piid:8487 deviceId:3 type:unknown u/pid:-1/-1 state:started attr:AudioAttributes: usage=USAGE_MEDIA content=CONTENT_TYPE_UNKNOWN flags=0x800 tags= bundle=null sessionId:0
04-04 14:29:21.909 29716 11642 E Cocos2dxHelper: playBackgroundMusic ActivePlayback:AudioPlaybackConfiguration piid:8527 deviceId:0 type:unknown u/pid:-1/-1 state:started attr:AudioAttributes: usage=USAGE_MEDIA content=CONTENT_TYPE_MUSIC flags=0x800 tags= bundle=null sessionId:0
04-04 14:29:21.909  5167  5167 E OplusBluetoothAudioGuard: enter onPlaybackConfigChanged
04-04 14:29:21.919  1120  8943 E BinauralRecordAudioHw: adev_binaural_get_parameters: enter in nullptr
04-04 14:29:21.983  1120  8943 E BinauralRecordAudioHw: adev_binaural_get_parameters: enter in nullptr
04-04 14:29:21.986  1373  1770 E GameAudioEffects: outputSelected: call getListValueByUid(fast-audio-effects) but return null
04-04 14:29:21.991  1704 18943 E AudioSystem: invalid attributes { Content type: AUDIO_CONTENT_TYPE_UNKNOWN Usage: AUDIO_USAGE_UNKNOWN Source: AUDIO_SOURCE_DEFAULT Flags: 0x0 Tags:  } when converting to stream
04-04 14:29:22.014  5167  5167 E OplusBluetoothAudioGuard: enter onPlaybackConfigChanged
04-04 14:29:22.014  1120 19594 E msm8974_platform: platform_check_backends_match: Invalid snd_device = 
04-04 14:29:22.014  1120 19594 E msm8974_platform: platform_check_backends_match: Invalid snd_device = 
04-04 14:29:22.015  1120 19594 E soundtrigger: audio_extn_sound_trigger_update_stream_status: invalid input device 0x0, for event 3
04-04 14:29:22.353  1160  7238 E ANDR-PERF-LM: GamePerfEngine: runAsyncPeriodic() 619: AppState st 0
04-04 14:29:23.355  1160  7238 E ANDR-PERF-LM: GamePerfEngine: runAsyncPeriodic() 619: AppState st 0
04-04 14:29:24.056  6285  6285 E VendorNfcService: changeNfcState: WIRELESS_CHARGING is disable; mIsWirelessCharging: false; mIsReverseChargingSwitchOpen: false
04-04 14:29:24.356  1160  7238 E ANDR-PERF-LM: GamePerfEngine: runAsyncPeriodic() 619: AppState st 0
04-04 14:29:25.043  1120  2391 E soundtrigger: audio_extn_sound_trigger_update_stream_status: invalid input device 0x0, for event 2
04-04 14:29:25.359  1160  7238 E ANDR-PERF-LM: GamePerfEngine: runAsyncPeriodic() 619: AppState st 0
04-04 14:29:26.362  1160  7238 E ANDR-PERF-LM: GamePerfEngine: runAsyncPeriodic() 619: AppState st 0
04-04 14:29:27.363  1160  7238 E ANDR-PERF-LM: GamePerfEngine: runAsyncPeriodic() 619: AppState st 0
04-04 14:29:28.364  1160  7238 E ANDR-PERF-LM: GamePerfEngine: runAsyncPeriodic() 619: AppState st 0
04-04 14:29:29.180  6285  6285 E VendorNfcService: changeNfcState: WIRELESS_CHARGING is disable; mIsWirelessCharging: false; mIsReverseChargingSwitchOpen: false
04-04 14:29:29.365  1160  7238 E ANDR-PERF-LM: GamePerfEngine: runAsyncPeriodic() 619: AppState st 0
04-04 14:29:29.472  2145  4461 E OplusNetworkStatsNative: bpfGetAppPurStatsTotal return 0
04-04 14:29:30.367  1160  7238 E ANDR-PERF-LM: GamePerfEngine: runAsyncPeriodic() 619: AppState st 0
04-04 14:29:31.203  9425  9428 E IHansComunication: HANS printMessageBody: RCV message: type = 4,port = 86870,caller_pid = -1,caller_uid = -1,target_pid = -1,target_uid = 10102,pkg_cmd = -1,rpc = PKG/-1
04-04 14:29:31.368  1160  7238 E ANDR-PERF-LM: GamePerfEngine: runAsyncPeriodic() 619: AppState st 0
04-04 14:29:32.369  1160  7238 E ANDR-PERF-LM: GamePerfEngine: runAsyncPeriodic() 619: AppState st 0
04-04 14:29:33.370  1160  7238 E ANDR-PERF-LM: GamePerfEngine: runAsyncPeriodic() 619: AppState st 0
04-04 14:29:34.371  1160  7238 E ANDR-PERF-LM: GamePerfEngine: runAsyncPeriodic() 619: AppState st 0
04-04 14:29:35.071  6285  6285 E VendorNfcService: changeNfcState: WIRELESS_CHARGING is disable; mIsWirelessCharging: false; mIsReverseChargingSwitchOpen: false
04-04 14:29:35.372  1160  7238 E ANDR-PERF-LM: GamePerfEngine: runAsyncPeriodic() 619: AppState st 0
04-04 14:29:36.374  1160  7238 E ANDR-PERF-LM: GamePerfEngine: runAsyncPeriodic() 619: AppState st 0
04-04 14:29:37.375  1160  7238 E ANDR-PERF-LM: GamePerfEngine: runAsyncPeriodic() 619: AppState st 0
04-04 14:29:38.376  1160  7238 E ANDR-PERF-LM: GamePerfEngine: runAsyncPeriodic() 619: AppState st 0
04-04 14:29:39.378  1160  7238 E ANDR-PERF-LM: GamePerfEngine: runAsyncPeriodic() 619: AppState st 0
