04-04 14:30:25.141  6419  7082 E Battery : AppStats: Uid = 10240; pkgName = com.tencent.mm; FlashLightTime = 0 ms; FlashLightTotalTime = 0 ms
04-04 14:30:25.141  6419  7082 E Battery : AppStats: Uid = 10240; pkgName = com.tencent.mm; FlashLightPower = 0.0 mAh; FlashLightTotalPower = 0.0 mAh
04-04 14:30:25.157  6419  7082 E Battery : AppStats: Uid = 10239; pkgName = com.tencent.mobileqq; CpuTime = 1045 ms; CpuTotalTime = 596 ms
04-04 14:30:25.157  6419  7082 E Battery : AppStats: Uid = 10239; pkgName = com.tencent.mobileqq; CpuKernelTime = 538 ms; CpuTotalKernelTime = 248 ms
04-04 14:30:25.157  6419  7082 E Battery : AppStats: Uid = 10239; pkgName = com.tencent.mobileqq; CpuUserTime = 507 ms; CpuTotalUserTime = 348 ms
04-04 14:30:25.157  6419  7082 E Battery : AppStats: Uid = 10239; pkgName = com.tencent.mobileqq; CpuPower = 0.05824111111111111 mAh.; CpuTotalPower = 0.031390555555555553 mAh.
04-04 14:30:25.157  6419  7082 E Battery : AppStats: Uid = 10239; pkgName = com.tencent.mobileqq; AlarmWakeupCount = 8; AlarmTotalWakeupCount = 8
04-04 14:30:25.157  6419  7082 E Battery : AppStats: Uid = 10239; pkgName = com.tencent.mobileqq; JobCount = 5; JobTime = 151; JobTotalCount = 5; JobTotalTime = 151
04-04 14:30:25.157  6419  7082 E Battery : AppStats: Uid = 10239; pkgName = com.tencent.mobileqq; SyncCount = 0; SyncTime = 0; SyncTotalCount = 0; SyncTotalTime = 0
04-04 14:30:25.157  6419  7082 E Battery : AppStats: Uid = 10239; pkgName = com.tencent.mobileqq; WakeLockTime = 63 ms; WakeLockPower = 0.0 mAh.; WakeLockTotalTime = 63 ms; WakeLockTotalPower = 1.1375E-4 mAh.
04-04 14:30:25.157  6419  7082 E Battery : AppStats: Uid = 10239; pkgName = com.tencent.mobileqq; WifiRxBytes = 11449541 Bytes; WifiTxBytes = 5094689 Bytes; WifiRxPackets = 34324 ; WifiTxPackets = 40600 ; WiFiScanTimeMs = 0 ; WiFiBatchScanTimeMs = 0 
04-04 14:30:25.157  6419  7082 E Battery : AppStats: Uid = 10239; pkgName = com.tencent.mobileqq; WifiRxPacketsPower = 0.21261809766292572 mAh; WifiTxPacketsPower = 0.251494437456131 mAh; WifiScanPower = 0.0 mAh; WifiBatchScanPower = 0.0 mAh; WiFiTotalPower = 0.4641125500202179 mAh
04-04 14:30:25.157  6419  7082 E Battery : AppStats: Uid = 10239; pkgName = com.tencent.mobileqq; GpsTime = 0 ms; GpsTotalTime = 0 ms
04-04 14:30:25.157  6419  7082 E Battery : AppStats: Uid = 10239; pkgName = com.tencent.mobileqq; GpsPower = 0.0 mAh; GpsTotalPower = 0.0 mAh
04-04 14:30:25.157  6419  7082 E Battery : AppStats: Uid = 10239; pkgName = com.tencent.mobileqq; SensorTime = 27382801 ms; SensorTotalTime = 27125757 ms
04-04 14:30:25.157  6419  7082 E Battery : AppStats: Uid = 10239; pkgName = com.tencent.mobileqq; SensorPower = 0.007606333587318659 mAh; SensorTotalPower = 0.0075349328108131886 mAh
04-04 14:30:25.157  6419  7082 E Battery : AppStats: Uid = 10239; pkgName = com.tencent.mobileqq; CameraTime = 0 ms; CameraTotalTime = 0 ms
04-04 14:30:25.157  6419  7082 E Battery : AppStats: Uid = 10239; pkgName = com.tencent.mobileqq; CameraPower = 0.0 mAh; CameraTotalPower = 0.0 ms
04-04 14:30:25.157  6419  7082 E Battery : AppStats: Uid = 10239; pkgName = com.tencent.mobileqq; FlashLightTime = 0 ms; FlashLightTotalTime = 0 ms
04-04 14:30:25.157  6419  7082 E Battery : AppStats: Uid = 10239; pkgName = com.tencent.mobileqq; FlashLightPower = 0.0 mAh; FlashLightTotalPower = 0.0 mAh
04-04 14:30:25.175  6419  7082 E Battery : AppStats: Uid = 10116; pkgName = com.heytap.xgame; CpuTime = 5774 ms; CpuTotalTime = 5264 ms
04-04 14:30:25.175  6419  7082 E Battery : AppStats: Uid = 10116; pkgName = com.heytap.xgame; CpuKernelTime = 1528 ms; CpuTotalKernelTime = 1188 ms
04-04 14:30:25.175  6419  7082 E Battery : AppStats: Uid = 10116; pkgName = com.heytap.xgame; CpuUserTime = 4246 ms; CpuTotalUserTime = 4076 ms
04-04 14:30:25.175  6419  7082 E Battery : AppStats: Uid = 10116; pkgName = com.heytap.xgame; CpuPower = 0.34076875 mAh.; CpuTotalPower = 0.3137390277777778 mAh.
04-04 14:30:25.175  6419  7082 E Battery : AppStats: Uid = 10116; pkgName = com.heytap.xgame; AlarmWakeupCount = 1; AlarmTotalWakeupCount = 1
04-04 14:30:25.175  6419  7082 E Battery : AppStats: Uid = 10116; pkgName = com.heytap.xgame; JobCount = 0; JobTime = 0; JobTotalCount = 0; JobTotalTime = 0
04-04 14:30:25.175  6419  7082 E Battery : AppStats: Uid = 10116; pkgName = com.heytap.xgame; SyncCount = 0; SyncTime = 0; SyncTotalCount = 0; SyncTotalTime = 0
04-04 14:30:25.175  6419  7082 E Battery : AppStats: Uid = 10116; pkgName = com.heytap.xgame; WakeLockTime = 1 ms; WakeLockPower = 0.0 mAh.; WakeLockTotalTime = 1 ms; WakeLockTotalPower = 1.8055555555555555E-6 mAh.
04-04 14:30:25.175  6419  7082 E Battery : AppStats: Uid = 10116; pkgName = com.heytap.xgame; WifiRxBytes = 50140444 Bytes; WifiTxBytes = 4234553 Bytes; WifiRxPackets = 46982 ; WifiTxPackets = 28866 ; WiFiScanTimeMs = 0 ; WiFiBatchScanTimeMs = 0 
04-04 14:30:25.175  6419  7082 E Battery : AppStats: Uid = 10116; pkgName = com.heytap.xgame; WifiRxPacketsPower = 0.29102736711502075 mAh; WifiTxPacketsPower = 0.17880882322788239 mAh; WifiScanPower = 0.0 mAh; WifiBatchScanPower = 0.0 mAh; WiFiTotalPower = 0.46983620524406433 mAh
04-04 14:30:25.175  6419  7082 E Battery : AppStats: Uid = 10116; pkgName = com.heytap.xgame; GpsTime = 0 ms; GpsTotalTime = 0 ms
04-04 14:30:25.175  6419  7082 E Battery : AppStats: Uid = 10116; pkgName = com.heytap.xgame; GpsPower = 0.0 mAh; GpsTotalPower = 0.0 mAh
04-04 14:30:25.175  6419  7082 E Battery : AppStats: Uid = 10116; pkgName = com.heytap.xgame; SensorTime = 0 ms; SensorTotalTime = 0 ms
04-04 14:30:25.175  6419  7082 E Battery : AppStats: Uid = 10116; pkgName = com.heytap.xgame; SensorPower = 0.0 mAh; SensorTotalPower = 0.0 mAh
04-04 14:30:25.175  6419  7082 E Battery : AppStats: Uid = 10116; pkgName = com.heytap.xgame; CameraTime = 0 ms; CameraTotalTime = 0 ms
04-04 14:30:25.175  6419  7082 E Battery : AppStats: Uid = 10116; pkgName = com.heytap.xgame; CameraPower = 0.0 mAh; CameraTotalPower = 0.0 ms
04-04 14:30:25.175  6419  7082 E Battery : AppStats: Uid = 10116; pkgName = com.heytap.xgame; FlashLightTime = 0 ms; FlashLightTotalTime = 0 ms
04-04 14:30:25.175  6419  7082 E Battery : AppStats: Uid = 10116; pkgName = com.heytap.xgame; FlashLightPower = 0.0 mAh; FlashLightTotalPower = 0.0 mAh
04-04 14:30:25.189  6419  7082 E Battery : AppStats: Uid = 10196; pkgName = com.coloros.weather2; CpuTime = 701 ms; CpuTotalTime = 568 ms
04-04 14:30:25.189  6419  7082 E Battery : AppStats: Uid = 10196; pkgName = com.coloros.weather2; CpuKernelTime = 215 ms; CpuTotalKernelTime = 152 ms
04-04 14:30:25.189  6419  7082 E Battery : AppStats: Uid = 10196; pkgName = com.coloros.weather2; CpuUserTime = 486 ms; CpuTotalUserTime = 416 ms
04-04 14:30:25.189  6419  7082 E Battery : AppStats: Uid = 10196; pkgName = com.coloros.weather2; CpuPower = 0.04260777777777778 mAh.; CpuTotalPower = 0.03462194444444444 mAh.
04-04 14:30:25.189  6419  7082 E Battery : AppStats: Uid = 10196; pkgName = com.coloros.weather2; AlarmWakeupCount = 0; AlarmTotalWakeupCount = 0
04-04 14:30:25.189  6419  7082 E Battery : AppStats: Uid = 10196; pkgName = com.coloros.weather2; JobCount = 0; JobTime = 0; JobTotalCount = 0; JobTotalTime = 0
04-04 14:30:25.189  6419  7082 E Battery : AppStats: Uid = 10196; pkgName = com.coloros.weather2; SyncCount = 0; SyncTime = 0; SyncTotalCount = 0; SyncTotalTime = 0
04-04 14:30:25.189  6419  7082 E Battery : AppStats: Uid = 10196; pkgName = com.coloros.weather2; WakeLockTime = 0 ms; WakeLockPower = 0.0 mAh.; WakeLockTotalTime = 0 ms; WakeLockTotalPower = 0.0 mAh.
04-04 14:30:25.189  6419  7082 E Battery : AppStats: Uid = 10196; pkgName = com.coloros.weather2; WifiRxBytes = 488153 Bytes; WifiTxBytes = 142313 Bytes; WifiRxPackets = 1094 ; WifiTxPackets = 1264 ; WiFiScanTimeMs = 0 ; WiFiBatchScanTimeMs = 0 
04-04 14:30:25.189  6419  7082 E Battery : AppStats: Uid = 10196; pkgName = com.coloros.weather2; WifiRxPacketsPower = 0.08470902591943741 mAh; WifiTxPacketsPower = 0.09787221997976303 mAh; WifiScanPower = 0.0 mAh; WifiBatchScanPower = 0.0 mAh; WiFiTotalPower = 0.18258124589920044 mAh
04-04 14:30:25.189  6419  7082 E Battery : AppStats: Uid = 10196; pkgName = com.coloros.weather2; GpsTime = 0 ms; GpsTotalTime = 0 ms
04-04 14:30:25.189  6419  7082 E Battery : AppStats: Uid = 10196; pkgName = com.coloros.weather2; GpsPower = 0.0 mAh; GpsTotalPower = 0.0 mAh
04-04 14:30:25.189  6419  7082 E Battery : AppStats: Uid = 10196; pkgName = com.coloros.weather2; SensorTime = 0 ms; SensorTotalTime = 0 ms
04-04 14:30:25.189  6419  7082 E Battery : AppStats: Uid = 10196; pkgName = com.coloros.weather2; SensorPower = 0.0 mAh; SensorTotalPower = 0.0 mAh
04-04 14:30:25.189  6419  7082 E Battery : AppStats: Uid = 10196; pkgName = com.coloros.weather2; CameraTime = 0 ms; CameraTotalTime = 0 ms
04-04 14:30:25.189  6419  7082 E Battery : AppStats: Uid = 10196; pkgName = com.coloros.weather2; CameraPower = 0.0 mAh; CameraTotalPower = 0.0 ms
04-04 14:30:25.189  6419  7082 E Battery : AppStats: Uid = 10196; pkgName = com.coloros.weather2; FlashLightTime = 0 ms; FlashLightTotalTime = 0 ms
04-04 14:30:25.189  6419  7082 E Battery : AppStats: Uid = 10196; pkgName = com.coloros.weather2; FlashLightPower = 0.0 mAh; FlashLightTotalPower = 0.0 mAh
04-04 14:30:25.203  6419  7082 E Battery : AppStats: Uid = 10601; pkgName = com.oplus.games; CpuTime = 8400 ms; CpuTotalTime = 0 ms
04-04 14:30:25.203  6419  7082 E Battery : AppStats: Uid = 10601; pkgName = com.oplus.games; CpuKernelTime = 1773 ms; CpuTotalKernelTime = 0 ms
04-04 14:30:25.203  6419  7082 E Battery : AppStats: Uid = 10601; pkgName = com.oplus.games; CpuUserTime = 6627 ms; CpuTotalUserTime = 0 ms
04-04 14:30:25.203  6419  7082 E Battery : AppStats: Uid = 10601; pkgName = com.oplus.games; CpuPower = 0.3997058333333333 mAh.; CpuTotalPower = 0.0 mAh.
04-04 14:30:25.203  6419  7082 E Battery : AppStats: Uid = 10601; pkgName = com.oplus.games; AlarmWakeupCount = 0; AlarmTotalWakeupCount = 0
04-04 14:30:25.203  6419  7082 E Battery : AppStats: Uid = 10601; pkgName = com.oplus.games; JobCount = 0; JobTime = 0; JobTotalCount = 0; JobTotalTime = 0
04-04 14:30:25.203  6419  7082 E Battery : AppStats: Uid = 10601; pkgName = com.oplus.games; SyncCount = 0; SyncTime = 0; SyncTotalCount = 0; SyncTotalTime = 0
04-04 14:30:25.203  6419  7082 E Battery : AppStats: Uid = 10601; pkgName = com.oplus.games; WakeLockTime = 0 ms; WakeLockPower = 0.0 mAh.; WakeLockTotalTime = 0 ms; WakeLockTotalPower = 0.0 mAh.
04-04 14:30:25.203  6419  7082 E Battery : AppStats: Uid = 10601; pkgName = com.oplus.games; WifiRxBytes = 163833 Bytes; WifiTxBytes = 64315 Bytes; WifiRxPackets = 448 ; WifiTxPackets = 533 ; WiFiScanTimeMs = 0 ; WiFiBatchScanTimeMs = 0 
04-04 14:30:25.203  6419  7082 E Battery : AppStats: Uid = 10601; pkgName = com.oplus.games; WifiRxPacketsPower = 0.034688886255025864 mAh; WifiTxPacketsPower = 0.041270483285188675 mAh; WifiScanPower = 0.0 mAh; WifiBatchScanPower = 0.0 mAh; WiFiTotalPower = 0.07595936954021454 mAh
04-04 14:30:25.203  6419  7082 E Battery : AppStats: Uid = 10601; pkgName = com.oplus.games; GpsTime = 0 ms; GpsTotalTime = 0 ms
04-04 14:30:25.203  6419  7082 E Battery : AppStats: Uid = 10601; pkgName = com.oplus.games; GpsPower = 0.0 mAh; GpsTotalPower = 0.0 mAh
04-04 14:30:25.203  6419  7082 E Battery : AppStats: Uid = 10601; pkgName = com.oplus.games; SensorTime = 0 ms; SensorTotalTime = 0 ms
04-04 14:30:25.203  6419  7082 E Battery : AppStats: Uid = 10601; pkgName = com.oplus.games; SensorPower = 0.0 mAh; SensorTotalPower = 0.0 mAh
04-04 14:30:25.203  6419  7082 E Battery : AppStats: Uid = 10601; pkgName = com.oplus.games; CameraTime = 0 ms; CameraTotalTime = 0 ms
04-04 14:30:25.203  6419  7082 E Battery : AppStats: Uid = 10601; pkgName = com.oplus.games; CameraPower = 0.0 mAh; CameraTotalPower = 0.0 ms
04-04 14:30:25.203  6419  7082 E Battery : AppStats: Uid = 10601; pkgName = com.oplus.games; FlashLightTime = 0 ms; FlashLightTotalTime = 0 ms
04-04 14:30:25.203  6419  7082 E Battery : AppStats: Uid = 10601; pkgName = com.oplus.games; FlashLightPower = 0.0 mAh; FlashLightTotalPower = 0.0 mAh
04-04 14:30:26.024  6285  6285 E VendorNfcService: changeNfcState: WIRELESS_CHARGING is disable; mIsWirelessCharging: false; mIsReverseChargingSwitchOpen: false
04-04 14:30:26.691 20465 20608 E 20465PAS1331f67230315.PolicyManager: acceptHandleResult, hanleResult is null
04-04 14:30:29.494  2145  4461 E OplusNetworkStatsNative: bpfGetAppPurStatsTotal return 0
04-04 14:30:29.874  6033  6059 E horae   : 0: back:38990,frame:39940,front:40292, 8, +(2376), 0 ,38900,43332,42668
04-04 14:30:31.140  6285  6285 E VendorNfcService: changeNfcState: WIRELESS_CHARGING is disable; mIsWirelessCharging: false; mIsReverseChargingSwitchOpen: false
04-04 14:30:37.037  6285  6285 E VendorNfcService: changeNfcState: WIRELESS_CHARGING is disable; mIsWirelessCharging: false; mIsReverseChargingSwitchOpen: false
04-04 14:30:38.820  9425  9428 E IHansComunication: HANS printMessageBody: RCV message: type = 0,port = 86870,caller_pid = 2145,caller_uid = 1000,target_pid = 20902,target_uid = 10240,pkg_cmd = -1,rpc = android.os.IThermalStatusListener/1
04-04 14:30:38.820  9425  9428 E IHansComunication: HANS printMessageBody: RCV message: type = 0,port = 86870,caller_pid = 2145,caller_uid = 1000,target_pid = 20530,target_uid = 10240,pkg_cmd = -1,rpc = android.os.IThermalStatusListener/1
04-04 14:30:39.499  2145  4461 E OplusNetworkStatsNative: bpfGetAppPurStatsTotal return 0
04-04 14:30:39.872  6033  6059 E horae   : 0: back:38394,frame:39382,front:39757, 8, +(2179), 0 ,38700,42781,41936
04-04 14:30:42.174  6285  6285 E VendorNfcService: changeNfcState: WIRELESS_CHARGING is disable; mIsWirelessCharging: false; mIsReverseChargingSwitchOpen: false
04-04 14:30:48.042  6285  6285 E VendorNfcService: changeNfcState: WIRELESS_CHARGING is disable; mIsWirelessCharging: false; mIsReverseChargingSwitchOpen: false
04-04 14:30:49.508  2145  4461 E OplusNetworkStatsNative: bpfGetAppPurStatsTotal return 0
04-04 14:30:53.172  6285  6285 E VendorNfcService: changeNfcState: WIRELESS_CHARGING is disable; mIsWirelessCharging: false; mIsReverseChargingSwitchOpen: false
04-04 14:30:54.873  6033  6059 E horae   : 0: back:37792,frame:38790,front:39178, 8, +(2007), 0 ,38200,42136,41185
04-04 14:30:59.046  6285  6285 E VendorNfcService: changeNfcState: WIRELESS_CHARGING is disable; mIsWirelessCharging: false; mIsReverseChargingSwitchOpen: false
04-04 14:30:59.521  2145  4461 E OplusNetworkStatsNative: bpfGetAppPurStatsTotal return 0
04-04 14:31:04.177  6285  6285 E VendorNfcService: changeNfcState: WIRELESS_CHARGING is disable; mIsWirelessCharging: false; mIsReverseChargingSwitchOpen: false
04-04 14:31:04.872  6033  6056 E horae   : Entering notifyCallback, binder clients size 6
04-04 14:31:04.875  6033  6056 E horae   : Notify thermal status: 7
04-04 14:31:04.876  6033  6056 E horae   : Notify thermal status: 7
04-04 14:31:04.877  6033  6056 E horae   : Notify thermal status: 7
04-04 14:31:04.878  6033  6056 E horae   : Notify thermal status: 7
04-04 14:31:04.879  6033  6056 E horae   : Notify thermal status: 7
04-04 14:31:04.879  6033  6056 E horae   : Notify thermal status: 7
04-04 14:31:05.478 20904 20904 E Zygote  : GL_OOM open gloom_va_feature failed, errno:2
04-04 14:31:05.491 20904 20904 E arme.gamecenter: Unknown bits set in runtime_flags: 0x40000000
04-04 14:31:05.519 20904 20904 E arme.gamecenter: Not starting debugger since process cannot load the jdwp agent.
04-04 14:31:06.071 20904 21032 E GameCenterSDK: Do you forget to initialize DLog? Use default config
04-04 14:31:06.110 20904 21060 E T_GameCenterIo-4->GAME_MEDIUM_SDK->Executors:call:: innerGetAUID
04-04 14:31:06.114 20904 20904 E OplusCustomizeRestrictionManager: sInstance is null, start a new sInstance
04-04 14:31:06.115 20904 21059 E T_GameCenterIo-3->GAME_MEDIUM_SDK->Executors:call:: innerGetGUID: 4eca987e3526d532e005d33d03a292e24235b6f4e85a7ae83997b86f62393549
04-04 14:31:06.116 20904 21061 E T_GameCenterIo-5->GAME_MEDIUM_SDK->Executors:call:: innerGetAPID
04-04 14:31:06.116 20904 21058 E T_GameCenterIo-2->GAME_MEDIUM_SDK->Executors:call:: innerGetOUID
04-04 14:31:06.132 20904 21032 E NearX.CloudConfig(mdp_1996).R.CloudConfig: multiple points
04-04 14:31:06.132 20904 21032 E NearX.CloudConfig(mdp_1996).R.CloudConfig: java.lang.NumberFormatException: multiple points
04-04 14:31:06.132 20904 21032 E NearX.CloudConfig(mdp_1996).R.CloudConfig: 	at jdk.internal.math.FloatingDecimal.readJavaFormatString(FloatingDecimal.java:1914)
04-04 14:31:06.132 20904 21032 E NearX.CloudConfig(mdp_1996).R.CloudConfig: 	at jdk.internal.math.FloatingDecimal.parseDouble(FloatingDecimal.java:110)
04-04 14:31:06.132 20904 21032 E NearX.CloudConfig(mdp_1996).R.CloudConfig: 	at java.lang.Double.parseDouble(Double.java:543)
04-04 14:31:06.132 20904 21032 E NearX.CloudConfig(mdp_1996).R.CloudConfig: 	at com.oplus.nearx.cloudconfig.util.f.c(Utils.kt:381)
04-04 14:31:06.132 20904 21032 E NearX.CloudConfig(mdp_1996).R.CloudConfig: 	at com.oplus.nearx.cloudconfig.util.f.a(Utils.kt:407)
04-04 14:31:06.132 20904 21032 E NearX.CloudConfig(mdp_1996).R.CloudConfig: 	at com.oplus.nearx.cloudconfig.device.e.a(ApkBuildInfo.kt:68)
04-04 14:31:06.132 20904 21032 E NearX.CloudConfig(mdp_1996).R.CloudConfig: 	at com.oplus.nearx.cloudconfig.a.e(CloudConfigCtrl.kt:282)
04-04 14:31:06.132 20904 21032 E NearX.CloudConfig(mdp_1996).R.CloudConfig: 	at a.a.a.dxs.a(DynamicAreaHost.kt:44)
04-04 14:31:06.132 20904 21032 E NearX.CloudConfig(mdp_1996).R.CloudConfig: 	at com.oplus.nearx.cloudconfig.a.m(CloudConfigCtrl.kt:117)
04-04 14:31:06.132 20904 21032 E NearX.CloudConfig(mdp_1996).R.CloudConfig: 	at com.oplus.nearx.cloudconfig.a.l(CloudConfigCtrl.kt:109)
04-04 14:31:06.132 20904 21032 E NearX.CloudConfig(mdp_1996).R.CloudConfig: 	at com.oplus.nearx.cloudconfig.a.a(CloudConfigCtrl.kt:43)
04-04 14:31:06.132 20904 21032 E NearX.CloudConfig(mdp_1996).R.CloudConfig: 	at com.oplus.nearx.cloudconfig.a$a.a(CloudConfigCtrl.kt:881)
04-04 14:31:06.132 20904 21032 E NearX.CloudConfig(mdp_1996).R.CloudConfig: 	at com.oplus.enterainment.game.empowerment.cloudconfig.core.NormalCloudConfigImpl.<init>(Unknown Source:43)
04-04 14:31:06.132 20904 21032 E NearX.CloudConfig(mdp_1996).R.CloudConfig: 	at com.oplus.enterainment.game.empowerment.cloudconfig.delegate.CloudConfigProxy.init(Unknown Source:22)
04-04 14:31:06.132 20904 21032 E NearX.CloudConfig(mdp_1996).R.CloudConfig: 	at com.oplus.enterainment.game.empowerment.GameEmpowermentSdk.init(Unknown Source:54)
04-04 14:31:06.132 20904 21032 E NearX.CloudConfig(mdp_1996).R.CloudConfig: 	at com.heytap.cdo.client.webview.nativeapi.e.b(HopoManager.kt:302)
04-04 14:31:06.132 20904 21032 E NearX.CloudConfig(mdp_1996).R.CloudConfig: 	at com.heytap.cdo.client.b$4.a(AppInitializer.java:312)
04-04 14:31:06.132 20904 21032 E NearX.CloudConfig(mdp_1996).R.CloudConfig: 	at com.heytap.cdo.client.b$4.onTask(AppInitializer.java:301)
04-04 14:31:06.132 20904 21032 E NearX.CloudConfig(mdp_1996).R.CloudConfig: 	at com.nearme.transaction.BaseTransaction.run(BaseTransaction.java:151)
04-04 14:31:06.132 20904 21032 E NearX.CloudConfig(mdp_1996).R.CloudConfig: 	at java.util.concurrent.Executors$RunnableAdapter.call(Executors.java:463)
04-04 14:31:06.132 20904 21032 E NearX.CloudConfig(mdp_1996).R.CloudConfig: 	at java.util.concurrent.FutureTask.run(FutureTask.java:264)
04-04 14:31:06.132 20904 21032 E NearX.CloudConfig(mdp_1996).R.CloudConfig: 	at java.util.concurrent.ScheduledThreadPoolExecutor$ScheduledFutureTask.run(ScheduledThreadPoolExecutor.java:307)
04-04 14:31:06.132 20904 21032 E NearX.CloudConfig(mdp_1996).R.CloudConfig: 	at java.util.concurrent.ThreadPoolExecutor.runWorker(ThreadPoolExecutor.java:1137)
04-04 14:31:06.132 20904 21032 E NearX.CloudConfig(mdp_1996).R.CloudConfig: 	at java.util.concurrent.ThreadPoolExecutor$Worker.run(ThreadPoolExecutor.java:637)
04-04 14:31:06.132 20904 21032 E NearX.CloudConfig(mdp_1996).R.CloudConfig: 	at java.lang.Thread.run(Thread.java:1012)
04-04 14:31:06.133  2145  8626 E DatabaseUtils: Writing exception to parcel
04-04 14:31:06.133  2145  8626 E DatabaseUtils: java.lang.NullPointerException: Attempt to invoke virtual method 'int java.lang.String.hashCode()' on a null object reference
04-04 14:31:06.133  2145  8626 E DatabaseUtils: 	at com.android.providers.settings.SettingsProvider.enforceSettingReadable(SettingsProvider.java:2418)
04-04 14:31:06.133  2145  8626 E DatabaseUtils: 	at com.android.providers.settings.SettingsProvider.getGlobalSetting(SettingsProvider.java:1488)
04-04 14:31:06.133  2145  8626 E DatabaseUtils: 	at com.android.providers.settings.SettingsProvider.call(SettingsProvider.java:469)
04-04 14:31:06.133  2145  8626 E DatabaseUtils: 	at android.content.ContentProvider.call(ContentProvider.java:2511)
04-04 14:31:06.133  2145  8626 E DatabaseUtils: 	at android.content.ContentProvider$Transport.call(ContentProvider.java:525)
04-04 14:31:06.133  2145  8626 E DatabaseUtils: 	at android.content.ContentProviderNative.onTransact(ContentProviderNative.java:295)
04-04 14:31:06.133  2145  8626 E DatabaseUtils: 	at android.os.Binder.execTransactInternal(Binder.java:1326)
04-04 14:31:06.133  2145  8626 E DatabaseUtils: 	at android.os.Binder.execTransact(Binder.java:1268)
04-04 14:31:06.135 20904 21032 E NearX.CloudConfig(mdp_1996).R.CloudConfig: multiple points
04-04 14:31:06.135 20904 21032 E NearX.CloudConfig(mdp_1996).R.CloudConfig: java.lang.NumberFormatException: multiple points
04-04 14:31:06.135 20904 21032 E NearX.CloudConfig(mdp_1996).R.CloudConfig: 	at jdk.internal.math.FloatingDecimal.readJavaFormatString(FloatingDecimal.java:1914)
04-04 14:31:06.135 20904 21032 E NearX.CloudConfig(mdp_1996).R.CloudConfig: 	at jdk.internal.math.FloatingDecimal.parseDouble(FloatingDecimal.java:110)
04-04 14:31:06.135 20904 21032 E NearX.CloudConfig(mdp_1996).R.CloudConfig: 	at java.lang.Double.parseDouble(Double.java:543)
04-04 14:31:06.135 20904 21032 E NearX.CloudConfig(mdp_1996).R.CloudConfig: 	at com.oplus.nearx.cloudconfig.util.f.c(Utils.kt:381)
04-04 14:31:06.135 20904 21032 E NearX.CloudConfig(mdp_1996).R.CloudConfig: 	at com.oplus.nearx.cloudconfig.util.f.a(Utils.kt:407)
04-04 14:31:06.135 20904 21032 E NearX.CloudConfig(mdp_1996).R.CloudConfig: 	at com.oplus.nearx.cloudconfig.device.e.a(ApkBuildInfo.kt:68)
04-04 14:31:06.135 20904 21032 E NearX.CloudConfig(mdp_1996).R.CloudConfig: 	at com.oplus.nearx.cloudconfig.device.e.b(ApkBuildInfo.kt:78)
04-04 14:31:06.135 20904 21032 E NearX.CloudConfig(mdp_1996).R.CloudConfig: 	at com.oplus.nearx.cloudconfig.a.m(CloudConfigCtrl.kt:131)
04-04 14:31:06.135 20904 21032 E NearX.CloudConfig(mdp_1996).R.CloudConfig: 	at com.oplus.nearx.cloudconfig.a.l(CloudConfigCtrl.kt:109)
04-04 14:31:06.135 20904 21032 E NearX.CloudConfig(mdp_1996).R.CloudConfig: 	at com.oplus.nearx.cloudconfig.a.a(CloudConfigCtrl.kt:43)
04-04 14:31:06.135 20904 21032 E NearX.CloudConfig(mdp_1996).R.CloudConfig: 	at com.oplus.nearx.cloudconfig.a$a.a(CloudConfigCtrl.kt:881)
04-04 14:31:06.135 20904 21032 E NearX.CloudConfig(mdp_1996).R.CloudConfig: 	at com.oplus.enterainment.game.empowerment.cloudconfig.core.NormalCloudConfigImpl.<init>(Unknown Source:43)
04-04 14:31:06.135 20904 21032 E NearX.CloudConfig(mdp_1996).R.CloudConfig: 	at com.oplus.enterainment.game.empowerment.cloudconfig.delegate.CloudConfigProxy.init(Unknown Source:22)
04-04 14:31:06.135 20904 21032 E NearX.CloudConfig(mdp_1996).R.CloudConfig: 	at com.oplus.enterainment.game.empowerment.GameEmpowermentSdk.init(Unknown Source:54)
04-04 14:31:06.135 20904 21032 E NearX.CloudConfig(mdp_1996).R.CloudConfig: 	at com.heytap.cdo.client.webview.nativeapi.e.b(HopoManager.kt:302)
04-04 14:31:06.135 20904 21032 E NearX.CloudConfig(mdp_1996).R.CloudConfig: 	at com.heytap.cdo.client.b$4.a(AppInitializer.java:312)
04-04 14:31:06.135 20904 21032 E NearX.CloudConfig(mdp_1996).R.CloudConfig: 	at com.heytap.cdo.client.b$4.onTask(AppInitializer.java:301)
04-04 14:31:06.135 20904 21032 E NearX.CloudConfig(mdp_1996).R.CloudConfig: 	at com.nearme.transaction.BaseTransaction.run(BaseTransaction.java:151)
04-04 14:31:06.135 20904 21032 E NearX.CloudConfig(mdp_1996).R.CloudConfig: 	at java.util.concurrent.Executors$RunnableAdapter.call(Executors.java:463)
04-04 14:31:06.135 20904 21032 E NearX.CloudConfig(mdp_1996).R.CloudConfig: 	at java.util.concurrent.FutureTask.run(FutureTask.java:264)
04-04 14:31:06.135 20904 21032 E NearX.CloudConfig(mdp_1996).R.CloudConfig: 	at java.util.concurrent.ScheduledThreadPoolExecutor$ScheduledFutureTask.run(ScheduledThreadPoolExecutor.java:307)
04-04 14:31:06.135 20904 21032 E NearX.CloudConfig(mdp_1996).R.CloudConfig: 	at java.util.concurrent.ThreadPoolExecutor.runWorker(ThreadPoolExecutor.java:1137)
04-04 14:31:06.135 20904 21032 E NearX.CloudConfig(mdp_1996).R.CloudConfig: 	at java.util.concurrent.ThreadPoolExecutor$Worker.run(ThreadPoolExecutor.java:637)
04-04 14:31:06.135 20904 21032 E NearX.CloudConfig(mdp_1996).R.CloudConfig: 	at java.lang.Thread.run(Thread.java:1012)
04-04 14:31:06.168 20904 21084 E NearX.CloudConfig(mdp_1996).R.CloudConfig: multiple points
04-04 14:31:06.168 20904 21084 E NearX.CloudConfig(mdp_1996).R.CloudConfig: java.lang.NumberFormatException: multiple points
04-04 14:31:06.168 20904 21084 E NearX.CloudConfig(mdp_1996).R.CloudConfig: 	at jdk.internal.math.FloatingDecimal.readJavaFormatString(FloatingDecimal.java:1914)
04-04 14:31:06.168 20904 21084 E NearX.CloudConfig(mdp_1996).R.CloudConfig: 	at jdk.internal.math.FloatingDecimal.parseDouble(FloatingDecimal.java:110)
04-04 14:31:06.168 20904 21084 E NearX.CloudConfig(mdp_1996).R.CloudConfig: 	at java.lang.Double.parseDouble(Double.java:543)
04-04 14:31:06.168 20904 21084 E NearX.CloudConfig(mdp_1996).R.CloudConfig: 	at com.oplus.nearx.cloudconfig.util.f.c(Utils.kt:381)
04-04 14:31:06.168 20904 21084 E NearX.CloudConfig(mdp_1996).R.CloudConfig: 	at com.oplus.nearx.cloudconfig.util.f.a(Utils.kt:407)
04-04 14:31:06.168 20904 21084 E NearX.CloudConfig(mdp_1996).R.CloudConfig: 	at com.oplus.nearx.cloudconfig.device.e.a(ApkBuildInfo.kt:68)
04-04 14:31:06.168 20904 21084 E NearX.CloudConfig(mdp_1996).R.CloudConfig: 	at com.oplus.nearx.cloudconfig.a.e(CloudConfigCtrl.kt:282)
04-04 14:31:06.168 20904 21084 E NearX.CloudConfig(mdp_1996).R.CloudConfig: 	at a.a.a.dxs.b(DynamicAreaHost.kt:66)
04-04 14:31:06.168 20904 21084 E NearX.CloudConfig(mdp_1996).R.CloudConfig: 	at a.a.a.dxs.a(DynamicAreaHost.kt:48)
04-04 14:31:06.168 20904 21084 E NearX.CloudConfig(mdp_1996).R.CloudConfig: 	at com.oplus.nearx.cloudconfig.datasource.b$a.a(ConfigsUpdateLogic.kt:63)
04-04 14:31:06.168 20904 21084 E NearX.CloudConfig(mdp_1996).R.CloudConfig: 	at com.oplus.nearx.cloudconfig.datasource.b$a.call(ConfigsUpdateLogic.kt:32)
04-04 14:31:06.168 20904 21084 E NearX.CloudConfig(mdp_1996).R.CloudConfig: 	at com.oplus.threadtask.d.call(TimeoutCallable.java:40)
04-04 14:31:06.168 20904 21084 E NearX.CloudConfig(mdp_1996).R.CloudConfig: 	at java.util.concurrent.FutureTask.run(FutureTask.java:264)
04-04 14:31:06.168 20904 21084 E NearX.CloudConfig(mdp_1996).R.CloudConfig: 	at java.util.concurrent.ScheduledThreadPoolExecutor$ScheduledFutureTask.run(ScheduledThreadPoolExecutor.java:307)
04-04 14:31:06.168 20904 21084 E NearX.CloudConfig(mdp_1996).R.CloudConfig: 	at java.util.concurrent.ThreadPoolExecutor.runWorker(ThreadPoolExecutor.java:1137)
04-04 14:31:06.168 20904 21084 E NearX.CloudConfig(mdp_1996).R.CloudConfig: 	at java.util.concurrent.ThreadPoolExecutor$Worker.run(ThreadPoolExecutor.java:637)
04-04 14:31:06.168 20904 21084 E NearX.CloudConfig(mdp_1996).R.CloudConfig: 	at java.lang.Thread.run(Thread.java:1012)
04-04 14:31:06.189 20904 21084 E NearX.CloudConfig(mdp_1996).R.CloudConfig: multiple points
04-04 14:31:06.189 20904 21084 E NearX.CloudConfig(mdp_1996).R.CloudConfig: java.lang.NumberFormatException: multiple points
04-04 14:31:06.189 20904 21084 E NearX.CloudConfig(mdp_1996).R.CloudConfig: 	at jdk.internal.math.FloatingDecimal.readJavaFormatString(FloatingDecimal.java:1914)
04-04 14:31:06.189 20904 21084 E NearX.CloudConfig(mdp_1996).R.CloudConfig: 	at jdk.internal.math.FloatingDecimal.parseDouble(FloatingDecimal.java:110)
04-04 14:31:06.189 20904 21084 E NearX.CloudConfig(mdp_1996).R.CloudConfig: 	at java.lang.Double.parseDouble(Double.java:543)
04-04 14:31:06.189 20904 21084 E NearX.CloudConfig(mdp_1996).R.CloudConfig: 	at com.oplus.nearx.cloudconfig.util.f.c(Utils.kt:381)
04-04 14:31:06.189 20904 21084 E NearX.CloudConfig(mdp_1996).R.CloudConfig: 	at com.oplus.nearx.cloudconfig.util.f.a(Utils.kt:407)
04-04 14:31:06.189 20904 21084 E NearX.CloudConfig(mdp_1996).R.CloudConfig: 	at com.oplus.nearx.cloudconfig.device.e.a(ApkBuildInfo.kt:68)
04-04 14:31:06.189 20904 21084 E NearX.CloudConfig(mdp_1996).R.CloudConfig: 	at com.oplus.nearx.cloudconfig.a.e(CloudConfigCtrl.kt:282)
04-04 14:31:06.189 20904 21084 E NearX.CloudConfig(mdp_1996).R.CloudConfig: 	at a.a.a.dxs.b(DynamicAreaHost.kt:66)
04-04 14:31:06.189 20904 21084 E NearX.CloudConfig(mdp_1996).R.CloudConfig: 	at a.a.a.dxs.a(DynamicAreaHost.kt:48)
04-04 14:31:06.189 20904 21084 E NearX.CloudConfig(mdp_1996).R.CloudConfig: 	at com.oplus.nearx.cloudconfig.datasource.b.b(ConfigsUpdateLogic.kt:101)
04-04 14:31:06.189 20904 21084 E NearX.CloudConfig(mdp_1996).R.CloudConfig: 	at com.oplus.nearx.cloudconfig.datasource.b.a(ConfigsUpdateLogic.kt:32)
04-04 14:31:06.189 20904 21084 E NearX.CloudConfig(mdp_1996).R.CloudConfig: 	at com.oplus.nearx.cloudconfig.datasource.b$a.a(ConfigsUpdateLogic.kt:71)
04-04 14:31:06.189 20904 21084 E NearX.CloudConfig(mdp_1996).R.CloudConfig: 	at com.oplus.nearx.cloudconfig.datasource.b$a.call(ConfigsUpdateLogic.kt:32)
04-04 14:31:06.189 20904 21084 E NearX.CloudConfig(mdp_1996).R.CloudConfig: 	at com.oplus.threadtask.d.call(TimeoutCallable.java:40)
04-04 14:31:06.189 20904 21084 E NearX.CloudConfig(mdp_1996).R.CloudConfig: 	at java.util.concurrent.FutureTask.run(FutureTask.java:264)
04-04 14:31:06.189 20904 21084 E NearX.CloudConfig(mdp_1996).R.CloudConfig: 	at java.util.concurrent.ScheduledThreadPoolExecutor$ScheduledFutureTask.run(ScheduledThreadPoolExecutor.java:307)
04-04 14:31:06.189 20904 21084 E NearX.CloudConfig(mdp_1996).R.CloudConfig: 	at java.util.concurrent.ThreadPoolExecutor.runWorker(ThreadPoolExecutor.java:1137)
04-04 14:31:06.189 20904 21084 E NearX.CloudConfig(mdp_1996).R.CloudConfig: 	at java.util.concurrent.ThreadPoolExecutor$Worker.run(ThreadPoolExecutor.java:637)
04-04 14:31:06.189 20904 21084 E NearX.CloudConfig(mdp_1996).R.CloudConfig: 	at java.lang.Thread.run(Thread.java:1012)
04-04 14:31:06.191 20904 21084 E NearX.CloudConfig(mdp_1996).R.CloudConfig: multiple points
04-04 14:31:06.191 20904 21084 E NearX.CloudConfig(mdp_1996).R.CloudConfig: java.lang.NumberFormatException: multiple points
04-04 14:31:06.191 20904 21084 E NearX.CloudConfig(mdp_1996).R.CloudConfig: 	at jdk.internal.math.FloatingDecimal.readJavaFormatString(FloatingDecimal.java:1914)
04-04 14:31:06.191 20904 21084 E NearX.CloudConfig(mdp_1996).R.CloudConfig: 	at jdk.internal.math.FloatingDecimal.parseDouble(FloatingDecimal.java:110)
04-04 14:31:06.191 20904 21084 E NearX.CloudConfig(mdp_1996).R.CloudConfig: 	at java.lang.Double.parseDouble(Double.java:543)
04-04 14:31:06.191 20904 21084 E NearX.CloudConfig(mdp_1996).R.CloudConfig: 	at com.oplus.nearx.cloudconfig.util.f.c(Utils.kt:381)
04-04 14:31:06.191 20904 21084 E NearX.CloudConfig(mdp_1996).R.CloudConfig: 	at com.oplus.nearx.cloudconfig.util.f.a(Utils.kt:407)
04-04 14:31:06.191 20904 21084 E NearX.CloudConfig(mdp_1996).R.CloudConfig: 	at com.oplus.nearx.cloudconfig.device.e.a(ApkBuildInfo.kt:68)
04-04 14:31:06.191 20904 21084 E NearX.CloudConfig(mdp_1996).R.CloudConfig: 	at com.oplus.nearx.cloudconfig.datasource.a.a(CheckUpdateRequest.kt:37)
04-04 14:31:06.191 20904 21084 E NearX.CloudConfig(mdp_1996).R.CloudConfig: 	at com.oplus.nearx.cloudconfig.datasource.b.b(ConfigsUpdateLogic.kt:100)
04-04 14:31:06.191 20904 21084 E NearX.CloudConfig(mdp_1996).R.CloudConfig: 	at com.oplus.nearx.cloudconfig.datasource.b.a(ConfigsUpdateLogic.kt:32)
04-04 14:31:06.191 20904 21084 E NearX.CloudConfig(mdp_1996).R.CloudConfig: 	at com.oplus.nearx.cloudconfig.datasource.b$a.a(ConfigsUpdateLogic.kt:71)
04-04 14:31:06.191 20904 21084 E NearX.CloudConfig(mdp_1996).R.CloudConfig: 	at com.oplus.nearx.cloudconfig.datasource.b$a.call(ConfigsUpdateLogic.kt:32)
04-04 14:31:06.191 20904 21084 E NearX.CloudConfig(mdp_1996).R.CloudConfig: 	at com.oplus.threadtask.d.call(TimeoutCallable.java:40)
04-04 14:31:06.191 20904 21084 E NearX.CloudConfig(mdp_1996).R.CloudConfig: 	at java.util.concurrent.FutureTask.run(FutureTask.java:264)
04-04 14:31:06.191 20904 21084 E NearX.CloudConfig(mdp_1996).R.CloudConfig: 	at java.util.concurrent.ScheduledThreadPoolExecutor$ScheduledFutureTask.run(ScheduledThreadPoolExecutor.java:307)
04-04 14:31:06.191 20904 21084 E NearX.CloudConfig(mdp_1996).R.CloudConfig: 	at java.util.concurrent.ThreadPoolExecutor.runWorker(ThreadPoolExecutor.java:1137)
04-04 14:31:06.191 20904 21084 E NearX.CloudConfig(mdp_1996).R.CloudConfig: 	at java.util.concurrent.ThreadPoolExecutor$Worker.run(ThreadPoolExecutor.java:637)
04-04 14:31:06.191 20904 21084 E NearX.CloudConfig(mdp_1996).R.CloudConfig: 	at java.lang.Thread.run(Thread.java:1012)
04-04 14:31:06.207 20904 21088 E NearX.CloudConfig(mdp_1996).R.CloudConfig: multiple points
04-04 14:31:06.207 20904 21088 E NearX.CloudConfig(mdp_1996).R.CloudConfig: java.lang.NumberFormatException: multiple points
04-04 14:31:06.207 20904 21088 E NearX.CloudConfig(mdp_1996).R.CloudConfig: 	at jdk.internal.math.FloatingDecimal.readJavaFormatString(FloatingDecimal.java:1914)
04-04 14:31:06.207 20904 21088 E NearX.CloudConfig(mdp_1996).R.CloudConfig: 	at jdk.internal.math.FloatingDecimal.parseDouble(FloatingDecimal.java:110)
04-04 14:31:06.207 20904 21088 E NearX.CloudConfig(mdp_1996).R.CloudConfig: 	at java.lang.Double.parseDouble(Double.java:543)
04-04 14:31:06.207 20904 21088 E NearX.CloudConfig(mdp_1996).R.CloudConfig: 	at com.oplus.nearx.cloudconfig.util.f.c(Utils.kt:381)
04-04 14:31:06.207 20904 21088 E NearX.CloudConfig(mdp_1996).R.CloudConfig: 	at com.oplus.nearx.cloudconfig.util.f.a(Utils.kt:407)
04-04 14:31:06.207 20904 21088 E NearX.CloudConfig(mdp_1996).R.CloudConfig: 	at com.oplus.nearx.cloudconfig.device.e.a(ApkBuildInfo.kt:68)
04-04 14:31:06.207 20904 21088 E NearX.CloudConfig(mdp_1996).R.CloudConfig: 	at com.oplus.nearx.cloudconfig.a.e(CloudConfigCtrl.kt:282)
04-04 14:31:06.207 20904 21088 E NearX.CloudConfig(mdp_1996).R.CloudConfig: 	at a.a.a.dxs.b(DynamicAreaHost.kt:66)
04-04 14:31:06.207 20904 21088 E NearX.CloudConfig(mdp_1996).R.CloudConfig: 	at a.a.a.dxs.a(DynamicAreaHost.kt:48)
04-04 14:31:06.207 20904 21088 E NearX.CloudConfig(mdp_1996).R.CloudConfig: 	at com.oplus.nearx.cloudconfig.datasource.b$a.a(ConfigsUpdateLogic.kt:63)
04-04 14:31:06.207 20904 21088 E NearX.CloudConfig(mdp_1996).R.CloudConfig: 	at com.oplus.nearx.cloudconfig.datasource.b$a.call(ConfigsUpdateLogic.kt:32)
04-04 14:31:06.207 20904 21088 E NearX.CloudConfig(mdp_1996).R.CloudConfig: 	at com.oplus.threadtask.d.call(TimeoutCallable.java:40)
04-04 14:31:06.207 20904 21088 E NearX.CloudConfig(mdp_1996).R.CloudConfig: 	at java.util.concurrent.FutureTask.run(FutureTask.java:264)
04-04 14:31:06.207 20904 21088 E NearX.CloudConfig(mdp_1996).R.CloudConfig: 	at java.util.concurrent.ScheduledThreadPoolExecutor$ScheduledFutureTask.run(ScheduledThreadPoolExecutor.java:307)
04-04 14:31:06.207 20904 21088 E NearX.CloudConfig(mdp_1996).R.CloudConfig: 	at java.util.concurrent.ThreadPoolExecutor.runWorker(ThreadPoolExecutor.java:1137)
04-04 14:31:06.207 20904 21088 E NearX.CloudConfig(mdp_1996).R.CloudConfig: 	at java.util.concurrent.ThreadPoolExecutor$Worker.run(ThreadPoolExecutor.java:637)
04-04 14:31:06.207 20904 21088 E NearX.CloudConfig(mdp_1996).R.CloudConfig: 	at java.lang.Thread.run(Thread.java:1012)
04-04 14:31:06.209 20904 21088 E NearX.CloudConfig(mdp_1996).R.CloudConfig: multiple points
04-04 14:31:06.209 20904 21088 E NearX.CloudConfig(mdp_1996).R.CloudConfig: java.lang.NumberFormatException: multiple points
04-04 14:31:06.209 20904 21088 E NearX.CloudConfig(mdp_1996).R.CloudConfig: 	at jdk.internal.math.FloatingDecimal.readJavaFormatString(FloatingDecimal.java:1914)
04-04 14:31:06.209 20904 21088 E NearX.CloudConfig(mdp_1996).R.CloudConfig: 	at jdk.internal.math.FloatingDecimal.parseDouble(FloatingDecimal.java:110)
04-04 14:31:06.209 20904 21088 E NearX.CloudConfig(mdp_1996).R.CloudConfig: 	at java.lang.Double.parseDouble(Double.java:543)
04-04 14:31:06.209 20904 21088 E NearX.CloudConfig(mdp_1996).R.CloudConfig: 	at com.oplus.nearx.cloudconfig.util.f.c(Utils.kt:381)
04-04 14:31:06.209 20904 21088 E NearX.CloudConfig(mdp_1996).R.CloudConfig: 	at com.oplus.nearx.cloudconfig.util.f.a(Utils.kt:407)
04-04 14:31:06.209 20904 21088 E NearX.CloudConfig(mdp_1996).R.CloudConfig: 	at com.oplus.nearx.cloudconfig.device.e.a(ApkBuildInfo.kt:68)
04-04 14:31:06.209 20904 21088 E NearX.CloudConfig(mdp_1996).R.CloudConfig: 	at com.oplus.nearx.cloudconfig.a.e(CloudConfigCtrl.kt:282)
04-04 14:31:06.209 20904 21088 E NearX.CloudConfig(mdp_1996).R.CloudConfig: 	at a.a.a.dxs.b(DynamicAreaHost.kt:66)
04-04 14:31:06.209 20904 21088 E NearX.CloudConfig(mdp_1996).R.CloudConfig: 	at a.a.a.dxs.a(DynamicAreaHost.kt:48)
04-04 14:31:06.209 20904 21088 E NearX.CloudConfig(mdp_1996).R.CloudConfig: 	at com.oplus.nearx.cloudconfig.datasource.b.b(ConfigsUpdateLogic.kt:101)
04-04 14:31:06.209 20904 21088 E NearX.CloudConfig(mdp_1996).R.CloudConfig: 	at com.oplus.nearx.cloudconfig.datasource.b.a(ConfigsUpdateLogic.kt:32)
04-04 14:31:06.209 20904 21088 E NearX.CloudConfig(mdp_1996).R.CloudConfig: 	at com.oplus.nearx.cloudconfig.datasource.b$a.a(ConfigsUpdateLogic.kt:71)
04-04 14:31:06.209 20904 21088 E NearX.CloudConfig(mdp_1996).R.CloudConfig: 	at com.oplus.nearx.cloudconfig.datasource.b$a.call(ConfigsUpdateLogic.kt:32)
04-04 14:31:06.209 20904 21088 E NearX.CloudConfig(mdp_1996).R.CloudConfig: 	at com.oplus.threadtask.d.call(TimeoutCallable.java:40)
04-04 14:31:06.209 20904 21088 E NearX.CloudConfig(mdp_1996).R.CloudConfig: 	at java.util.concurrent.FutureTask.run(FutureTask.java:264)
04-04 14:31:06.209 20904 21088 E NearX.CloudConfig(mdp_1996).R.CloudConfig: 	at java.util.concurrent.ScheduledThreadPoolExecutor$ScheduledFutureTask.run(ScheduledThreadPoolExecutor.java:307)
04-04 14:31:06.209 20904 21088 E NearX.CloudConfig(mdp_1996).R.CloudConfig: 	at java.util.concurrent.ThreadPoolExecutor.runWorker(ThreadPoolExecutor.java:1137)
04-04 14:31:06.209 20904 21088 E NearX.CloudConfig(mdp_1996).R.CloudConfig: 	at java.util.concurrent.ThreadPoolExecutor$Worker.run(ThreadPoolExecutor.java:637)
04-04 14:31:06.209 20904 21088 E NearX.CloudConfig(mdp_1996).R.CloudConfig: 	at java.lang.Thread.run(Thread.java:1012)
04-04 14:31:06.210 21098 21098 E tap.market:rhea: Unknown bits set in runtime_flags: 0x40000000
04-04 14:31:06.210 20904 21088 E NearX.CloudConfig(mdp_1996).R.CloudConfig: multiple points
04-04 14:31:06.210 20904 21088 E NearX.CloudConfig(mdp_1996).R.CloudConfig: java.lang.NumberFormatException: multiple points
04-04 14:31:06.210 20904 21088 E NearX.CloudConfig(mdp_1996).R.CloudConfig: 	at jdk.internal.math.FloatingDecimal.readJavaFormatString(FloatingDecimal.java:1914)
04-04 14:31:06.210 20904 21088 E NearX.CloudConfig(mdp_1996).R.CloudConfig: 	at jdk.internal.math.FloatingDecimal.parseDouble(FloatingDecimal.java:110)
04-04 14:31:06.210 20904 21088 E NearX.CloudConfig(mdp_1996).R.CloudConfig: 	at java.lang.Double.parseDouble(Double.java:543)
04-04 14:31:06.210 20904 21088 E NearX.CloudConfig(mdp_1996).R.CloudConfig: 	at com.oplus.nearx.cloudconfig.util.f.c(Utils.kt:381)
04-04 14:31:06.210 20904 21088 E NearX.CloudConfig(mdp_1996).R.CloudConfig: 	at com.oplus.nearx.cloudconfig.util.f.a(Utils.kt:407)
04-04 14:31:06.210 20904 21088 E NearX.CloudConfig(mdp_1996).R.CloudConfig: 	at com.oplus.nearx.cloudconfig.device.e.a(ApkBuildInfo.kt:68)
04-04 14:31:06.210 20904 21088 E NearX.CloudConfig(mdp_1996).R.CloudConfig: 	at com.oplus.nearx.cloudconfig.datasource.a.a(CheckUpdateRequest.kt:37)
04-04 14:31:06.210 20904 21088 E NearX.CloudConfig(mdp_1996).R.CloudConfig: 	at com.oplus.nearx.cloudconfig.datasource.b.b(ConfigsUpdateLogic.kt:100)
04-04 14:31:06.210 20904 21088 E NearX.CloudConfig(mdp_1996).R.CloudConfig: 	at com.oplus.nearx.cloudconfig.datasource.b.a(ConfigsUpdateLogic.kt:32)
04-04 14:31:06.210 20904 21088 E NearX.CloudConfig(mdp_1996).R.CloudConfig: 	at com.oplus.nearx.cloudconfig.datasource.b$a.a(ConfigsUpdateLogic.kt:71)
04-04 14:31:06.210 20904 21088 E NearX.CloudConfig(mdp_1996).R.CloudConfig: 	at com.oplus.nearx.cloudconfig.datasource.b$a.call(ConfigsUpdateLogic.kt:32)
04-04 14:31:06.210 20904 21088 E NearX.CloudConfig(mdp_1996).R.CloudConfig: 	at com.oplus.threadtask.d.call(TimeoutCallable.java:40)
04-04 14:31:06.210 20904 21088 E NearX.CloudConfig(mdp_1996).R.CloudConfig: 	at java.util.concurrent.FutureTask.run(FutureTask.java:264)
04-04 14:31:06.210 20904 21088 E NearX.CloudConfig(mdp_1996).R.CloudConfig: 	at java.util.concurrent.ScheduledThreadPoolExecutor$ScheduledFutureTask.run(ScheduledThreadPoolExecutor.java:307)
04-04 14:31:06.210 20904 21088 E NearX.CloudConfig(mdp_1996).R.CloudConfig: 	at java.util.concurrent.ThreadPoolExecutor.runWorker(ThreadPoolExecutor.java:1137)
04-04 14:31:06.210 20904 21088 E NearX.CloudConfig(mdp_1996).R.CloudConfig: 	at java.util.concurrent.ThreadPoolExecutor$Worker.run(ThreadPoolExecutor.java:637)
04-04 14:31:06.210 20904 21088 E NearX.CloudConfig(mdp_1996).R.CloudConfig: 	at java.lang.Thread.run(Thread.java:1012)
04-04 14:31:06.214 21098 21098 E tap.market:rhea: Not starting debugger since process cannot load the jdwp agent.
04-04 14:31:06.303  9425  9428 E IHansComunication: HANS printMessageBody: RCV message: type = 4,port = 86870,caller_pid = -1,caller_uid = -1,target_pid = -1,target_uid = 10102,pkg_cmd = -1,rpc = PKG/-1
04-04 14:31:06.471 20904 21041 E VersionUtil: null
04-04 14:31:09.531  2145  4461 E OplusNetworkStatsNative: bpfGetAppPurStatsTotal return 0
04-04 14:31:10.056  6285  6285 E VendorNfcService: changeNfcState: WIRELESS_CHARGING is disable; mIsWirelessCharging: false; mIsReverseChargingSwitchOpen: false
04-04 14:31:15.179  6285  6285 E VendorNfcService: changeNfcState: WIRELESS_CHARGING is disable; mIsWirelessCharging: false; mIsReverseChargingSwitchOpen: false
04-04 14:31:19.540  2145  4461 E OplusNetworkStatsNative: bpfGetAppPurStatsTotal return 0
04-04 14:31:19.872  6033  6059 E horae   : 0: back:37274,frame:38228,front:38621, 7, +(1972), 0 ,37800,41416,40593
04-04 14:31:21.635  9425  9428 E IHansComunication: HANS printMessageBody: RCV message: type = 4,port = 86870,caller_pid = -1,caller_uid = -1,target_pid = -1,target_uid = 10102,pkg_cmd = -1,rpc = PKG/-1
04-04 14:31:22.183 19567 12335 E RemoteGuardClient.DWB.ActivityMonitor: onProcessDied com.heytap.pictorial pid = 20281 uid = 10133
04-04 14:31:26.207  6285  6285 E VendorNfcService: changeNfcState: WIRELESS_CHARGING is disable; mIsWirelessCharging: false; mIsReverseChargingSwitchOpen: false
04-04 14:31:29.545  2145  4461 E OplusNetworkStatsNative: bpfGetAppPurStatsTotal return 0
04-04 14:31:29.952  2145  6177 E OplusCustomizeRestrictionManagerService: isBiometricDisabled start
04-04 14:31:29.952  2145  8626 E OplusCustomizeRestrictionManagerService: isBiometricDisabled start
04-04 14:31:30.169 22087 22147 E OplusFeatureCache: invalid oplus feature oplus.software.game_lightningstart_preload
04-04 14:31:32.075  6285  6285 E VendorNfcService: changeNfcState: WIRELESS_CHARGING is disable; mIsWirelessCharging: false; mIsReverseChargingSwitchOpen: false
04-04 14:31:36.788  9425  9428 E IHansComunication: HANS printMessageBody: RCV message: type = 4,port = 86870,caller_pid = -1,caller_uid = -1,target_pid = -1,target_uid = 10102,pkg_cmd = -1,rpc = PKG/-1
04-04 14:31:37.188  6285  6285 E VendorNfcService: changeNfcState: WIRELESS_CHARGING is disable; mIsWirelessCharging: false; mIsReverseChargingSwitchOpen: false
04-04 14:31:39.553  2145  4461 E OplusNetworkStatsNative: bpfGetAppPurStatsTotal return 0
04-04 14:31:43.071  6285  6285 E VendorNfcService: changeNfcState: WIRELESS_CHARGING is disable; mIsWirelessCharging: false; mIsReverseChargingSwitchOpen: false
04-04 14:31:48.190  6285  6285 E VendorNfcService: changeNfcState: WIRELESS_CHARGING is disable; mIsWirelessCharging: false; mIsReverseChargingSwitchOpen: false
04-04 14:31:48.560  1120  2390 E BinauralRecordAudioHw: adev_binaural_get_parameters: enter in nullptr
04-04 14:31:49.560  2145  4461 E OplusNetworkStatsNative: bpfGetAppPurStatsTotal return 0
04-04 14:31:54.096  6285  6285 E VendorNfcService: changeNfcState: WIRELESS_CHARGING is disable; mIsWirelessCharging: false; mIsReverseChargingSwitchOpen: false
04-04 14:31:54.872  6033  6059 E horae   : 0: back:36667,frame:37609,front:38010, 7, +(1835), 0 ,37200,40695,39845
04-04 14:31:57.250  2145  4388 E OplusRouterBoostNetlinkUtil: sendToKernel invalid message type:5
04-04 14:31:57.250  2145  4388 E OplusRouterBoostNetlinkUtil: sendToKernel invalid message type:3
04-04 14:31:57.251   969 13733 E netd    : dispachCmd:oplusclearuidtoscmd
04-04 14:31:57.383   969 13733 E netd    : oplusClearUidTos uid:10382, tos:200, ifaceName:wlan0, ret:-1
04-04 14:31:57.383   969 13733 E netd    : dispachCmd cmd:oplusclearuidtoscmd  result:success
04-04 14:31:57.387   969 13733 E netd    : dispachCmd:oplusclearuidtoscmd
04-04 14:31:57.514   969 13733 E netd    : oplusClearUidTos uid:10382, tos:184, ifaceName:wlan0, ret:-1
04-04 14:31:57.515   969 13733 E netd    : dispachCmd cmd:oplusclearuidtoscmd  result:success
04-04 14:31:59.569  2145  4461 E OplusNetworkStatsNative: bpfGetAppPurStatsTotal return 0
04-04 14:32:04.441  2145  2368 E PackageManager: ERROR: could not load root hash from incremental install
04-04 14:32:04.572 19567 12335 E RemoteGuardClient.DWB.ActivityMonitor: onProcessDied com.heytap.themestore pid = 4139 uid = 10065
04-04 14:32:04.579  2145  4672 E Athena  : SystemResState:getWallpaperInfo 32 in user 0
04-04 14:32:04.579  2145  4672 E Athena  : java.lang.NoSuchMethodException: android.app.OplusWallpaperManager.getWallpaperInfo [int, int]
04-04 14:32:04.579  2145  4672 E Athena  : 	at java.lang.Class.getMethod(Class.java:2103)
04-04 14:32:04.579  2145  4672 E Athena  : 	at java.lang.Class.getMethod(Class.java:1724)
04-04 14:32:04.579  2145  4672 E Athena  : 	at u4.k.v(SystemResState.java:2)
04-04 14:32:04.579  2145  4672 E Athena  : 	at u4.k.r(SystemResState.java:11)
04-04 14:32:04.579  2145  4672 E Athena  : 	at u4.k.j(SystemResState.java:3)
04-04 14:32:04.579  2145  4672 E Athena  : 	at k4.p0.Q0(ClearAppCare.java:14)
04-04 14:32:04.579  2145  4672 E Athena  : 	at g4.l.v0(MemoryGuardAction.java:1)
04-04 14:32:04.579  2145  4672 E Athena  : 	at r4.o0.t(SystemStateManager.java:1)
04-04 14:32:04.579  2145  4672 E Athena  : 	at p4.b.h(SystemDcsStatistics.java:5)
04-04 14:32:04.579  2145  4672 E Athena  : 	at p4.b.o(SystemDcsStatistics.java:11)
04-04 14:32:04.579  2145  4672 E Athena  : 	at b4.a.b(AthenaAppExitTracker.java:14)
04-04 14:32:04.579  2145  4672 E Athena  : 	at b4.a.m(AthenaAppExitTracker.java:1)
04-04 14:32:04.579  2145  4672 E Athena  : 	at b4.a$e.handleMessage(AthenaAppExitTracker.java:8)
04-04 14:32:04.579  2145  4672 E Athena  : 	at android.os.Handler.dispatchMessage(Handler.java:106)
04-04 14:32:04.579  2145  4672 E Athena  : 	at android.os.Looper.loopOnce(Looper.java:240)
04-04 14:32:04.579  2145  4672 E Athena  : 	at android.os.Looper.loop(Looper.java:351)
04-04 14:32:04.579  2145  4672 E Athena  : 	at android.os.HandlerThread.run(HandlerThread.java:67)
04-04 14:32:04.579  2145  4672 E Athena  : SystemResState:getWallpaperInfo 16 in user 0
04-04 14:32:04.579  2145  4672 E Athena  : java.lang.NoSuchMethodException: android.app.OplusWallpaperManager.getWallpaperInfo [int, int]
04-04 14:32:04.579  2145  4672 E Athena  : 	at java.lang.Class.getMethod(Class.java:2103)
04-04 14:32:04.579  2145  4672 E Athena  : 	at java.lang.Class.getMethod(Class.java:1724)
04-04 14:32:04.579  2145  4672 E Athena  : 	at u4.k.v(SystemResState.java:2)
04-04 14:32:04.579  2145  4672 E Athena  : 	at u4.k.r(SystemResState.java:13)
04-04 14:32:04.579  2145  4672 E Athena  : 	at u4.k.j(SystemResState.java:3)
04-04 14:32:04.579  2145  4672 E Athena  : 	at k4.p0.Q0(ClearAppCare.java:14)
04-04 14:32:04.579  2145  4672 E Athena  : 	at g4.l.v0(MemoryGuardAction.java:1)
04-04 14:32:04.579  2145  4672 E Athena  : 	at r4.o0.t(SystemStateManager.java:1)
04-04 14:32:04.579  2145  4672 E Athena  : 	at p4.b.h(SystemDcsStatistics.java:5)
04-04 14:32:04.579  2145  4672 E Athena  : 	at p4.b.o(SystemDcsStatistics.java:11)
04-04 14:32:04.579  2145  4672 E Athena  : 	at b4.a.b(AthenaAppExitTracker.java:14)
04-04 14:32:04.579  2145  4672 E Athena  : 	at b4.a.m(AthenaAppExitTracker.java:1)
04-04 14:32:04.579  2145  4672 E Athena  : 	at b4.a$e.handleMessage(AthenaAppExitTracker.java:8)
04-04 14:32:04.579  2145  4672 E Athena  : 	at android.os.Handler.dispatchMessage(Handler.java:106)
04-04 14:32:04.579  2145  4672 E Athena  : 	at android.os.Looper.loopOnce(Looper.java:240)
04-04 14:32:04.579  2145  4672 E Athena  : 	at android.os.Looper.loop(Looper.java:351)
04-04 14:32:04.579  2145  4672 E Athena  : 	at android.os.HandlerThread.run(HandlerThread.java:67)
04-04 14:32:05.084  6285  6285 E VendorNfcService: changeNfcState: WIRELESS_CHARGING is disable; mIsWirelessCharging: false; mIsReverseChargingSwitchOpen: false
04-04 14:32:07.646  6285  6285 E VendorNfcService: changeNfcState: WIRELESS_CHARGING is disable; mIsWirelessCharging: false; mIsReverseChargingSwitchOpen: false
04-04 14:32:09.576  2145  4461 E OplusNetworkStatsNative: bpfGetAppPurStatsTotal return 0
04-04 14:32:10.205  6285  6285 E VendorNfcService: changeNfcState: WIRELESS_CHARGING is disable; mIsWirelessCharging: false; mIsReverseChargingSwitchOpen: false
